Archive member included to satisfy reference by file (symbol)

c:/program files (x86)/atmel/studio/7.0/toolchain/avr8/avr8-gnu-toolchain/bin/../lib/gcc/avr/5.4.0/../../../../avr/lib/avr5\libm.a(addsf3.o)
                              Sketch.o (__subsf3)
c:/program files (x86)/atmel/studio/7.0/toolchain/avr8/avr8-gnu-toolchain/bin/../lib/gcc/avr/5.4.0/../../../../avr/lib/avr5\libm.a(addsf3x.o)
                              c:/program files (x86)/atmel/studio/7.0/toolchain/avr8/avr8-gnu-toolchain/bin/../lib/gcc/avr/5.4.0/../../../../avr/lib/avr5\libm.a(addsf3.o) (__addsf3x)
c:/program files (x86)/atmel/studio/7.0/toolchain/avr8/avr8-gnu-toolchain/bin/../lib/gcc/avr/5.4.0/../../../../avr/lib/avr5\libm.a(asin.o)
                              Sketch.o (asin)
c:/program files (x86)/atmel/studio/7.0/toolchain/avr8/avr8-gnu-toolchain/bin/../lib/gcc/avr/5.4.0/../../../../avr/lib/avr5\libm.a(atan2.o)
                              Sketch.o (atan2)
c:/program files (x86)/atmel/studio/7.0/toolchain/avr8/avr8-gnu-toolchain/bin/../lib/gcc/avr/5.4.0/../../../../avr/lib/avr5\libm.a(atan.o)
                              Sketch.o (atan)
c:/program files (x86)/atmel/studio/7.0/toolchain/avr8/avr8-gnu-toolchain/bin/../lib/gcc/avr/5.4.0/../../../../avr/lib/avr5\libm.a(divsf3.o)
                              Sketch.o (__divsf3)
c:/program files (x86)/atmel/studio/7.0/toolchain/avr8/avr8-gnu-toolchain/bin/../lib/gcc/avr/5.4.0/../../../../avr/lib/avr5\libm.a(divsf3x.o)
                              c:/program files (x86)/atmel/studio/7.0/toolchain/avr8/avr8-gnu-toolchain/bin/../lib/gcc/avr/5.4.0/../../../../avr/lib/avr5\libm.a(divsf3.o) (__divsf3x)
c:/program files (x86)/atmel/studio/7.0/toolchain/avr8/avr8-gnu-toolchain/bin/../lib/gcc/avr/5.4.0/../../../../avr/lib/avr5\libm.a(fixsfsi.o)
                              Sketch.o (__fixsfsi)
c:/program files (x86)/atmel/studio/7.0/toolchain/avr8/avr8-gnu-toolchain/bin/../lib/gcc/avr/5.4.0/../../../../avr/lib/avr5\libm.a(fixunssfsi.o)
                              c:/program files (x86)/atmel/studio/7.0/toolchain/avr8/avr8-gnu-toolchain/bin/../lib/gcc/avr/5.4.0/../../../../avr/lib/avr5\libm.a(fixsfsi.o) (__fixunssfsi)
c:/program files (x86)/atmel/studio/7.0/toolchain/avr8/avr8-gnu-toolchain/bin/../lib/gcc/avr/5.4.0/../../../../avr/lib/avr5\libm.a(floatsisf.o)
                              Sketch.o (__floatsisf)
c:/program files (x86)/atmel/studio/7.0/toolchain/avr8/avr8-gnu-toolchain/bin/../lib/gcc/avr/5.4.0/../../../../avr/lib/avr5\libm.a(fp_arccos.o)
                              c:/program files (x86)/atmel/studio/7.0/toolchain/avr8/avr8-gnu-toolchain/bin/../lib/gcc/avr/5.4.0/../../../../avr/lib/avr5\libm.a(asin.o) (__fp_arccos)
c:/program files (x86)/atmel/studio/7.0/toolchain/avr8/avr8-gnu-toolchain/bin/../lib/gcc/avr/5.4.0/../../../../avr/lib/avr5\libm.a(fp_inf.o)
                              c:/program files (x86)/atmel/studio/7.0/toolchain/avr8/avr8-gnu-toolchain/bin/../lib/gcc/avr/5.4.0/../../../../avr/lib/avr5\libm.a(addsf3x.o) (__fp_inf)
c:/program files (x86)/atmel/studio/7.0/toolchain/avr8/avr8-gnu-toolchain/bin/../lib/gcc/avr/5.4.0/../../../../avr/lib/avr5\libm.a(fp_nan.o)
                              c:/program files (x86)/atmel/studio/7.0/toolchain/avr8/avr8-gnu-toolchain/bin/../lib/gcc/avr/5.4.0/../../../../avr/lib/avr5\libm.a(addsf3x.o) (__fp_nan)
c:/program files (x86)/atmel/studio/7.0/toolchain/avr8/avr8-gnu-toolchain/bin/../lib/gcc/avr/5.4.0/../../../../avr/lib/avr5\libm.a(fp_powser.o)
                              c:/program files (x86)/atmel/studio/7.0/toolchain/avr8/avr8-gnu-toolchain/bin/../lib/gcc/avr/5.4.0/../../../../avr/lib/avr5\libm.a(atan.o) (__fp_powser)
c:/program files (x86)/atmel/studio/7.0/toolchain/avr8/avr8-gnu-toolchain/bin/../lib/gcc/avr/5.4.0/../../../../avr/lib/avr5\libm.a(fp_powsodd.o)
                              c:/program files (x86)/atmel/studio/7.0/toolchain/avr8/avr8-gnu-toolchain/bin/../lib/gcc/avr/5.4.0/../../../../avr/lib/avr5\libm.a(asin.o) (__fp_powsodd)
c:/program files (x86)/atmel/studio/7.0/toolchain/avr8/avr8-gnu-toolchain/bin/../lib/gcc/avr/5.4.0/../../../../avr/lib/avr5\libm.a(fp_pscA.o)
                              c:/program files (x86)/atmel/studio/7.0/toolchain/avr8/avr8-gnu-toolchain/bin/../lib/gcc/avr/5.4.0/../../../../avr/lib/avr5\libm.a(addsf3x.o) (__fp_pscA)
c:/program files (x86)/atmel/studio/7.0/toolchain/avr8/avr8-gnu-toolchain/bin/../lib/gcc/avr/5.4.0/../../../../avr/lib/avr5\libm.a(fp_pscB.o)
                              c:/program files (x86)/atmel/studio/7.0/toolchain/avr8/avr8-gnu-toolchain/bin/../lib/gcc/avr/5.4.0/../../../../avr/lib/avr5\libm.a(addsf3x.o) (__fp_pscB)
c:/program files (x86)/atmel/studio/7.0/toolchain/avr8/avr8-gnu-toolchain/bin/../lib/gcc/avr/5.4.0/../../../../avr/lib/avr5\libm.a(fp_round.o)
                              c:/program files (x86)/atmel/studio/7.0/toolchain/avr8/avr8-gnu-toolchain/bin/../lib/gcc/avr/5.4.0/../../../../avr/lib/avr5\libm.a(addsf3.o) (__fp_round)
[...]
Memory Configuration

Name             Origin             Length             Attributes
text             0x00000000         0x00020000         xr
data             0x00800060         0x0000ffa0         rw !x
eeprom           0x00810000         0x00010000         rw !x
fuse             0x00820000         0x00000003         rw !x
lock             0x00830000         0x00000400         rw !x
signature        0x00840000         0x00000400         rw !x
user_signatures  0x00850000         0x00000400         rw !x
*default*        0x00000000         0xffffffff

Linker script and memory map

Address of section .data set to 0x800100
LOAD C:/Program Files (x86)/Atmel/Studio/7.0/Packs/atmel/ATmega_DFP/1.2.132/gcc/dev/atmega328p/avr5/crtatmega328p.o
LOAD I2Cdev.o
LOAD MPU6050.o
LOAD Sketch.o
LOAD src/libraries/Wire/utility/twi.o
LOAD src/libraries/Wire/Wire.o
START GROUP
LOAD c:/program files (x86)/atmel/studio/7.0/toolchain/avr8/avr8-gnu-toolchain/bin/../lib/gcc/avr/5.4.0/../../../../avr/lib/avr5\libm.a
LOAD C:\Users\renzo\Documents\GitHub\Drone-project\MPU5060_Test_2\MPU5060_Test_2\ArduinoCore\Debug\libArduinoCore.a
END GROUP
LOAD c:/program files (x86)/atmel/studio/7.0/toolchain/avr8/avr8-gnu-toolchain/bin/../lib/gcc/avr/5.4.0/avr5\libgcc.a
LOAD c:/program files (x86)/atmel/studio/7.0/toolchain/avr8/avr8-gnu-toolchain/bin/../lib/gcc/avr/5.4.0/../../../../avr/lib/avr5\libm.a
START GROUP
LOAD c:/program files (x86)/atmel/studio/7.0/toolchain/avr8/avr8-gnu-toolchain/bin/../lib/gcc/avr/5.4.0/avr5\libgcc.a
LOAD c:/program files (x86)/atmel/studio/7.0/toolchain/avr8/avr8-gnu-toolchain/bin/../lib/gcc/avr/5.4.0/../../../../avr/lib/avr5\libm.a
LOAD c:/program files (x86)/atmel/studio/7.0/toolchain/avr8/avr8-gnu-toolchain/bin/../lib/gcc/avr/5.4.0/../../../../avr/lib/avr5\libc.a
LOAD C:/Program Files (x86)/Atmel/Studio/7.0/Packs/atmel/ATmega_DFP/1.2.132/gcc/dev/atmega328p/avr5\libatmega328p.a
END GROUP
                0x00020000                __TEXT_REGION_LENGTH__ = DEFINED (__TEXT_REGION_LENGTH__)?__TEXT_REGION_LENGTH__:0x20000
                0x0000ffa0                __DATA_REGION_LENGTH__ = DEFINED (__DATA_REGION_LENGTH__)?__DATA_REGION_LENGTH__:0xffa0
                0x00010000                __EEPROM_REGION_LENGTH__ = DEFINED (__EEPROM_REGION_LENGTH__)?__EEPROM_REGION_LENGTH__:0x10000
                [0x00000003]                __FUSE_REGION_LENGTH__ = DEFINED (__FUSE_REGION_LENGTH__)?__FUSE_REGION_LENGTH__:0x400
                0x00000400                __LOCK_REGION_LENGTH__ = DEFINED (__LOCK_REGION_LENGTH__)?__LOCK_REGION_LENGTH__:0x400
                0x00000400                __SIGNATURE_REGION_LENGTH__ = DEFINED (__SIGNATURE_REGION_LENGTH__)?__SIGNATURE_REGION_LENGTH__:0x400
                0x00000400                __USER_SIGNATURE_REGION_LENGTH__ = DEFINED (__USER_SIGNATURE_REGION_LENGTH__)?__USER_SIGNATURE_REGION_LENGTH__:0x400

.hash
 *(.hash)

.dynsym
 *(.dynsym)

.dynstr
 *(.dynstr)

.gnu.version
 *(.gnu.version)

.gnu.version_d
 *(.gnu.version_d)

.gnu.version_r
 *(.gnu.version_r)

.rel.init
 *(.rel.init)

.rela.init
 *(.rela.init)

.rel.text
 *(.rel.text)
 *(.rel.text.*)
 *(.rel.gnu.linkonce.t*)

.rela.text
 *(.rela.text)
 *(.rela.text.*)
 *(.rela.gnu.linkonce.t*)

.rel.fini
 *(.rel.fini)

.rela.fini
 *(.rela.fini)

.rel.rodata
 *(.rel.rodata)
 *(.rel.rodata.*)
 *(.rel.gnu.linkonce.r*)

.rela.rodata
 *(.rela.rodata)
 *(.rela.rodata.*)
 *(.rela.gnu.linkonce.r*)

.rel.data
 *(.rel.data)
 *(.rel.data.*)
 *(.rel.gnu.linkonce.d*)

.rela.data
 *(.rela.data)
 *(.rela.data.*)
 *(.rela.gnu.linkonce.d*)

.rel.ctors
 *(.rel.ctors)

.rela.ctors
 *(.rela.ctors)

.rel.dtors
 *(.rel.dtors)

.rela.dtors
 *(.rela.dtors)

.rel.got
 *(.rel.got)

.rela.got
 *(.rela.got)

.rel.bss
 *(.rel.bss)

.rela.bss
 *(.rela.bss)

.rel.plt
 *(.rel.plt)

.rela.plt
 *(.rela.plt)

.text           0x00000000     0x4fb8
 *(.vectors)
 .vectors       0x00000000       0x68 C:/Program Files (x86)/Atmel/Studio/7.0/Packs/atmel/ATmega_DFP/1.2.132/gcc/dev/atmega328p/avr5/crtatmega328p.o
                0x00000000                __vector_default
                0x00000000                __vectors
 *(.vectors)
 *(.progmem.gcc*)
 .progmem.gcc_fplib
                0x00000068       0x2d c:/program files (x86)/atmel/studio/7.0/toolchain/avr8/avr8-gnu-toolchain/bin/../lib/gcc/avr/5.4.0/../../../../avr/lib/avr5\libm.a(atan.o)
                0x00000096                . = ALIGN (0x2)
 *fill*         0x00000095        0x1 
                0x00000096                __trampolines_start = .
 *(.trampolines)
 .trampolines   0x00000096        0x0 linker stubs
 *(.trampolines*)
                0x00000096                __trampolines_end = .
 *libprintf_flt.a:*(.progmem.data)
 *libc.a:*(.progmem.data)
 *(.progmem*)
 .progmem.data._ZZ4loopE3__c
                0x00000096        0xf Sketch.o
 .progmem.data._ZZ5setupE3__c_9
                0x000000a5        0x2 Sketch.o
 .progmem.data._ZZ5setupE3__c_8
                0x000000a7       0x21 Sketch.o
 .progmem.data._ZZ5setupE3__c_7
                0x000000c8       0x2a Sketch.o
 .progmem.data._ZZ5setupE3__c_6
                0x000000f2       0x3f Sketch.o
 .progmem.data._ZZ5setupE3__c_5
                0x00000131       0x10 Sketch.o
 .progmem.data._ZZ5setupE3__c_4
                0x00000141       0x14 Sketch.o
 .progmem.data._ZZ5setupE3__c_3
                0x00000155       0x38 Sketch.o
 .progmem.data._ZZ5setupE3__c_2
                0x0000018d       0x1a Sketch.o
 .progmem.data._ZZ5setupE3__c_1
                0x000001a7       0x1e Sketch.o
 .progmem.data._ZZ5setupE3__c_0
                0x000001c5       0x1e Sketch.o
 .progmem.data._ZZ5setupE3__c
                0x000001e3       0x1c Sketch.o
 .progmem.data._ZZN7MPU605013dmpInitializeEvE3__c_66
                0x000001ff       0x25 Sketch.o
 .progmem.data._ZZN7MPU605013dmpInitializeEvE3__c_65
                0x00000224       0x2e Sketch.o
 .progmem.data._ZZN7MPU605013dmpInitializeEvE3__c_64
                0x00000252       0x38 Sketch.o
 .progmem.data._ZZN7MPU605013dmpInitializeEvE3__c_63
                0x0000028a       0x3b Sketch.o
 .progmem.data._ZZN7MPU605013dmpInitializeEvE3__c_62
                0x000002c5       0x28 Sketch.o
 .progmem.data._ZZN7MPU605013dmpInitializeEvE3__c_61
                0x000002ed       0x1c Sketch.o
 .progmem.data._ZZN7MPU605013dmpInitializeEvE3__c_60
                0x00000309       0x36 Sketch.o
 .progmem.data._ZZN7MPU605013dmpInitializeEvE3__c_59
                0x0000033f       0x1a Sketch.o
 .progmem.data._ZZN7MPU605013dmpInitializeEvE3__c_58
                0x00000359       0x1c Sketch.o
 .progmem.data._ZZN7MPU605013dmpInitializeEvE3__c_57
                0x00000375       0x15 Sketch.o
 .progmem.data._ZZN7MPU605013dmpInitializeEvE3__c_56
                0x0000038a       0x14 Sketch.o
 .progmem.data._ZZN7MPU605013dmpInitializeEvE3__c_55
                0x0000039e       0x1e Sketch.o
 .progmem.data._ZZN7MPU605013dmpInitializeEvE3__c_54
                0x000003bc       0x36 Sketch.o
 .progmem.data._ZZN7MPU605013dmpInitializeEvE3__c_53
                0x000003f2       0x1a Sketch.o
 .progmem.data._ZZN7MPU605013dmpInitializeEvE3__c_52
                0x0000040c       0x1c Sketch.o
 .progmem.data._ZZN7MPU605013dmpInitializeEvE3__c_51
                0x00000428       0x15 Sketch.o
 .progmem.data._ZZN7MPU605013dmpInitializeEvE3__c_50
                0x0000043d       0x14 Sketch.o
 .progmem.data._ZZN7MPU605013dmpInitializeEvE3__c_49
                0x00000451       0x1e Sketch.o
 .progmem.data._ZZN7MPU605013dmpInitializeEvE3__c_48
                0x0000046f       0x36 Sketch.o
 .progmem.data._ZZN7MPU605013dmpInitializeEvE3__c_47
                0x000004a5       0x36 Sketch.o
 .progmem.data._ZZN7MPU605013dmpInitializeEvE3__c_46
                0x000004db       0x36 Sketch.o
 .progmem.data._ZZN7MPU605013dmpInitializeEvE3__c_45
                0x00000511       0x11 Sketch.o
 .progmem.data._ZZN7MPU605013dmpInitializeEvE3__c_44
                0x00000522       0x10 Sketch.o
 .progmem.data._ZZN7MPU605013dmpInitializeEvE3__c_43
                0x00000532       0x11 Sketch.o
 .progmem.data._ZZN7MPU605013dmpInitializeEvE3__c_42
                0x00000543       0x12 Sketch.o
 .progmem.data._ZZN7MPU605013dmpInitializeEvE3__c_41
                0x00000555       0x2f Sketch.o
 .progmem.data._ZZN7MPU605013dmpInitializeEvE3__c_40
                0x00000584       0x2b Sketch.o
 .progmem.data._ZZN7MPU605013dmpInitializeEvE3__c_39
                0x000005af       0x32 Sketch.o
 .progmem.data._ZZN7MPU605013dmpInitializeEvE3__c_38
                0x000005e1       0x2b Sketch.o
 .progmem.data._ZZN7MPU605013dmpInitializeEvE3__c_37
                0x0000060c       0x14 Sketch.o
 .progmem.data._ZZN7MPU605013dmpInitializeEvE3__c_36
                0x00000620       0x16 Sketch.o
 .progmem.data._ZZN7MPU605013dmpInitializeEvE3__c_35
                0x00000636       0x12 Sketch.o
 .progmem.data._ZZN7MPU605013dmpInitializeEvE3__c_34
                0x00000648       0x36 Sketch.o
 .progmem.data._ZZN7MPU605013dmpInitializeEvE3__c_33
                0x0000067e       0x36 Sketch.o
 .progmem.data._ZZN7MPU605013dmpInitializeEvE3__c_32
                0x000006b4       0x34 Sketch.o
 .progmem.data._ZZN7MPU605013dmpInitializeEvE3__c_31
                0x000006e8       0x1a Sketch.o
 .progmem.data._ZZN7MPU605013dmpInitializeEvE3__c_30
                0x00000702       0x36 Sketch.o
 .progmem.data._ZZN7MPU605013dmpInitializeEvE3__c_29
                0x00000738       0x30 Sketch.o
 .progmem.data._ZZN7MPU605013dmpInitializeEvE3__c_28
                0x00000768       0x22 Sketch.o
 .progmem.data._ZZN7MPU605013dmpInitializeEvE3__c_27
                0x0000078a       0x30 Sketch.o
 .progmem.data._ZZN7MPU605013dmpInitializeEvE3__c_26
                0x000007ba       0x20 Sketch.o
 .progmem.data._ZZN7MPU605013dmpInitializeEvE3__c_25
                0x000007da       0x31 Sketch.o
 .progmem.data._ZZN7MPU605013dmpInitializeEvE3__c_24
                0x0000080b       0x22 Sketch.o
 .progmem.data._ZZN7MPU605013dmpInitializeEvE3__c_23
                0x0000082d       0x31 Sketch.o
 .progmem.data._ZZN7MPU605013dmpInitializeEvE3__c_22
                0x0000085e       0x16 Sketch.o
 .progmem.data._ZZN7MPU605013dmpInitializeEvE3__c_21
                0x00000874       0x30 Sketch.o
 .progmem.data._ZZN7MPU605013dmpInitializeEvE3__c_20
                0x000008a4       0x28 Sketch.o
 .progmem.data._ZZN7MPU605013dmpInitializeEvE3__c_19
                0x000008cc        0x8 Sketch.o
 .progmem.data._ZZN7MPU605013dmpInitializeEvE3__c_18
                0x000008d4       0x27 Sketch.o
 .progmem.data._ZZN7MPU605013dmpInitializeEvE3__c_17
                0x000008fb       0x20 Sketch.o
 .progmem.data._ZZN7MPU605013dmpInitializeEvE3__c_16
                0x0000091b       0x2a Sketch.o
 .progmem.data._ZZN7MPU605013dmpInitializeEvE3__c_15
                0x00000945       0x1d Sketch.o
 .progmem.data._ZZN7MPU605013dmpInitializeEvE3__c_14
                0x00000962       0x23 Sketch.o
 .progmem.data._ZZN7MPU605013dmpInitializeEvE3__c_13
                0x00000985       0x11 Sketch.o
 .progmem.data._ZZN7MPU605013dmpInitializeEvE3__c_12
                0x00000996       0x11 Sketch.o
 .progmem.data._ZZN7MPU605013dmpInitializeEvE3__c_11
                0x000009a7       0x11 Sketch.o
 .progmem.data._ZZN7MPU605013dmpInitializeEvE3__c_10
                0x000009b8       0x21 Sketch.o
 .progmem.data._ZZN7MPU605013dmpInitializeEvE3__c_9
                0x000009d9        0x9 Sketch.o
 .progmem.data._ZZN7MPU605013dmpInitializeEvE3__c_8
                0x000009e2        0x7 Sketch.o
 .progmem.data._ZZN7MPU605013dmpInitializeEvE3__c_7
                0x000009e9        0xd Sketch.o
 .progmem.data._ZZN7MPU605013dmpInitializeEvE3__c_6
                0x000009f6       0x1f Sketch.o
 .progmem.data._ZZN7MPU605013dmpInitializeEvE3__c_5
                0x00000a15       0x28 Sketch.o
 .progmem.data._ZZN7MPU605013dmpInitializeEvE3__c_4
                0x00000a3d       0x1a Sketch.o
 .progmem.data._ZZN7MPU605013dmpInitializeEvE3__c_3
                0x00000a57       0x1e Sketch.o
 .progmem.data._ZZN7MPU605013dmpInitializeEvE3__c_2
                0x00000a75       0x1b Sketch.o
 .progmem.data._ZZN7MPU605013dmpInitializeEvE3__c_1
                0x00000a90       0x1a Sketch.o
 .progmem.data._ZZN7MPU605013dmpInitializeEvE3__c_0
                0x00000aaa       0x18 Sketch.o
 .progmem.data._ZZN7MPU605013dmpInitializeEvE3__c
                0x00000ac2       0x17 Sketch.o
 .progmem.data._ZL10dmpUpdates
                0x00000ad9       0x2f Sketch.o
 .progmem.data._ZL9dmpConfig
                0x00000b08       0xc0 Sketch.o
 .progmem.data._ZL9dmpMemory
                0x00000bc8      0x789 Sketch.o
 .progmem.data.digital_pin_to_timer_PGM
                0x00001351       0x14 C:\Users\renzo\Documents\GitHub\Drone-project\MPU5060_Test_2\MPU5060_Test_2\ArduinoCore\Debug\libArduinoCore.a(wiring_digital.o)
                0x00001351                digital_pin_to_timer_PGM
 .progmem.data.digital_pin_to_bit_mask_PGM
                0x00001365       0x14 C:\Users\renzo\Documents\GitHub\Drone-project\MPU5060_Test_2\MPU5060_Test_2\ArduinoCore\Debug\libArduinoCore.a(wiring_digital.o)
                0x00001365                digital_pin_to_bit_mask_PGM
 .progmem.data.digital_pin_to_port_PGM
                0x00001379       0x14 C:\Users\renzo\Documents\GitHub\Drone-project\MPU5060_Test_2\MPU5060_Test_2\ArduinoCore\Debug\libArduinoCore.a(wiring_digital.o)
                0x00001379                digital_pin_to_port_PGM
 .progmem.data.port_to_output_PGM
                0x0000138d        0xa C:\Users\renzo\Documents\GitHub\Drone-project\MPU5060_Test_2\MPU5060_Test_2\ArduinoCore\Debug\libArduinoCore.a(wiring_digital.o)
                0x0000138d                port_to_output_PGM
 .progmem.data.port_to_mode_PGM
                0x00001397        0xa C:\Users\renzo\Documents\GitHub\Drone-project\MPU5060_Test_2\MPU5060_Test_2\ArduinoCore\Debug\libArduinoCore.a(wiring_digital.o)
                0x00001397                port_to_mode_PGM
                0x000013a2                . = ALIGN (0x2)
 *fill*         0x000013a1        0x1 
 *(.jumptables)
 *(.jumptables*)
 *(.lowtext)
 *(.lowtext*)
                0x000013a2                __ctors_start = .
 *(.ctors)
 .ctors         0x000013a2        0x2 Sketch.o
 .ctors         0x000013a4        0x2 src/libraries/Wire/Wire.o
 .ctors         0x000013a6        0x2 C:\Users\renzo\Documents\GitHub\Drone-project\MPU5060_Test_2\MPU5060_Test_2\ArduinoCore\Debug\libArduinoCore.a(HardwareSerial0.o)
                0x000013a8                __ctors_end = .
                0x000013a8                __dtors_start = .
 *(.dtors)
                0x000013a8                __dtors_end = .
 SORT(*)(.ctors)
 SORT(*)(.dtors)
 *(.init0)
 .init0         0x000013a8        0x0 C:/Program Files (x86)/Atmel/Studio/7.0/Packs/atmel/ATmega_DFP/1.2.132/gcc/dev/atmega328p/avr5/crtatmega328p.o
                0x000013a8                __init
 *(.init0)
 *(.init1)
 *(.init1)
 *(.init2)
 .init2         0x000013a8        0xc C:/Program Files (x86)/Atmel/Studio/7.0/Packs/atmel/ATmega_DFP/1.2.132/gcc/dev/atmega328p/avr5/crtatmega328p.o
 *(.init2)
 *(.init3)
 *(.init3)
 *(.init4)
 .init4         0x000013b4       0x16 c:/program files (x86)/atmel/studio/7.0/toolchain/avr8/avr8-gnu-toolchain/bin/../lib/gcc/avr/5.4.0/avr5\libgcc.a(_copy_data.o)
                0x000013b4                __do_copy_data
 .init4         0x000013ca       0x10 c:/program files (x86)/atmel/studio/7.0/toolchain/avr8/avr8-gnu-toolchain/bin/../lib/gcc/avr/5.4.0/avr5\libgcc.a(_clear_bss.o)
                0x000013ca                __do_clear_bss
 *(.init4)
 *(.init5)
 *(.init5)
 *(.init6)
 .init6         0x000013da       0x16 c:/program files (x86)/atmel/studio/7.0/toolchain/avr8/avr8-gnu-toolchain/bin/../lib/gcc/avr/5.4.0/avr5\libgcc.a(_ctors.o)
                0x000013da                __do_global_ctors
 *(.init6)
 *(.init7)
 *(.init7)
 *(.init8)
 *(.init8)
 *(.init9)
 .init9         0x000013f0        0x8 C:/Program Files (x86)/Atmel/Studio/7.0/Packs/atmel/ATmega_DFP/1.2.132/gcc/dev/atmega328p/avr5/crtatmega328p.o
 *(.init9)
 *(.text)
 .text          0x000013f8        0x4 C:/Program Files (x86)/Atmel/Studio/7.0/Packs/atmel/ATmega_DFP/1.2.132/gcc/dev/atmega328p/avr5/crtatmega328p.o
                0x000013f8                __vector_22
                0x000013f8                __vector_12
                0x000013f8                __bad_interrupt
                0x000013f8                __vector_6
                0x000013f8                __vector_3
                0x000013f8                __vector_23
                0x000013f8                __vector_25
                0x000013f8                __vector_11
                0x000013f8                __vector_13
                0x000013f8                __vector_17
                0x000013f8                __vector_7
                0x000013f8                __vector_5
                0x000013f8                __vector_4
                0x000013f8                __vector_9
                0x000013f8                __vector_21
                0x000013f8                __vector_15
                0x000013f8                __vector_8
                0x000013f8                __vector_14
                0x000013f8                __vector_10
                0x000013f8                __vector_20
                0x000013fc                . = ALIGN (0x2)
 *(.text.*)
 .text._ZN6I2Cdev10writeBytesEhhhPh
                0x000013fc       0x60 I2Cdev.o
                0x000013fc                _ZN6I2Cdev10writeBytesEhhhPh
 .text._ZN6I2Cdev9writeByteEhhh
                0x0000145c       0x20 I2Cdev.o
                0x0000145c                _ZN6I2Cdev9writeByteEhhh
 .text._ZN6I2Cdev10writeWordsEhhhPj
                0x0000147c       0x7c I2Cdev.o
                0x0000147c                _ZN6I2Cdev10writeWordsEhhhPj
 .text._ZN6I2Cdev9writeWordEhhj
                0x000014f8       0x24 I2Cdev.o
                0x000014f8                _ZN6I2Cdev9writeWordEhhj
 .text._ZN6I2Cdev9readBytesEhhhPhj
                0x0000151c      0x16a I2Cdev.o
                0x0000151c                _ZN6I2Cdev9readBytesEhhhPhj
 .text._ZN6I2Cdev8readByteEhhPhj
                0x00001686       0x14 I2Cdev.o
                0x00001686                _ZN6I2Cdev8readByteEhhPhj
 .text._ZN6I2Cdev7readBitEhhhPhj
                0x0000169a       0x4a I2Cdev.o
                0x0000169a                _ZN6I2Cdev7readBitEhhhPhj
 .text._ZN6I2Cdev8readBitsEhhhhPhj
                0x000016e4       0x7a I2Cdev.o
                0x000016e4                _ZN6I2Cdev8readBitsEhhhhPhj
 .text._ZN6I2Cdev8writeBitEhhhh
                0x0000175e       0x60 I2Cdev.o
                0x0000175e                _ZN6I2Cdev8writeBitEhhhh
 .text._ZN6I2Cdev9writeBitsEhhhhh
                0x000017be       0x94 I2Cdev.o
                0x000017be                _ZN6I2Cdev9writeBitsEhhhhh
 .text._ZN7MPU6050C2Ev
                0x00001852        0x8 MPU6050.o
                0x00001852                _ZN7MPU6050C2Ev
                0x00001852                _ZN7MPU6050C1Ev
 .text._ZN7MPU60507setRateEh
                0x0000185a        0xc MPU6050.o
                0x0000185a                _ZN7MPU60507setRateEh
 .text._ZN7MPU605020setExternalFrameSyncEh
                0x00001866       0x16 MPU6050.o
                0x00001866                _ZN7MPU605020setExternalFrameSyncEh
 .text._ZN7MPU605011setDLPFModeEh
                0x0000187c       0x16 MPU6050.o
                0x0000187c                _ZN7MPU605011setDLPFModeEh
 .text._ZN7MPU605021setFullScaleGyroRangeEh
                0x00001892       0x16 MPU6050.o
                0x00001892                _ZN7MPU605021setFullScaleGyroRangeEh
 .text._ZN7MPU605022setFullScaleAccelRangeEh
                0x000018a8       0x16 MPU6050.o
                0x000018a8                _ZN7MPU605022setFullScaleAccelRangeEh
 .text._ZN7MPU605027setMotionDetectionThresholdEh
                0x000018be        0xc MPU6050.o
                0x000018be                _ZN7MPU605027setMotionDetectionThresholdEh
 .text._ZN7MPU605026setMotionDetectionDurationEh
                0x000018ca        0xc MPU6050.o
                0x000018ca                _ZN7MPU605026setMotionDetectionDurationEh
 .text._ZN7MPU605031setZeroMotionDetectionThresholdEh
                0x000018d6        0xc MPU6050.o
                0x000018d6                _ZN7MPU605031setZeroMotionDetectionThresholdEh
 .text._ZN7MPU605030setZeroMotionDetectionDurationEh
                0x000018e2        0xc MPU6050.o
                0x000018e2                _ZN7MPU605030setZeroMotionDetectionDurationEh
 .text._ZN7MPU605015setSlaveAddressEhh
                0x000018ee       0x16 MPU6050.o
                0x000018ee                _ZN7MPU605015setSlaveAddressEhh
 .text._ZN7MPU605013setIntEnabledEh
                0x00001904        0xc MPU6050.o
                0x00001904                _ZN7MPU605013setIntEnabledEh
 .text._ZN7MPU605012getIntStatusEv
                0x00001910       0x24 MPU6050.o
                0x00001910                _ZN7MPU605012getIntStatusEv
 .text._ZN7MPU605014setFIFOEnabledEb
                0x00001934        0xe MPU6050.o
                0x00001934                _ZN7MPU605014setFIFOEnabledEb
 .text._ZN7MPU605023setI2CMasterModeEnabledEb
                0x00001942        0xe MPU6050.o
                0x00001942                _ZN7MPU605023setI2CMasterModeEnabledEb
 .text._ZN7MPU60509resetFIFOEv
                0x00001950        0xe MPU6050.o
                0x00001950                _ZN7MPU60509resetFIFOEv
 .text._ZN7MPU605014resetI2CMasterEv
                0x0000195e        0xe MPU6050.o
                0x0000195e                _ZN7MPU605014resetI2CMasterEv
 .text._ZN7MPU60505resetEv
                0x0000196c        0xe MPU6050.o
                0x0000196c                _ZN7MPU60505resetEv
 .text._ZN7MPU605015setSleepEnabledEb
                0x0000197a        0xe MPU6050.o
                0x0000197a                _ZN7MPU605015setSleepEnabledEb
 .text._ZN7MPU605014setClockSourceEh
                0x00001988       0x16 MPU6050.o
                0x00001988                _ZN7MPU605014setClockSourceEh
 .text._ZN7MPU605010initializeEv
                0x0000199e       0x28 MPU6050.o
                0x0000199e                _ZN7MPU605010initializeEv
 .text._ZN7MPU605012getFIFOCountEv
                0x000019c6       0x36 MPU6050.o
                0x000019c6                _ZN7MPU605012getFIFOCountEv
 .text._ZN7MPU605012getFIFOBytesEPhh
                0x000019fc       0x1e MPU6050.o
                0x000019fc                _ZN7MPU605012getFIFOBytesEPhh
 .text._ZN7MPU605011getDeviceIDEv
                0x00001a1a       0x38 MPU6050.o
                0x00001a1a                _ZN7MPU605011getDeviceIDEv
 .text._ZN7MPU605014testConnectionEv
                0x00001a52       0x10 MPU6050.o
                0x00001a52                _ZN7MPU605014testConnectionEv
 .text._ZN7MPU605015getOTPBankValidEv
                0x00001a62       0x2e MPU6050.o
                0x00001a62                _ZN7MPU605015getOTPBankValidEv
 .text._ZN7MPU605015setOTPBankValidEb
                0x00001a90        0xe MPU6050.o
                0x00001a90                _ZN7MPU605015setOTPBankValidEb
 .text._ZN7MPU605016getXGyroOffsetTCEv
                0x00001a9e       0x38 MPU6050.o
                0x00001a9e                _ZN7MPU605016getXGyroOffsetTCEv
 .text._ZN7MPU605016setXGyroOffsetTCEa
                0x00001ad6       0x16 MPU6050.o
                0x00001ad6                _ZN7MPU605016setXGyroOffsetTCEa
 .text._ZN7MPU605016getYGyroOffsetTCEv
                0x00001aec       0x38 MPU6050.o
                0x00001aec                _ZN7MPU605016getYGyroOffsetTCEv
 .text._ZN7MPU605016setYGyroOffsetTCEa
                0x00001b24       0x16 MPU6050.o
                0x00001b24                _ZN7MPU605016setYGyroOffsetTCEa
 .text._ZN7MPU605016getZGyroOffsetTCEv
                0x00001b3a       0x38 MPU6050.o
                0x00001b3a                _ZN7MPU605016getZGyroOffsetTCEv
 .text._ZN7MPU605016setZGyroOffsetTCEa
                0x00001b72       0x16 MPU6050.o
                0x00001b72                _ZN7MPU605016setZGyroOffsetTCEa
 .text._ZN7MPU605015setZAccelOffsetEi
                0x00001b88        0xc MPU6050.o
                0x00001b88                _ZN7MPU605015setZAccelOffsetEi
 .text._ZN7MPU605014setXGyroOffsetEi
                0x00001b94        0xc MPU6050.o
                0x00001b94                _ZN7MPU605014setXGyroOffsetEi
 .text._ZN7MPU605014setYGyroOffsetEi
                0x00001ba0        0xc MPU6050.o
                0x00001ba0                _ZN7MPU605014setYGyroOffsetEi
 .text._ZN7MPU605014setZGyroOffsetEi
                0x00001bac        0xc MPU6050.o
                0x00001bac                _ZN7MPU605014setZGyroOffsetEi
 .text._ZN7MPU605013setDMPEnabledEb
                0x00001bb8        0xe MPU6050.o
                0x00001bb8                _ZN7MPU605013setDMPEnabledEb
 .text._ZN7MPU60508resetDMPEv
                0x00001bc6        0xe MPU6050.o
                0x00001bc6                _ZN7MPU60508resetDMPEv
 .text._ZN7MPU605013setMemoryBankEhbb
                0x00001bd4       0x16 MPU6050.o
                0x00001bd4                _ZN7MPU605013setMemoryBankEhbb
 .text._ZN7MPU605021setMemoryStartAddressEh
                0x00001bea        0xc MPU6050.o
                0x00001bea                _ZN7MPU605021setMemoryStartAddressEh
 .text._ZN7MPU605014readMemoryByteEv
                0x00001bf6       0x24 MPU6050.o
                0x00001bf6                _ZN7MPU605014readMemoryByteEv
 .text._ZN7MPU605015readMemoryBlockEPhjhh
                0x00001c1a       0xd2 MPU6050.o
                0x00001c1a                _ZN7MPU605015readMemoryBlockEPhjhh
 .text._ZN7MPU605016writeMemoryBlockEPKhjhhbb
                0x00001cec      0x1c0 MPU6050.o
                0x00001cec                _ZN7MPU605016writeMemoryBlockEPKhjhhbb
 .text._ZN7MPU605020writeProgMemoryBlockEPKhjhhb
                0x00001eac       0x16 MPU6050.o
                0x00001eac                _ZN7MPU605020writeProgMemoryBlockEPKhjhhb
 .text._ZN7MPU605024writeDMPConfigurationSetEPKhjb
                0x00001ec2      0x14c MPU6050.o
                0x00001ec2                _ZN7MPU605024writeDMPConfigurationSetEPKhjb
 .text._ZN7MPU605028writeProgDMPConfigurationSetEPKhj
                0x0000200e        0x6 MPU6050.o
                0x0000200e                _ZN7MPU605028writeProgDMPConfigurationSetEPKhj
 .text._ZN7MPU605013setDMPConfig1Eh
                0x00002014        0xc MPU6050.o
                0x00002014                _ZN7MPU605013setDMPConfig1Eh
 .text._ZN7MPU605013setDMPConfig2Eh
                0x00002020        0xc MPU6050.o
                0x00002020                _ZN7MPU605013setDMPConfig2Eh
 .text._Z12dmpDataReadyv
                0x0000202c        0x8 Sketch.o
                0x0000202c                _Z12dmpDataReadyv
 .text._ZN7MPU605013dmpInitializeEv
                0x00002034      0x902 Sketch.o
                0x00002034                _ZN7MPU605013dmpInitializeEv
 .text._ZN7MPU605016dmpGetQuaternionEPiPKh
                0x00002936       0x70 Sketch.o
                0x00002936                _ZN7MPU605016dmpGetQuaternionEPiPKh
 .text._ZN7MPU605016dmpGetQuaternionEP10QuaternionPKh
                0x000029a6       0xde Sketch.o
                0x000029a6                _ZN7MPU605016dmpGetQuaternionEP10QuaternionPKh
 .text._ZN7MPU605013dmpGetGravityEP11VectorFloatP10Quaternion
                0x00002a84      0x18c Sketch.o
                0x00002a84                _ZN7MPU605013dmpGetGravityEP11VectorFloatP10Quaternion
 .text._ZN7MPU605018dmpGetYawPitchRollEPfP10QuaternionP11VectorFloat
                0x00002c10      0x1e4 Sketch.o
                0x00002c10                _ZN7MPU605018dmpGetYawPitchRollEPfP10QuaternionP11VectorFloat
 .text.loop     0x00002df4      0x1d4 Sketch.o
                0x00002df4                loop
 .text.startup._GLOBAL__sub_I__ZN7MPU605013dmpInitializeEv
                0x00002fc8       0x82 Sketch.o
 .text.setup    0x0000304a      0x186 Sketch.o
                0x0000304a                setup
 .text.twi_init
                0x000031d0       0x3c src/libraries/Wire/utility/twi.o
                0x000031d0                twi_init
 .text.twi_readFrom
                0x0000320c       0x90 src/libraries/Wire/utility/twi.o
                0x0000320c                twi_readFrom
 .text.twi_writeTo
                0x0000329c       0xac src/libraries/Wire/utility/twi.o
                0x0000329c                twi_writeTo
 .text.twi_transmit
                0x00003348       0x32 src/libraries/Wire/utility/twi.o
                0x00003348                twi_transmit
 .text.twi_stop
                0x0000337a       0x14 src/libraries/Wire/utility/twi.o
                0x0000337a                twi_stop
 .text.twi_releaseBus
                0x0000338e        0xc src/libraries/Wire/utility/twi.o
                0x0000338e                twi_releaseBus
 .text.__vector_24
                0x0000339a      0x25a src/libraries/Wire/utility/twi.o
                0x0000339a                __vector_24
 .text._ZN7TwoWire9availableEv
                0x000035f4       0x10 src/libraries/Wire/Wire.o
                0x000035f4                _ZN7TwoWire9availableEv
 .text._ZN7TwoWire4readEv
                0x00003604       0x28 src/libraries/Wire/Wire.o
                0x00003604                _ZN7TwoWire4readEv
 .text._ZN7TwoWire4peekEv
                0x0000362c       0x1e src/libraries/Wire/Wire.o
                0x0000362c                _ZN7TwoWire4peekEv
 .text._ZN7TwoWire5flushEv
                0x0000364a        0x2 src/libraries/Wire/Wire.o
                0x0000364a                _ZN7TwoWire5flushEv
 .text._ZN7TwoWire5writeEPKhj
                0x0000364c       0x5a src/libraries/Wire/Wire.o
                0x0000364c                _ZN7TwoWire5writeEPKhj
 .text._ZN7TwoWire5writeEh
                0x000036a6       0x5e src/libraries/Wire/Wire.o
                0x000036a6                _ZN7TwoWire5writeEh
 .text._ZN7TwoWireC2Ev
                0x00003704       0x20 src/libraries/Wire/Wire.o
                0x00003704                _ZN7TwoWireC1Ev
                0x00003704                _ZN7TwoWireC2Ev
 .text._ZN7TwoWire5beginEv
                0x00003724       0x14 src/libraries/Wire/Wire.o
                0x00003724                _ZN7TwoWire5beginEv
 .text._ZN7TwoWire17beginTransmissionEh
                0x00003738       0x14 src/libraries/Wire/Wire.o
                0x00003738                _ZN7TwoWire17beginTransmissionEh
 .text._ZN7TwoWire15endTransmissionEh
                0x0000374c       0x26 src/libraries/Wire/Wire.o
                0x0000374c                _ZN7TwoWire15endTransmissionEh
 .text._ZN7TwoWire11requestFromEhhmhh
                0x00003772       0xa8 src/libraries/Wire/Wire.o
                0x00003772                _ZN7TwoWire11requestFromEhhmhh
 .text._ZN7TwoWire11requestFromEhhh
                0x0000381a       0x20 src/libraries/Wire/Wire.o
                0x0000381a                _ZN7TwoWire11requestFromEhhh
 .text._ZN7TwoWire11requestFromEhh
                0x0000383a        0x6 src/libraries/Wire/Wire.o
                0x0000383a                _ZN7TwoWire11requestFromEhh
 .text._ZN7TwoWire15endTransmissionEv
                0x00003840        0x6 src/libraries/Wire/Wire.o
                0x00003840                _ZN7TwoWire15endTransmissionEv
 .text.startup._GLOBAL__sub_I__ZN7TwoWire8rxBufferE
                0x00003846        0x8 src/libraries/Wire/Wire.o
 .text.avr-libc.fplib
                0x0000384e        0xe c:/program files (x86)/atmel/studio/7.0/toolchain/avr8/avr8-gnu-toolchain/bin/../lib/gcc/avr/5.4.0/../../../../avr/lib/avr5\libm.a(addsf3.o)
                0x0000384e                __subsf3
                0x00003850                __addsf3
 .text.avr-libc.fplib
                0x0000385c       0xcc c:/program files (x86)/atmel/studio/7.0/toolchain/avr8/avr8-gnu-toolchain/bin/../lib/gcc/avr/5.4.0/../../../../avr/lib/avr5\libm.a(addsf3x.o)
                0x0000387e                __addsf3x
 .text.avr-libc.fplib
                0x00003928       0x86 c:/program files (x86)/atmel/studio/7.0/toolchain/avr8/avr8-gnu-toolchain/bin/../lib/gcc/avr/5.4.0/../../../../avr/lib/avr5\libm.a(atan2.o)
                0x0000394e                atan2
 .text.avr-libc.fplib
                0x000039ae       0x5e c:/program files (x86)/atmel/studio/7.0/toolchain/avr8/avr8-gnu-toolchain/bin/../lib/gcc/avr/5.4.0/../../../../avr/lib/avr5\libm.a(atan.o)
                0x000039ae                atan
 .text.avr-libc.fplib
                0x00003a0c        0x8 c:/program files (x86)/atmel/studio/7.0/toolchain/avr8/avr8-gnu-toolchain/bin/../lib/gcc/avr/5.4.0/../../../../avr/lib/avr5\libm.a(divsf3.o)
                0x00003a0c                __divsf3
 .text.avr-libc.fplib
                0x00003a14       0xdc c:/program files (x86)/atmel/studio/7.0/toolchain/avr8/avr8-gnu-toolchain/bin/../lib/gcc/avr/5.4.0/../../../../avr/lib/avr5\libm.a(divsf3x.o)
                0x00003a34                __divsf3x
                0x00003a3a                __divsf3_pse
 .text.avr-libc.fplib
                0x00003af0        0xe c:/program files (x86)/atmel/studio/7.0/toolchain/avr8/avr8-gnu-toolchain/bin/../lib/gcc/avr/5.4.0/../../../../avr/lib/avr5\libm.a(fixsfsi.o)
                0x00003af0                __fixsfsi
 .text.avr-libc.fplib
                0x00003afe       0x5e c:/program files (x86)/atmel/studio/7.0/toolchain/avr8/avr8-gnu-toolchain/bin/../lib/gcc/avr/5.4.0/../../../../avr/lib/avr5\libm.a(fixunssfsi.o)
                0x00003afe                __fixunssfsi
 .text.avr-libc.fplib
                0x00003b5c       0x7a c:/program files (x86)/atmel/studio/7.0/toolchain/avr8/avr8-gnu-toolchain/bin/../lib/gcc/avr/5.4.0/../../../../avr/lib/avr5\libm.a(floatsisf.o)
                0x00003b5c                __floatunsisf
                0x00003b60                __floatsisf
 .text.avr-libc.fplib
                0x00003bd6        0xc c:/program files (x86)/atmel/studio/7.0/toolchain/avr8/avr8-gnu-toolchain/bin/../lib/gcc/avr/5.4.0/../../../../avr/lib/avr5\libm.a(fp_inf.o)
                0x00003bd6                __fp_inf
 .text.avr-libc.fplib
                0x00003be2        0x6 c:/program files (x86)/atmel/studio/7.0/toolchain/avr8/avr8-gnu-toolchain/bin/../lib/gcc/avr/5.4.0/../../../../avr/lib/avr5\libm.a(fp_nan.o)
                0x00003be2                __fp_nan
 .text.avr-libc.fplib
                0x00003be8       0x4e c:/program files (x86)/atmel/studio/7.0/toolchain/avr8/avr8-gnu-toolchain/bin/../lib/gcc/avr/5.4.0/../../../../avr/lib/avr5\libm.a(fp_powser.o)
                0x00003be8                __fp_powser
 .text.avr-libc.fplib
                0x00003c36        0xe c:/program files (x86)/atmel/studio/7.0/toolchain/avr8/avr8-gnu-toolchain/bin/../lib/gcc/avr/5.4.0/../../../../avr/lib/avr5\libm.a(fp_pscA.o)
                0x00003c36                __fp_pscA
 .text.avr-libc.fplib
                0x00003c44        0xe c:/program files (x86)/atmel/studio/7.0/toolchain/avr8/avr8-gnu-toolchain/bin/../lib/gcc/avr/5.4.0/../../../../avr/lib/avr5\libm.a(fp_pscB.o)
                0x00003c44                __fp_pscB
 .text.avr-libc.fplib
                0x00003c52       0x22 c:/program files (x86)/atmel/studio/7.0/toolchain/avr8/avr8-gnu-toolchain/bin/../lib/gcc/avr/5.4.0/../../../../avr/lib/avr5\libm.a(fp_round.o)
                0x00003c52                __fp_round
 .text.avr-libc.fplib
                0x00003c74       0x44 c:/program files (x86)/atmel/studio/7.0/toolchain/avr8/avr8-gnu-toolchain/bin/../lib/gcc/avr/5.4.0/../../../../avr/lib/avr5\libm.a(fp_split3.o)
                0x00003c74                __fp_split3
                0x00003c84                __fp_splitA
 .text.avr-libc.fplib
                0x00003cb8        0xe c:/program files (x86)/atmel/studio/7.0/toolchain/avr8/avr8-gnu-toolchain/bin/../lib/gcc/avr/5.4.0/../../../../avr/lib/avr5\libm.a(fp_zero.o)
                0x00003cb8                __fp_zero
                0x00003cba                __fp_szero
 .text.avr-libc.fplib
                0x00003cc6       0x10 c:/program files (x86)/atmel/studio/7.0/toolchain/avr8/avr8-gnu-toolchain/bin/../lib/gcc/avr/5.4.0/../../../../avr/lib/avr5\libm.a(inverse.o)
                0x00003cc6                inverse
 .text.avr-libc.fplib
                0x00003cd6        0x8 c:/program files (x86)/atmel/studio/7.0/toolchain/avr8/avr8-gnu-toolchain/bin/../lib/gcc/avr/5.4.0/../../../../avr/lib/avr5\libm.a(mulsf3.o)
                0x00003cd6                __mulsf3
 .text.avr-libc.fplib
                0x00003cde       0xd2 c:/program files (x86)/atmel/studio/7.0/toolchain/avr8/avr8-gnu-toolchain/bin/../lib/gcc/avr/5.4.0/../../../../avr/lib/avr5\libm.a(mulsf3x.o)
                0x00003cfc                __mulsf3x
                0x00003d02                __mulsf3_pse
 .text.avr-libc.fplib
                0x00003db0       0x8c c:/program files (x86)/atmel/studio/7.0/toolchain/avr8/avr8-gnu-toolchain/bin/../lib/gcc/avr/5.4.0/../../../../avr/lib/avr5\libm.a(sqrt.o)
                0x00003dbc                sqrtf
                0x00003dbc                sqrt
 .text.avr-libc.fplib
                0x00003e3c        0x8 c:/program files (x86)/atmel/studio/7.0/toolchain/avr8/avr8-gnu-toolchain/bin/../lib/gcc/avr/5.4.0/../../../../avr/lib/avr5\libm.a(square.o)
                0x00003e3c                square
 .text.avr-libc.fplib
                0x00003e44       0x1c c:/program files (x86)/atmel/studio/7.0/toolchain/avr8/avr8-gnu-toolchain/bin/../lib/gcc/avr/5.4.0/../../../../avr/lib/avr5\libm.a(fp_mpack.o)
                0x00003e44                __fp_mpack
                0x00003e48                __fp_mpack_finite
 .text.avr-libc.fplib
                0x00003e60        0xe c:/program files (x86)/atmel/studio/7.0/toolchain/avr8/avr8-gnu-toolchain/bin/../lib/gcc/avr/5.4.0/../../../../avr/lib/avr5\libm.a(fp_norm2.o)
                0x00003e60                __fp_norm2
 .text._ZN14HardwareSerial9availableEv
                0x00003e6e       0x18 C:\Users\renzo\Documents\GitHub\Drone-project\MPU5060_Test_2\MPU5060_Test_2\ArduinoCore\Debug\libArduinoCore.a(HardwareSerial.o)
                0x00003e6e                _ZN14HardwareSerial9availableEv
 .text._ZN14HardwareSerial4peekEv
                0x00003e86       0x1c C:\Users\renzo\Documents\GitHub\Drone-project\MPU5060_Test_2\MPU5060_Test_2\ArduinoCore\Debug\libArduinoCore.a(HardwareSerial.o)
                0x00003e86                _ZN14HardwareSerial4peekEv
 .text._ZN14HardwareSerial4readEv
                0x00003ea2       0x28 C:\Users\renzo\Documents\GitHub\Drone-project\MPU5060_Test_2\MPU5060_Test_2\ArduinoCore\Debug\libArduinoCore.a(HardwareSerial.o)
                0x00003ea2                _ZN14HardwareSerial4readEv
 .text._Z14serialEventRunv
                0x00003eca       0x1c C:\Users\renzo\Documents\GitHub\Drone-project\MPU5060_Test_2\MPU5060_Test_2\ArduinoCore\Debug\libArduinoCore.a(HardwareSerial.o)
                0x00003eca                _Z14serialEventRunv
 .text._ZN14HardwareSerial17_tx_udr_empty_irqEv
                0x00003ee6       0x42 C:\Users\renzo\Documents\GitHub\Drone-project\MPU5060_Test_2\MPU5060_Test_2\ArduinoCore\Debug\libArduinoCore.a(HardwareSerial.o)
                0x00003ee6                _ZN14HardwareSerial17_tx_udr_empty_irqEv
 .text._ZN14HardwareSerial5writeEh
                0x00003f28       0x8e C:\Users\renzo\Documents\GitHub\Drone-project\MPU5060_Test_2\MPU5060_Test_2\ArduinoCore\Debug\libArduinoCore.a(HardwareSerial.o)
                0x00003f28                _ZN14HardwareSerial5writeEh
 .text._ZN14HardwareSerial5flushEv
                0x00003fb6       0x44 C:\Users\renzo\Documents\GitHub\Drone-project\MPU5060_Test_2\MPU5060_Test_2\ArduinoCore\Debug\libArduinoCore.a(HardwareSerial.o)
                0x00003fb6                _ZN14HardwareSerial5flushEv
 .text._ZN14HardwareSerial5beginEmh
                0x00003ffa       0xca C:\Users\renzo\Documents\GitHub\Drone-project\MPU5060_Test_2\MPU5060_Test_2\ArduinoCore\Debug\libArduinoCore.a(HardwareSerial.o)
                0x00003ffa                _ZN14HardwareSerial5beginEmh
 .text.__vector_18
                0x000040c4       0x64 C:\Users\renzo\Documents\GitHub\Drone-project\MPU5060_Test_2\MPU5060_Test_2\ArduinoCore\Debug\libArduinoCore.a(HardwareSerial0.o)
                0x000040c4                __vector_18
 .text.__vector_19
                0x00004128       0x4c C:\Users\renzo\Documents\GitHub\Drone-project\MPU5060_Test_2\MPU5060_Test_2\ArduinoCore\Debug\libArduinoCore.a(HardwareSerial0.o)
                0x00004128                __vector_19
 .text._Z17Serial0_availablev
                0x00004174       0x14 C:\Users\renzo\Documents\GitHub\Drone-project\MPU5060_Test_2\MPU5060_Test_2\ArduinoCore\Debug\libArduinoCore.a(HardwareSerial0.o)
                0x00004174                _Z17Serial0_availablev
 .text.startup._GLOBAL__sub_I___vector_18
                0x00004188       0x5a C:\Users\renzo\Documents\GitHub\Drone-project\MPU5060_Test_2\MPU5060_Test_2\ArduinoCore\Debug\libArduinoCore.a(HardwareSerial0.o)
 .text.initVariant
                0x000041e2        0x2 C:\Users\renzo\Documents\GitHub\Drone-project\MPU5060_Test_2\MPU5060_Test_2\ArduinoCore\Debug\libArduinoCore.a(main.o)
                0x000041e2                initVariant
 .text.startup.main
                0x000041e4       0x1e C:\Users\renzo\Documents\GitHub\Drone-project\MPU5060_Test_2\MPU5060_Test_2\ArduinoCore\Debug\libArduinoCore.a(main.o)
                0x000041e4                main
 .text._ZN5Print5writeEPKhj
                0x00004202       0x54 C:\Users\renzo\Documents\GitHub\Drone-project\MPU5060_Test_2\MPU5060_Test_2\ArduinoCore\Debug\libArduinoCore.a(Print.o)
                0x00004202                _ZN5Print5writeEPKhj
 .text._ZN5Print5writeEPKc
                0x00004256       0x2a C:\Users\renzo\Documents\GitHub\Drone-project\MPU5060_Test_2\MPU5060_Test_2\ArduinoCore\Debug\libArduinoCore.a(Print.o)
                0x00004256                _ZN5Print5writeEPKc
 .text._ZN5Print5printEPK19__FlashStringHelper
                0x00004280       0x48 C:\Users\renzo\Documents\GitHub\Drone-project\MPU5060_Test_2\MPU5060_Test_2\ArduinoCore\Debug\libArduinoCore.a(Print.o)
                0x00004280                _ZN5Print5printEPK19__FlashStringHelper
 .text._ZN5Print5printEPKc
                0x000042c8        0x4 C:\Users\renzo\Documents\GitHub\Drone-project\MPU5060_Test_2\MPU5060_Test_2\ArduinoCore\Debug\libArduinoCore.a(Print.o)
                0x000042c8                _ZN5Print5printEPKc
 .text._ZN5Print5printEc
                0x000042cc        0xe C:\Users\renzo\Documents\GitHub\Drone-project\MPU5060_Test_2\MPU5060_Test_2\ArduinoCore\Debug\libArduinoCore.a(Print.o)
                0x000042cc                _ZN5Print5printEc
 .text._ZN5Print7printlnEv
                0x000042da        0x8 C:\Users\renzo\Documents\GitHub\Drone-project\MPU5060_Test_2\MPU5060_Test_2\ArduinoCore\Debug\libArduinoCore.a(Print.o)
                0x000042da                _ZN5Print7printlnEv
 .text._ZN5Print7printlnEPK19__FlashStringHelper
                0x000042e2       0x24 C:\Users\renzo\Documents\GitHub\Drone-project\MPU5060_Test_2\MPU5060_Test_2\ArduinoCore\Debug\libArduinoCore.a(Print.o)
                0x000042e2                _ZN5Print7printlnEPK19__FlashStringHelper
 .text._ZN5Print11printNumberEmh
                0x00004306       0xac C:\Users\renzo\Documents\GitHub\Drone-project\MPU5060_Test_2\MPU5060_Test_2\ArduinoCore\Debug\libArduinoCore.a(Print.o)
                0x00004306                _ZN5Print11printNumberEmh
 .text._ZN5Print5printEmi
                0x000043b2       0x1a C:\Users\renzo\Documents\GitHub\Drone-project\MPU5060_Test_2\MPU5060_Test_2\ArduinoCore\Debug\libArduinoCore.a(Print.o)
                0x000043b2                _ZN5Print5printEmi
 .text._ZN5Print5printEhi
                0x000043cc        0xe C:\Users\renzo\Documents\GitHub\Drone-project\MPU5060_Test_2\MPU5060_Test_2\ArduinoCore\Debug\libArduinoCore.a(Print.o)
                0x000043cc                _ZN5Print5printEhi
 .text._ZN5Print7printlnEhi
                0x000043da       0x24 C:\Users\renzo\Documents\GitHub\Drone-project\MPU5060_Test_2\MPU5060_Test_2\ArduinoCore\Debug\libArduinoCore.a(Print.o)
                0x000043da                _ZN5Print7printlnEhi
 .text._ZN5Print5printEji
                0x000043fe        0xc C:\Users\renzo\Documents\GitHub\Drone-project\MPU5060_Test_2\MPU5060_Test_2\ArduinoCore\Debug\libArduinoCore.a(Print.o)
                0x000043fe                _ZN5Print5printEji
 .text._ZN5Print7printlnEji
                0x0000440a       0x24 C:\Users\renzo\Documents\GitHub\Drone-project\MPU5060_Test_2\MPU5060_Test_2\ArduinoCore\Debug\libArduinoCore.a(Print.o)
                0x0000440a                _ZN5Print7printlnEji
 .text._ZN5Print5printEli
                0x0000442e       0x90 C:\Users\renzo\Documents\GitHub\Drone-project\MPU5060_Test_2\MPU5060_Test_2\ArduinoCore\Debug\libArduinoCore.a(Print.o)
                0x0000442e                _ZN5Print5printEli
 .text._ZN5Print5printEii
                0x000044be        0xe C:\Users\renzo\Documents\GitHub\Drone-project\MPU5060_Test_2\MPU5060_Test_2\ArduinoCore\Debug\libArduinoCore.a(Print.o)
                0x000044be                _ZN5Print5printEii
 .text._ZN5Print7printlnEii
                0x000044cc       0x24 C:\Users\renzo\Documents\GitHub\Drone-project\MPU5060_Test_2\MPU5060_Test_2\ArduinoCore\Debug\libArduinoCore.a(Print.o)
                0x000044cc                _ZN5Print7printlnEii
 .text._ZN5Print10printFloatEdh
                0x000044f0      0x1ba C:\Users\renzo\Documents\GitHub\Drone-project\MPU5060_Test_2\MPU5060_Test_2\ArduinoCore\Debug\libArduinoCore.a(Print.o)
                0x000044f0                _ZN5Print10printFloatEdh
 .text._ZN5Print5printEdi
                0x000046aa        0x4 C:\Users\renzo\Documents\GitHub\Drone-project\MPU5060_Test_2\MPU5060_Test_2\ArduinoCore\Debug\libArduinoCore.a(Print.o)
                0x000046aa                _ZN5Print5printEdi
 .text._ZN5Print7printlnEdi
                0x000046ae       0x24 C:\Users\renzo\Documents\GitHub\Drone-project\MPU5060_Test_2\MPU5060_Test_2\ArduinoCore\Debug\libArduinoCore.a(Print.o)
                0x000046ae                _ZN5Print7printlnEdi
 .text.nothing  0x000046d2        0x2 C:\Users\renzo\Documents\GitHub\Drone-project\MPU5060_Test_2\MPU5060_Test_2\ArduinoCore\Debug\libArduinoCore.a(WInterrupts.o)
 .text.attachInterrupt
                0x000046d4       0x40 C:\Users\renzo\Documents\GitHub\Drone-project\MPU5060_Test_2\MPU5060_Test_2\ArduinoCore\Debug\libArduinoCore.a(WInterrupts.o)
                0x000046d4                attachInterrupt
 .text.__vector_1
                0x00004714       0x4e C:\Users\renzo\Documents\GitHub\Drone-project\MPU5060_Test_2\MPU5060_Test_2\ArduinoCore\Debug\libArduinoCore.a(WInterrupts.o)
                0x00004714                __vector_1
 .text.__vector_2
                0x00004762       0x4e C:\Users\renzo\Documents\GitHub\Drone-project\MPU5060_Test_2\MPU5060_Test_2\ArduinoCore\Debug\libArduinoCore.a(WInterrupts.o)
                0x00004762                __vector_2
 .text.__vector_16
                0x000047b0       0x94 C:\Users\renzo\Documents\GitHub\Drone-project\MPU5060_Test_2\MPU5060_Test_2\ArduinoCore\Debug\libArduinoCore.a(wiring.o)
                0x000047b0                __vector_16
 .text.millis   0x00004844       0x18 C:\Users\renzo\Documents\GitHub\Drone-project\MPU5060_Test_2\MPU5060_Test_2\ArduinoCore\Debug\libArduinoCore.a(wiring.o)
                0x00004844                millis
 .text.micros   0x0000485c       0x4a C:\Users\renzo\Documents\GitHub\Drone-project\MPU5060_Test_2\MPU5060_Test_2\ArduinoCore\Debug\libArduinoCore.a(wiring.o)
                0x0000485c                micros
 .text.delay    0x000048a6       0x50 C:\Users\renzo\Documents\GitHub\Drone-project\MPU5060_Test_2\MPU5060_Test_2\ArduinoCore\Debug\libArduinoCore.a(wiring.o)
                0x000048a6                delay
 .text.init     0x000048f6       0x76 C:\Users\renzo\Documents\GitHub\Drone-project\MPU5060_Test_2\MPU5060_Test_2\ArduinoCore\Debug\libArduinoCore.a(wiring.o)
                0x000048f6                init
 .text.turnOffPWM
                0x0000496c       0x52 C:\Users\renzo\Documents\GitHub\Drone-project\MPU5060_Test_2\MPU5060_Test_2\ArduinoCore\Debug\libArduinoCore.a(wiring_digital.o)
 .text.pinMode  0x000049be       0x78 C:\Users\renzo\Documents\GitHub\Drone-project\MPU5060_Test_2\MPU5060_Test_2\ArduinoCore\Debug\libArduinoCore.a(wiring_digital.o)
                0x000049be                pinMode
 .text.digitalWrite
                0x00004a36       0x5e C:\Users\renzo\Documents\GitHub\Drone-project\MPU5060_Test_2\MPU5060_Test_2\ArduinoCore\Debug\libArduinoCore.a(wiring_digital.o)
                0x00004a36                digitalWrite
 .text.__empty  0x00004a94        0x2 C:\Users\renzo\Documents\GitHub\Drone-project\MPU5060_Test_2\MPU5060_Test_2\ArduinoCore\Debug\libArduinoCore.a(hooks.o)
                0x00004a94                yield
 .text.avr-libc.fplib
                0x00004a96        0xa c:/program files (x86)/atmel/studio/7.0/toolchain/avr8/avr8-gnu-toolchain/bin/../lib/gcc/avr/5.4.0/../../../../avr/lib/avr5\libm.a(cmpsf2.o)
                0x00004a96                __nesf2
                0x00004a96                __eqsf2
                0x00004a96                __cmpsf2
                0x00004a96                __ltsf2
                0x00004a96                __lesf2
 .text.avr-libc.fplib
                0x00004aa0       0x48 c:/program files (x86)/atmel/studio/7.0/toolchain/avr8/avr8-gnu-toolchain/bin/../lib/gcc/avr/5.4.0/../../../../avr/lib/avr5\libm.a(fp_cmp.o)
                0x00004aa0                __fp_cmp
 .text.avr-libc.fplib
                0x00004ae8        0xa c:/program files (x86)/atmel/studio/7.0/toolchain/avr8/avr8-gnu-toolchain/bin/../lib/gcc/avr/5.4.0/../../../../avr/lib/avr5\libm.a(gesf2.o)
                0x00004ae8                __gesf2
                0x00004ae8                __gtsf2
 .text.avr-libc.fplib
                0x00004af2        0xa c:/program files (x86)/atmel/studio/7.0/toolchain/avr8/avr8-gnu-toolchain/bin/../lib/gcc/avr/5.4.0/../../../../avr/lib/avr5\libm.a(unordsf2.o)
                0x00004af2                __unordsf2
 .text.libgcc.div
                0x00004afc       0x44 c:/program files (x86)/atmel/studio/7.0/toolchain/avr8/avr8-gnu-toolchain/bin/../lib/gcc/avr/5.4.0/avr5\libgcc.a(_udivmodsi4.o)
                0x00004afc                __udivmodsi4
 .text.libgcc   0x00004b40        0xc c:/program files (x86)/atmel/studio/7.0/toolchain/avr8/avr8-gnu-toolchain/bin/../lib/gcc/avr/5.4.0/avr5\libgcc.a(_tablejump2.o)
                0x00004b40                __tablejump2__
 .text.avr-libc
                0x00004b4c      0x242 c:/program files (x86)/atmel/studio/7.0/toolchain/avr8/avr8-gnu-toolchain/bin/../lib/gcc/avr/5.4.0/../../../../avr/lib/avr5\libc.a(malloc.o)
                0x00004b4c                malloc
                0x00004c7c                free
 .text.avr-libc
                0x00004d8e      0x18c c:/program files (x86)/atmel/studio/7.0/toolchain/avr8/avr8-gnu-toolchain/bin/../lib/gcc/avr/5.4.0/../../../../avr/lib/avr5\libc.a(realloc.o)
                0x00004d8e                realloc
 .text.avr-libc
                0x00004f1a       0x1a c:/program files (x86)/atmel/studio/7.0/toolchain/avr8/avr8-gnu-toolchain/bin/../lib/gcc/avr/5.4.0/../../../../avr/lib/avr5\libc.a(memcmp.o)
                0x00004f1a                memcmp
 .text.avr-libc
                0x00004f34       0x12 c:/program files (x86)/atmel/studio/7.0/toolchain/avr8/avr8-gnu-toolchain/bin/../lib/gcc/avr/5.4.0/../../../../avr/lib/avr5\libc.a(memcpy.o)
                0x00004f34                memcpy
 .text.libgcc.prologue
                0x00004f46       0x38 c:/program files (x86)/atmel/studio/7.0/toolchain/avr8/avr8-gnu-toolchain/bin/../lib/gcc/avr/5.4.0/avr5\libgcc.a(_prologue.o)
                0x00004f46                __prologue_saves__
 .text.libgcc.prologue
                0x00004f7e       0x36 c:/program files (x86)/atmel/studio/7.0/toolchain/avr8/avr8-gnu-toolchain/bin/../lib/gcc/avr/5.4.0/avr5\libgcc.a(_epilogue.o)
                0x00004f7e                __epilogue_restores__
                0x00004fb4                . = ALIGN (0x2)
 *(.fini9)
 .fini9         0x00004fb4        0x0 c:/program files (x86)/atmel/studio/7.0/toolchain/avr8/avr8-gnu-toolchain/bin/../lib/gcc/avr/5.4.0/avr5\libgcc.a(_exit.o)
                0x00004fb4                _exit
                0x00004fb4                exit
 *(.fini9)
 *(.fini8)
 *(.fini8)
 *(.fini7)
 *(.fini7)
 *(.fini6)
 *(.fini6)
 *(.fini5)
 *(.fini5)
 *(.fini4)
 *(.fini4)
 *(.fini3)
 *(.fini3)
 *(.fini2)
 *(.fini2)
 *(.fini1)
 *(.fini1)
 *(.fini0)
 .fini0         0x00004fb4        0x4 c:/program files (x86)/atmel/studio/7.0/toolchain/avr8/avr8-gnu-toolchain/bin/../lib/gcc/avr/5.4.0/avr5\libgcc.a(_exit.o)
 *(.fini0)
                0x00004fb8                _etext = .

.data           0x00800100       0x42 load address 0x00004fb8
                0x00800100                PROVIDE (__data_start, .)
 *(.data)
 .data          0x00800100        0x6 c:/program files (x86)/atmel/studio/7.0/toolchain/avr8/avr8-gnu-toolchain/bin/../lib/gcc/avr/5.4.0/../../../../avr/lib/avr5\libc.a(malloc.o)
                0x00800100                __malloc_heap_end
                0x00800102                __malloc_heap_start
                0x00800104                __malloc_margin
 *(.data*)
 .data._ZN6I2Cdev11readTimeoutE
                0x00800106        0x2 I2Cdev.o
                0x00800106                _ZN6I2Cdev11readTimeoutE
 .data.intFunc  0x00800108        0x4 C:\Users\renzo\Documents\GitHub\Drone-project\MPU5060_Test_2\MPU5060_Test_2\ArduinoCore\Debug\libArduinoCore.a(WInterrupts.o)
 *(.rodata)
 *(.rodata*)
 .rodata.str1.1
                0x0080010c        0x5 Sketch.o
                                  0x7 (size before relaxing)
 .rodata._ZTV7TwoWire
                0x00800111       0x10 src/libraries/Wire/Wire.o
                0x00800111                _ZTV7TwoWire
 .rodata._ZTV14HardwareSerial
                0x00800121       0x10 C:\Users\renzo\Documents\GitHub\Drone-project\MPU5060_Test_2\MPU5060_Test_2\ArduinoCore\Debug\libArduinoCore.a(HardwareSerial.o)
                0x00800121                _ZTV14HardwareSerial
 .rodata.str1.1
                0x00800131       0x11 C:\Users\renzo\Documents\GitHub\Drone-project\MPU5060_Test_2\MPU5060_Test_2\ArduinoCore\Debug\libArduinoCore.a(Print.o)
 *(.gnu.linkonce.d*)
                0x00800142                . = ALIGN (0x2)
                0x00800142                _edata = .
                0x00800142                PROVIDE (__data_end, .)

.bss            0x00800142      0x200
                0x00800142                PROVIDE (__bss_start, .)
 *(.bss)
 *(.bss*)
 .bss.mpuInterrupt
                0x00800142        0x1 Sketch.o
                0x00800142                mpuInterrupt
 .bss.ypr       0x00800143        0xc Sketch.o
                0x00800143                ypr
 .bss.gravity   0x0080014f        0xc Sketch.o
                0x0080014f                gravity
 .bss.aaWorld   0x0080015b        0x6 Sketch.o
                0x0080015b                aaWorld
 .bss.aaReal    0x00800161        0x6 Sketch.o
                0x00800161                aaReal
 .bss.aa        0x00800167        0x6 Sketch.o
                0x00800167                aa
 .bss.q         0x0080016d       0x10 Sketch.o
                0x0080016d                q
 .bss.fifoBuffer
                0x0080017d       0x40 Sketch.o
                0x0080017d                fifoBuffer
 .bss.fifoCount
                0x008001bd        0x2 Sketch.o
                0x008001bd                fifoCount
 .bss.packetSize
                0x008001bf        0x2 Sketch.o
                0x008001bf                packetSize
 .bss.devStatus
                0x008001c1        0x1 Sketch.o
                0x008001c1                devStatus
 .bss.mpuIntStatus
                0x008001c2        0x1 Sketch.o
                0x008001c2                mpuIntStatus
 .bss.dmpReady  0x008001c3        0x1 Sketch.o
                0x008001c3                dmpReady
 .bss.blinkState
                0x008001c4        0x1 Sketch.o
                0x008001c4                blinkState
 .bss.mpu       0x008001c5       0x13 Sketch.o
                0x008001c5                mpu
 .bss.twi_error
                0x008001d8        0x1 src/libraries/Wire/utility/twi.o
 .bss.twi_rxBufferIndex
                0x008001d9        0x1 src/libraries/Wire/utility/twi.o
 .bss.twi_rxBuffer
                0x008001da       0x20 src/libraries/Wire/utility/twi.o
 .bss.twi_txBufferLength
                0x008001fa        0x1 src/libraries/Wire/utility/twi.o
 .bss.twi_txBufferIndex
                0x008001fb        0x1 src/libraries/Wire/utility/twi.o
 .bss.twi_txBuffer
                0x008001fc       0x20 src/libraries/Wire/utility/twi.o
 .bss.twi_masterBufferLength
                0x0080021c        0x1 src/libraries/Wire/utility/twi.o
 .bss.twi_masterBufferIndex
                0x0080021d        0x1 src/libraries/Wire/utility/twi.o
 .bss.twi_masterBuffer
                0x0080021e       0x20 src/libraries/Wire/utility/twi.o
 .bss.twi_onSlaveReceive
                0x0080023e        0x2 src/libraries/Wire/utility/twi.o
 .bss.twi_onSlaveTransmit
                0x00800240        0x2 src/libraries/Wire/utility/twi.o
 .bss.twi_inRepStart
                0x00800242        0x1 src/libraries/Wire/utility/twi.o
 .bss.twi_sendStop
                0x00800243        0x1 src/libraries/Wire/utility/twi.o
 .bss.twi_slarw
                0x00800244        0x1 src/libraries/Wire/utility/twi.o
 .bss.twi_state
                0x00800245        0x1 src/libraries/Wire/utility/twi.o
 .bss.Wire      0x00800246        0xc src/libraries/Wire/Wire.o
                0x00800246                Wire
 .bss._ZN7TwoWire12transmittingE
                0x00800252        0x1 src/libraries/Wire/Wire.o
                0x00800252                _ZN7TwoWire12transmittingE
 .bss._ZN7TwoWire14txBufferLengthE
                0x00800253        0x1 src/libraries/Wire/Wire.o
                0x00800253                _ZN7TwoWire14txBufferLengthE
 .bss._ZN7TwoWire13txBufferIndexE
                0x00800254        0x1 src/libraries/Wire/Wire.o
                0x00800254                _ZN7TwoWire13txBufferIndexE
 .bss._ZN7TwoWire8txBufferE
                0x00800255       0x20 src/libraries/Wire/Wire.o
                0x00800255                _ZN7TwoWire8txBufferE
 .bss._ZN7TwoWire9txAddressE
                0x00800275        0x1 src/libraries/Wire/Wire.o
                0x00800275                _ZN7TwoWire9txAddressE
 .bss._ZN7TwoWire14rxBufferLengthE
                0x00800276        0x1 src/libraries/Wire/Wire.o
                0x00800276                _ZN7TwoWire14rxBufferLengthE
 .bss._ZN7TwoWire13rxBufferIndexE
                0x00800277        0x1 src/libraries/Wire/Wire.o
                0x00800277                _ZN7TwoWire13rxBufferIndexE
 .bss._ZN7TwoWire8rxBufferE
                0x00800278       0x20 src/libraries/Wire/Wire.o
                0x00800278                _ZN7TwoWire8rxBufferE
 .bss.Serial    0x00800298       0x9d C:\Users\renzo\Documents\GitHub\Drone-project\MPU5060_Test_2\MPU5060_Test_2\ArduinoCore\Debug\libArduinoCore.a(HardwareSerial0.o)
                0x00800298                Serial
 .bss.timer0_fract
                0x00800335        0x1 C:\Users\renzo\Documents\GitHub\Drone-project\MPU5060_Test_2\MPU5060_Test_2\ArduinoCore\Debug\libArduinoCore.a(wiring.o)
 .bss.timer0_millis
                0x00800336        0x4 C:\Users\renzo\Documents\GitHub\Drone-project\MPU5060_Test_2\MPU5060_Test_2\ArduinoCore\Debug\libArduinoCore.a(wiring.o)
                0x00800336                timer0_millis
 .bss.timer0_overflow_count
                0x0080033a        0x4 C:\Users\renzo\Documents\GitHub\Drone-project\MPU5060_Test_2\MPU5060_Test_2\ArduinoCore\Debug\libArduinoCore.a(wiring.o)
                0x0080033a                timer0_overflow_count
 *(COMMON)
 COMMON         0x0080033e        0x4 c:/program files (x86)/atmel/studio/7.0/toolchain/avr8/avr8-gnu-toolchain/bin/../lib/gcc/avr/5.4.0/../../../../avr/lib/avr5\libc.a(malloc.o)
                0x0080033e                __brkval
                0x00800340                __flp
                0x00800342                PROVIDE (__bss_end, .)
                0x00004fb8                __data_load_start = LOADADDR (.data)
                0x00004ffa                __data_load_end = (__data_load_start + SIZEOF (.data))

.noinit         0x00800342        0x0
                [!provide]                PROVIDE (__noinit_start, .)
 *(.noinit*)
                [!provide]                PROVIDE (__noinit_end, .)
                0x00800342                _end = .
                0x00800342                PROVIDE (__heap_start, .)

.eeprom         0x00810000        0x0
 *(.eeprom*)
                0x00810000                __eeprom_end = .

.fuse
 *(.fuse)
 *(.lfuse)
 *(.hfuse)
 *(.efuse)

.lock
 *(.lock*)

.signature
 *(.signature*)

.user_signatures
 *(.user_signatures*)

.stab
 *(.stab)

.stabstr
 *(.stabstr)

.stab.excl
 *(.stab.excl)

.stab.exclstr
 *(.stab.exclstr)

.stab.index
 *(.stab.index)

.stab.indexstr
 *(.stab.indexstr)

.comment        0x00000000       0x30
 *(.comment)
 .comment       0x00000000       0x30 I2Cdev.o
                                 0x31 (size before relaxing)
 .comment       0x00000030       0x31 MPU6050.o
 .comment       0x00000030       0x31 Sketch.o
 .comment       0x00000030       0x31 src/libraries/Wire/utility/twi.o
 .comment       0x00000030       0x31 src/libraries/Wire/Wire.o
 .comment       0x00000030       0x31 C:\Users\renzo\Documents\GitHub\Drone-project\MPU5060_Test_2\MPU5060_Test_2\ArduinoCore\Debug\libArduinoCore.a(HardwareSerial.o)
 .comment       0x00000030       0x31 C:\Users\renzo\Documents\GitHub\Drone-project\MPU5060_Test_2\MPU5060_Test_2\ArduinoCore\Debug\libArduinoCore.a(HardwareSerial0.o)
 .comment       0x00000030       0x31 C:\Users\renzo\Documents\GitHub\Drone-project\MPU5060_Test_2\MPU5060_Test_2\ArduinoCore\Debug\libArduinoCore.a(main.o)
 .comment       0x00000030       0x31 C:\Users\renzo\Documents\GitHub\Drone-project\MPU5060_Test_2\MPU5060_Test_2\ArduinoCore\Debug\libArduinoCore.a(Print.o)
 .comment       0x00000030       0x31 C:\Users\renzo\Documents\GitHub\Drone-project\MPU5060_Test_2\MPU5060_Test_2\ArduinoCore\Debug\libArduinoCore.a(WInterrupts.o)
 .comment       0x00000030       0x31 C:\Users\renzo\Documents\GitHub\Drone-project\MPU5060_Test_2\MPU5060_Test_2\ArduinoCore\Debug\libArduinoCore.a(wiring.o)
 .comment       0x00000030       0x31 C:\Users\renzo\Documents\GitHub\Drone-project\MPU5060_Test_2\MPU5060_Test_2\ArduinoCore\Debug\libArduinoCore.a(wiring_digital.o)
 .comment       0x00000030       0x31 C:\Users\renzo\Documents\GitHub\Drone-project\MPU5060_Test_2\MPU5060_Test_2\ArduinoCore\Debug\libArduinoCore.a(hooks.o)
 .comment       0x00000030       0x31 c:/program files (x86)/atmel/studio/7.0/toolchain/avr8/avr8-gnu-toolchain/bin/../lib/gcc/avr/5.4.0/../../../../avr/lib/avr5\libc.a(malloc.o)
 .comment       0x00000030       0x31 c:/program files (x86)/atmel/studio/7.0/toolchain/avr8/avr8-gnu-toolchain/bin/../lib/gcc/avr/5.4.0/../../../../avr/lib/avr5\libc.a(realloc.o)

.note.gnu.avr.deviceinfo
                0x00000000       0x40
 .note.gnu.avr.deviceinfo
                0x00000000       0x40 C:/Program Files (x86)/Atmel/Studio/7.0/Packs/atmel/ATmega_DFP/1.2.132/gcc/dev/atmega328p/avr5/crtatmega328p.o

.note.gnu.build-id
 *(.note.gnu.build-id)

.debug
 *(.debug)

.line
 *(.line)

.debug_srcinfo
 *(.debug_srcinfo)

.debug_sfnames
 *(.debug_sfnames)

.debug_aranges  0x00000000      0xdb8
 *(.debug_aranges)
 .debug_aranges
                0x00000000       0xa0 I2Cdev.o
 .debug_aranges
                0x000000a0      0x840 MPU6050.o
 .debug_aranges
                0x000008e0       0xd8 Sketch.o
 .debug_aranges
                0x000009b8       0x78 src/libraries/Wire/utility/twi.o
 .debug_aranges
                0x00000a30       0xe8 src/libraries/Wire/Wire.o
 .debug_aranges
                0x00000b18       0x68 C:\Users\renzo\Documents\GitHub\Drone-project\MPU5060_Test_2\MPU5060_Test_2\ArduinoCore\Debug\libArduinoCore.a(HardwareSerial.o)
 .debug_aranges
                0x00000b80       0x38 C:\Users\renzo\Documents\GitHub\Drone-project\MPU5060_Test_2\MPU5060_Test_2\ArduinoCore\Debug\libArduinoCore.a(HardwareSerial0.o)
 .debug_aranges
                0x00000bb8       0x30 C:\Users\renzo\Documents\GitHub\Drone-project\MPU5060_Test_2\MPU5060_Test_2\ArduinoCore\Debug\libArduinoCore.a(main.o)
 .debug_aranges
                0x00000be8       0xf0 C:\Users\renzo\Documents\GitHub\Drone-project\MPU5060_Test_2\MPU5060_Test_2\ArduinoCore\Debug\libArduinoCore.a(Print.o)
 .debug_aranges
                0x00000cd8       0x40 C:\Users\renzo\Documents\GitHub\Drone-project\MPU5060_Test_2\MPU5060_Test_2\ArduinoCore\Debug\libArduinoCore.a(WInterrupts.o)
 .debug_aranges
                0x00000d18       0x48 C:\Users\renzo\Documents\GitHub\Drone-project\MPU5060_Test_2\MPU5060_Test_2\ArduinoCore\Debug\libArduinoCore.a(wiring.o)
 .debug_aranges
                0x00000d60       0x38 C:\Users\renzo\Documents\GitHub\Drone-project\MPU5060_Test_2\MPU5060_Test_2\ArduinoCore\Debug\libArduinoCore.a(wiring_digital.o)
 .debug_aranges
                0x00000d98       0x20 C:\Users\renzo\Documents\GitHub\Drone-project\MPU5060_Test_2\MPU5060_Test_2\ArduinoCore\Debug\libArduinoCore.a(hooks.o)

.debug_pubnames
 *(.debug_pubnames)

.debug_info     0x00000000    0x19657
 *(.debug_info .gnu.linkonce.wi.*)
 .debug_info    0x00000000      0x5f4 C:/Program Files (x86)/Atmel/Studio/7.0/Packs/atmel/ATmega_DFP/1.2.132/gcc/dev/atmega328p/avr5/crtatmega328p.o
 .debug_info    0x000005f4     0x1198 I2Cdev.o
 .debug_info    0x0000178c     0x8953 MPU6050.o
 .debug_info    0x0000a0df     0x5c4c Sketch.o
 .debug_info    0x0000fd2b      0x5cd src/libraries/Wire/utility/twi.o
 .debug_info    0x000102f8     0x2661 src/libraries/Wire/Wire.o
 .debug_info    0x00012959     0x1de5 C:\Users\renzo\Documents\GitHub\Drone-project\MPU5060_Test_2\MPU5060_Test_2\ArduinoCore\Debug\libArduinoCore.a(HardwareSerial.o)
 .debug_info    0x0001473e     0x19d9 C:\Users\renzo\Documents\GitHub\Drone-project\MPU5060_Test_2\MPU5060_Test_2\ArduinoCore\Debug\libArduinoCore.a(HardwareSerial0.o)
 .debug_info    0x00016117      0x237 C:\Users\renzo\Documents\GitHub\Drone-project\MPU5060_Test_2\MPU5060_Test_2\ArduinoCore\Debug\libArduinoCore.a(main.o)
 .debug_info    0x0001634e     0x27f1 C:\Users\renzo\Documents\GitHub\Drone-project\MPU5060_Test_2\MPU5060_Test_2\ArduinoCore\Debug\libArduinoCore.a(Print.o)
 .debug_info    0x00018b3f      0x21c C:\Users\renzo\Documents\GitHub\Drone-project\MPU5060_Test_2\MPU5060_Test_2\ArduinoCore\Debug\libArduinoCore.a(WInterrupts.o)
 .debug_info    0x00018d5b      0x2c0 C:\Users\renzo\Documents\GitHub\Drone-project\MPU5060_Test_2\MPU5060_Test_2\ArduinoCore\Debug\libArduinoCore.a(wiring.o)
 .debug_info    0x0001901b      0x5fe C:\Users\renzo\Documents\GitHub\Drone-project\MPU5060_Test_2\MPU5060_Test_2\ArduinoCore\Debug\libArduinoCore.a(wiring_digital.o)
 .debug_info    0x00019619       0x3e C:\Users\renzo\Documents\GitHub\Drone-project\MPU5060_Test_2\MPU5060_Test_2\ArduinoCore\Debug\libArduinoCore.a(hooks.o)

.debug_abbrev   0x00000000     0x28d9
 *(.debug_abbrev)
 .debug_abbrev  0x00000000      0x5a2 C:/Program Files (x86)/Atmel/Studio/7.0/Packs/atmel/ATmega_DFP/1.2.132/gcc/dev/atmega328p/avr5/crtatmega328p.o
 .debug_abbrev  0x000005a2      0x2bd I2Cdev.o
 .debug_abbrev  0x0000085f      0x2f5 MPU6050.o
 .debug_abbrev  0x00000b54      0x4d1 Sketch.o
 .debug_abbrev  0x00001025      0x260 src/libraries/Wire/utility/twi.o
 .debug_abbrev  0x00001285      0x56b src/libraries/Wire/Wire.o
 .debug_abbrev  0x000017f0      0x41a C:\Users\renzo\Documents\GitHub\Drone-project\MPU5060_Test_2\MPU5060_Test_2\ArduinoCore\Debug\libArduinoCore.a(HardwareSerial.o)
 .debug_abbrev  0x00001c0a      0x38a C:\Users\renzo\Documents\GitHub\Drone-project\MPU5060_Test_2\MPU5060_Test_2\ArduinoCore\Debug\libArduinoCore.a(HardwareSerial0.o)
 .debug_abbrev  0x00001f94      0x12d C:\Users\renzo\Documents\GitHub\Drone-project\MPU5060_Test_2\MPU5060_Test_2\ArduinoCore\Debug\libArduinoCore.a(main.o)
 .debug_abbrev  0x000020c1      0x451 C:\Users\renzo\Documents\GitHub\Drone-project\MPU5060_Test_2\MPU5060_Test_2\ArduinoCore\Debug\libArduinoCore.a(Print.o)
 .debug_abbrev  0x00002512       0xfc C:\Users\renzo\Documents\GitHub\Drone-project\MPU5060_Test_2\MPU5060_Test_2\ArduinoCore\Debug\libArduinoCore.a(WInterrupts.o)
 .debug_abbrev  0x0000260e      0x146 C:\Users\renzo\Documents\GitHub\Drone-project\MPU5060_Test_2\MPU5060_Test_2\ArduinoCore\Debug\libArduinoCore.a(wiring.o)
 .debug_abbrev  0x00002754      0x15b C:\Users\renzo\Documents\GitHub\Drone-project\MPU5060_Test_2\MPU5060_Test_2\ArduinoCore\Debug\libArduinoCore.a(wiring_digital.o)
 .debug_abbrev  0x000028af       0x2a C:\Users\renzo\Documents\GitHub\Drone-project\MPU5060_Test_2\MPU5060_Test_2\ArduinoCore\Debug\libArduinoCore.a(hooks.o)

.debug_line     0x00000000     0x5643
 *(.debug_line .debug_line.* .debug_line_end)
 .debug_line    0x00000000      0x133 C:/Program Files (x86)/Atmel/Studio/7.0/Packs/atmel/ATmega_DFP/1.2.132/gcc/dev/atmega328p/avr5/crtatmega328p.o
 .debug_line    0x00000133      0x63b I2Cdev.o
 .debug_line    0x0000076e     0x2278 MPU6050.o
 .debug_line    0x000029e6      0xcd8 Sketch.o
 .debug_line    0x000036be      0x506 src/libraries/Wire/utility/twi.o
 .debug_line    0x00003bc4      0x5a1 src/libraries/Wire/Wire.o
 .debug_line    0x00004165      0x426 C:\Users\renzo\Documents\GitHub\Drone-project\MPU5060_Test_2\MPU5060_Test_2\ArduinoCore\Debug\libArduinoCore.a(HardwareSerial.o)
 .debug_line    0x0000458b      0x257 C:\Users\renzo\Documents\GitHub\Drone-project\MPU5060_Test_2\MPU5060_Test_2\ArduinoCore\Debug\libArduinoCore.a(HardwareSerial0.o)
 .debug_line    0x000047e2      0x165 C:\Users\renzo\Documents\GitHub\Drone-project\MPU5060_Test_2\MPU5060_Test_2\ArduinoCore\Debug\libArduinoCore.a(main.o)
 .debug_line    0x00004947      0x62e C:\Users\renzo\Documents\GitHub\Drone-project\MPU5060_Test_2\MPU5060_Test_2\ArduinoCore\Debug\libArduinoCore.a(Print.o)
 .debug_line    0x00004f75      0x1ac C:\Users\renzo\Documents\GitHub\Drone-project\MPU5060_Test_2\MPU5060_Test_2\ArduinoCore\Debug\libArduinoCore.a(WInterrupts.o)
 .debug_line    0x00005121      0x28f C:\Users\renzo\Documents\GitHub\Drone-project\MPU5060_Test_2\MPU5060_Test_2\ArduinoCore\Debug\libArduinoCore.a(wiring.o)
 .debug_line    0x000053b0      0x252 C:\Users\renzo\Documents\GitHub\Drone-project\MPU5060_Test_2\MPU5060_Test_2\ArduinoCore\Debug\libArduinoCore.a(wiring_digital.o)
 .debug_line    0x00005602       0x41 C:\Users\renzo\Documents\GitHub\Drone-project\MPU5060_Test_2\MPU5060_Test_2\ArduinoCore\Debug\libArduinoCore.a(hooks.o)

.debug_frame    0x00000000     0x319c
 *(.debug_frame)
 .debug_frame   0x00000000      0x3bc I2Cdev.o
 .debug_frame   0x000003bc     0x1de0 MPU6050.o
 .debug_frame   0x0000219c      0x46c Sketch.o
 .debug_frame   0x00002608      0x124 src/libraries/Wire/utility/twi.o
 .debug_frame   0x0000272c      0x264 src/libraries/Wire/Wire.o
 .debug_frame   0x00002990      0x110 C:\Users\renzo\Documents\GitHub\Drone-project\MPU5060_Test_2\MPU5060_Test_2\ArduinoCore\Debug\libArduinoCore.a(HardwareSerial.o)
 .debug_frame   0x00002aa0       0xc0 C:\Users\renzo\Documents\GitHub\Drone-project\MPU5060_Test_2\MPU5060_Test_2\ArduinoCore\Debug\libArduinoCore.a(HardwareSerial0.o)
 .debug_frame   0x00002b60       0x54 C:\Users\renzo\Documents\GitHub\Drone-project\MPU5060_Test_2\MPU5060_Test_2\ArduinoCore\Debug\libArduinoCore.a(main.o)
 .debug_frame   0x00002bb4      0x398 C:\Users\renzo\Documents\GitHub\Drone-project\MPU5060_Test_2\MPU5060_Test_2\ArduinoCore\Debug\libArduinoCore.a(Print.o)
 .debug_frame   0x00002f4c       0xf4 C:\Users\renzo\Documents\GitHub\Drone-project\MPU5060_Test_2\MPU5060_Test_2\ArduinoCore\Debug\libArduinoCore.a(WInterrupts.o)
 .debug_frame   0x00003040       0xbc C:\Users\renzo\Documents\GitHub\Drone-project\MPU5060_Test_2\MPU5060_Test_2\ArduinoCore\Debug\libArduinoCore.a(wiring.o)
 .debug_frame   0x000030fc       0x7c C:\Users\renzo\Documents\GitHub\Drone-project\MPU5060_Test_2\MPU5060_Test_2\ArduinoCore\Debug\libArduinoCore.a(wiring_digital.o)
 .debug_frame   0x00003178       0x24 C:\Users\renzo\Documents\GitHub\Drone-project\MPU5060_Test_2\MPU5060_Test_2\ArduinoCore\Debug\libArduinoCore.a(hooks.o)

.debug_str      0x00000000     0x75ec
 *(.debug_str)
 .debug_str     0x00000000      0x208 C:/Program Files (x86)/Atmel/Studio/7.0/Packs/atmel/ATmega_DFP/1.2.132/gcc/dev/atmega328p/avr5/crtatmega328p.o
 .debug_str     0x00000208      0x5f5 I2Cdev.o
                                0x673 (size before relaxing)
 .debug_str     0x000007fd     0x38c7 MPU6050.o
                               0x3dd3 (size before relaxing)
 .debug_str     0x000040c4     0x170c Sketch.o
                               0x51bd (size before relaxing)
 .debug_str     0x000057d0      0x29c src/libraries/Wire/utility/twi.o
                                0x3b0 (size before relaxing)
 .debug_str     0x00005a6c     0x12f6 src/libraries/Wire/Wire.o
                               0x1807 (size before relaxing)
 .debug_str     0x00006d62      0x38d C:\Users\renzo\Documents\GitHub\Drone-project\MPU5060_Test_2\MPU5060_Test_2\ArduinoCore\Debug\libArduinoCore.a(HardwareSerial.o)
                               0x157a (size before relaxing)
 .debug_str     0x000070ef       0x47 C:\Users\renzo\Documents\GitHub\Drone-project\MPU5060_Test_2\MPU5060_Test_2\ArduinoCore\Debug\libArduinoCore.a(HardwareSerial0.o)
                               0x134d (size before relaxing)
 .debug_str     0x00007136       0x37 C:\Users\renzo\Documents\GitHub\Drone-project\MPU5060_Test_2\MPU5060_Test_2\ArduinoCore\Debug\libArduinoCore.a(main.o)
                                0x2bd (size before relaxing)
 .debug_str     0x0000716d      0x2b0 C:\Users\renzo\Documents\GitHub\Drone-project\MPU5060_Test_2\MPU5060_Test_2\ArduinoCore\Debug\libArduinoCore.a(Print.o)
                               0x1192 (size before relaxing)
 .debug_str     0x0000741d       0x72 C:\Users\renzo\Documents\GitHub\Drone-project\MPU5060_Test_2\MPU5060_Test_2\ArduinoCore\Debug\libArduinoCore.a(WInterrupts.o)
                                0x240 (size before relaxing)
 .debug_str     0x0000748f       0x7f C:\Users\renzo\Documents\GitHub\Drone-project\MPU5060_Test_2\MPU5060_Test_2\ArduinoCore\Debug\libArduinoCore.a(wiring.o)
                                0x24a (size before relaxing)
 .debug_str     0x0000750e       0xc2 C:\Users\renzo\Documents\GitHub\Drone-project\MPU5060_Test_2\MPU5060_Test_2\ArduinoCore\Debug\libArduinoCore.a(wiring_digital.o)
                                0x2b8 (size before relaxing)
 .debug_str     0x000075d0       0x1c C:\Users\renzo\Documents\GitHub\Drone-project\MPU5060_Test_2\MPU5060_Test_2\ArduinoCore\Debug\libArduinoCore.a(hooks.o)
                                0x148 (size before relaxing)

.debug_loc      0x00000000     0xf870
 *(.debug_loc)
 .debug_loc     0x00000000     0x166b I2Cdev.o
 .debug_loc     0x0000166b     0x8af4 MPU6050.o
 .debug_loc     0x0000a15f     0x1a79 Sketch.o
 .debug_loc     0x0000bbd8      0x395 src/libraries/Wire/utility/twi.o
 .debug_loc     0x0000bf6d      0xbab src/libraries/Wire/Wire.o
 .debug_loc     0x0000cb18      0x482 C:\Users\renzo\Documents\GitHub\Drone-project\MPU5060_Test_2\MPU5060_Test_2\ArduinoCore\Debug\libArduinoCore.a(HardwareSerial.o)
 .debug_loc     0x0000cf9a      0x18a C:\Users\renzo\Documents\GitHub\Drone-project\MPU5060_Test_2\MPU5060_Test_2\ArduinoCore\Debug\libArduinoCore.a(HardwareSerial0.o)
 .debug_loc     0x0000d124     0x1cd2 C:\Users\renzo\Documents\GitHub\Drone-project\MPU5060_Test_2\MPU5060_Test_2\ArduinoCore\Debug\libArduinoCore.a(Print.o)
 .debug_loc     0x0000edf6      0x235 C:\Users\renzo\Documents\GitHub\Drone-project\MPU5060_Test_2\MPU5060_Test_2\ArduinoCore\Debug\libArduinoCore.a(WInterrupts.o)
 .debug_loc     0x0000f02b      0x249 C:\Users\renzo\Documents\GitHub\Drone-project\MPU5060_Test_2\MPU5060_Test_2\ArduinoCore\Debug\libArduinoCore.a(wiring.o)
 .debug_loc     0x0000f274      0x5fc C:\Users\renzo\Documents\GitHub\Drone-project\MPU5060_Test_2\MPU5060_Test_2\ArduinoCore\Debug\libArduinoCore.a(wiring_digital.o)

.debug_macinfo
 *(.debug_macinfo)

.debug_weaknames
 *(.debug_weaknames)

.debug_funcnames
 *(.debug_funcnames)

.debug_typenames
 *(.debug_typenames)

.debug_varnames
 *(.debug_varnames)

.debug_pubtypes
 *(.debug_pubtypes)

.debug_ranges   0x00000000      0xd88
 *(.debug_ranges)
 .debug_ranges  0x00000000      0x100 I2Cdev.o
 .debug_ranges  0x00000100      0x830 MPU6050.o
 .debug_ranges  0x00000930       0xc8 Sketch.o
 .debug_ranges  0x000009f8       0x68 src/libraries/Wire/utility/twi.o
 .debug_ranges  0x00000a60       0xd8 src/libraries/Wire/Wire.o
 .debug_ranges  0x00000b38       0x58 C:\Users\renzo\Documents\GitHub\Drone-project\MPU5060_Test_2\MPU5060_Test_2\ArduinoCore\Debug\libArduinoCore.a(HardwareSerial.o)
 .debug_ranges  0x00000b90       0x28 C:\Users\renzo\Documents\GitHub\Drone-project\MPU5060_Test_2\MPU5060_Test_2\ArduinoCore\Debug\libArduinoCore.a(HardwareSerial0.o)
 .debug_ranges  0x00000bb8       0x20 C:\Users\renzo\Documents\GitHub\Drone-project\MPU5060_Test_2\MPU5060_Test_2\ArduinoCore\Debug\libArduinoCore.a(main.o)
 .debug_ranges  0x00000bd8      0x110 C:\Users\renzo\Documents\GitHub\Drone-project\MPU5060_Test_2\MPU5060_Test_2\ArduinoCore\Debug\libArduinoCore.a(Print.o)
 .debug_ranges  0x00000ce8       0x30 C:\Users\renzo\Documents\GitHub\Drone-project\MPU5060_Test_2\MPU5060_Test_2\ArduinoCore\Debug\libArduinoCore.a(WInterrupts.o)
 .debug_ranges  0x00000d18       0x38 C:\Users\renzo\Documents\GitHub\Drone-project\MPU5060_Test_2\MPU5060_Test_2\ArduinoCore\Debug\libArduinoCore.a(wiring.o)
 .debug_ranges  0x00000d50       0x28 C:\Users\renzo\Documents\GitHub\Drone-project\MPU5060_Test_2\MPU5060_Test_2\ArduinoCore\Debug\libArduinoCore.a(wiring_digital.o)
 .debug_ranges  0x00000d78       0x10 C:\Users\renzo\Documents\GitHub\Drone-project\MPU5060_Test_2\MPU5060_Test_2\ArduinoCore\Debug\libArduinoCore.a(hooks.o)

.debug_macro
 *(.debug_macro)
OUTPUT(MPU6050_DMP6.elf elf32-avr)
LOAD linker stubs
