Archive member included to satisfy reference by file (symbol)

c:/program files (x86)/atmel/studio/7.0/toolchain/avr8/avr8-gnu-toolchain/bin/../lib/gcc/avr/5.4.0/../../../../avr/lib/avr5\libm.a(addsf3.o)
                              StepperDriver.o (__subsf3)
c:/program files (x86)/atmel/studio/7.0/toolchain/avr8/avr8-gnu-toolchain/bin/../lib/gcc/avr/5.4.0/../../../../avr/lib/avr5\libm.a(addsf3x.o)
                              c:/program files (x86)/atmel/studio/7.0/toolchain/avr8/avr8-gnu-toolchain/bin/../lib/gcc/avr/5.4.0/../../../../avr/lib/avr5\libm.a(addsf3.o) (__addsf3x)
c:/program files (x86)/atmel/studio/7.0/toolchain/avr8/avr8-gnu-toolchain/bin/../lib/gcc/avr/5.4.0/../../../../avr/lib/avr5\libm.a(divsf3.o)
                              StepperDriver.o (__divsf3)
c:/program files (x86)/atmel/studio/7.0/toolchain/avr8/avr8-gnu-toolchain/bin/../lib/gcc/avr/5.4.0/../../../../avr/lib/avr5\libm.a(divsf3x.o)
                              c:/program files (x86)/atmel/studio/7.0/toolchain/avr8/avr8-gnu-toolchain/bin/../lib/gcc/avr/5.4.0/../../../../avr/lib/avr5\libm.a(divsf3.o) (__divsf3x)
c:/program files (x86)/atmel/studio/7.0/toolchain/avr8/avr8-gnu-toolchain/bin/../lib/gcc/avr/5.4.0/../../../../avr/lib/avr5\libm.a(fixunssfsi.o)
                              StepperDriver.o (__fixunssfsi)
c:/program files (x86)/atmel/studio/7.0/toolchain/avr8/avr8-gnu-toolchain/bin/../lib/gcc/avr/5.4.0/../../../../avr/lib/avr5\libm.a(floatsisf.o)
                              StepperDriver.o (__floatunsisf)
c:/program files (x86)/atmel/studio/7.0/toolchain/avr8/avr8-gnu-toolchain/bin/../lib/gcc/avr/5.4.0/../../../../avr/lib/avr5\libm.a(fp_inf.o)
                              c:/program files (x86)/atmel/studio/7.0/toolchain/avr8/avr8-gnu-toolchain/bin/../lib/gcc/avr/5.4.0/../../../../avr/lib/avr5\libm.a(addsf3x.o) (__fp_inf)
c:/program files (x86)/atmel/studio/7.0/toolchain/avr8/avr8-gnu-toolchain/bin/../lib/gcc/avr/5.4.0/../../../../avr/lib/avr5\libm.a(fp_nan.o)
                              c:/program files (x86)/atmel/studio/7.0/toolchain/avr8/avr8-gnu-toolchain/bin/../lib/gcc/avr/5.4.0/../../../../avr/lib/avr5\libm.a(addsf3x.o) (__fp_nan)
c:/program files (x86)/atmel/studio/7.0/toolchain/avr8/avr8-gnu-toolchain/bin/../lib/gcc/avr/5.4.0/../../../../avr/lib/avr5\libm.a(fp_pscA.o)
                              c:/program files (x86)/atmel/studio/7.0/toolchain/avr8/avr8-gnu-toolchain/bin/../lib/gcc/avr/5.4.0/../../../../avr/lib/avr5\libm.a(addsf3x.o) (__fp_pscA)
c:/program files (x86)/atmel/studio/7.0/toolchain/avr8/avr8-gnu-toolchain/bin/../lib/gcc/avr/5.4.0/../../../../avr/lib/avr5\libm.a(fp_pscB.o)
                              c:/program files (x86)/atmel/studio/7.0/toolchain/avr8/avr8-gnu-toolchain/bin/../lib/gcc/avr/5.4.0/../../../../avr/lib/avr5\libm.a(addsf3x.o) (__fp_pscB)
c:/program files (x86)/atmel/studio/7.0/toolchain/avr8/avr8-gnu-toolchain/bin/../lib/gcc/avr/5.4.0/../../../../avr/lib/avr5\libm.a(fp_round.o)
                              c:/program files (x86)/atmel/studio/7.0/toolchain/avr8/avr8-gnu-toolchain/bin/../lib/gcc/avr/5.4.0/../../../../avr/lib/avr5\libm.a(addsf3.o) (__fp_round)
c:/program files (x86)/atmel/studio/7.0/toolchain/avr8/avr8-gnu-toolchain/bin/../lib/gcc/avr/5.4.0/../../../../avr/lib/avr5\libm.a(fp_split3.o)
                              c:/program files (x86)/atmel/studio/7.0/toolchain/avr8/avr8-gnu-toolchain/bin/../lib/gcc/avr/5.4.0/../../../../avr/lib/avr5\libm.a(addsf3x.o) (__fp_split3)
c:/program files (x86)/atmel/studio/7.0/toolchain/avr8/avr8-gnu-toolchain/bin/../lib/gcc/avr/5.4.0/../../../../avr/lib/avr5\libm.a(fp_zero.o)
                              c:/program files (x86)/atmel/studio/7.0/toolchain/avr8/avr8-gnu-toolchain/bin/../lib/gcc/avr/5.4.0/../../../../avr/lib/avr5\libm.a(addsf3x.o) (__fp_zero)
c:/program files (x86)/atmel/studio/7.0/toolchain/avr8/avr8-gnu-toolchain/bin/../lib/gcc/avr/5.4.0/../../../../avr/lib/avr5\libm.a(mulsf3.o)
                              StepperDriver.o (__mulsf3)
c:/program files (x86)/atmel/studio/7.0/toolchain/avr8/avr8-gnu-toolchain/bin/../lib/gcc/avr/5.4.0/../../../../avr/lib/avr5\libm.a(mulsf3x.o)
                              c:/program files (x86)/atmel/studio/7.0/toolchain/avr8/avr8-gnu-toolchain/bin/../lib/gcc/avr/5.4.0/../../../../avr/lib/avr5\libm.a(mulsf3.o) (__mulsf3x)
C:\Users\renzo\DOCUME~1\GitHub\DRONE-~1\3DPRIN~1\Hall\HALLTE~1.2\HALLTE~1.2\ARDUIN~1\Debug\libArduinoCore.a(HardwareSerial.o)
                              Sketch.o (_ZN14HardwareSerial5beginEmh)
C:\Users\renzo\DOCUME~1\GitHub\DRONE-~1\3DPRIN~1\Hall\HALLTE~1.2\HALLTE~1.2\ARDUIN~1\Debug\libArduinoCore.a(HardwareSerial0.o)
                              Sketch.o (Serial)
C:\Users\renzo\DOCUME~1\GitHub\DRONE-~1\3DPRIN~1\Hall\HALLTE~1.2\HALLTE~1.2\ARDUIN~1\Debug\libArduinoCore.a(main.o)
                              C:/Program Files (x86)/Atmel/Studio/7.0/Packs/atmel/ATmega_DFP/1.2.132/gcc/dev/atmega328p/avr5/crtatmega328p.o (main)
C:\Users\renzo\DOCUME~1\GitHub\DRONE-~1\3DPRIN~1\Hall\HALLTE~1.2\HALLTE~1.2\ARDUIN~1\Debug\libArduinoCore.a(Print.o)
                              C:\Users\renzo\DOCUME~1\GitHub\DRONE-~1\3DPRIN~1\Hall\HALLTE~1.2\HALLTE~1.2\ARDUIN~1\Debug\libArduinoCore.a(HardwareSerial.o) (_ZN5Print5writeEPKhj)
C:\Users\renzo\DOCUME~1\GitHub\DRONE-~1\3DPRIN~1\Hall\HALLTE~1.2\HALLTE~1.2\ARDUIN~1\Debug\libArduinoCore.a(wiring.o)
                              StepperDriver.o (micros)
C:\Users\renzo\DOCUME~1\GitHub\DRONE-~1\3DPRIN~1\Hall\HALLTE~1.2\HALLTE~1.2\ARDUIN~1\Debug\libArduinoCore.a(wiring_digital.o)
                              Sketch.o (pinMode)
C:\Users\renzo\DOCUME~1\GitHub\DRONE-~1\3DPRIN~1\Hall\HALLTE~1.2\HALLTE~1.2\ARDUIN~1\Debug\libArduinoCore.a(abi.o)
                              C:\Users\renzo\DOCUME~1\GitHub\DRONE-~1\3DPRIN~1\Hall\HALLTE~1.2\HALLTE~1.2\ARDUIN~1\Debug\libArduinoCore.a(Print.o) (__cxa_pure_virtual)
C:\Users\renzo\DOCUME~1\GitHub\DRONE-~1\3DPRIN~1\Hall\HALLTE~1.2\HALLTE~1.2\ARDUIN~1\Debug\libArduinoCore.a(hooks.o)
                              C:\Users\renzo\DOCUME~1\GitHub\DRONE-~1\3DPRIN~1\Hall\HALLTE~1.2\HALLTE~1.2\ARDUIN~1\Debug\libArduinoCore.a(wiring.o) (yield)
c:/program files (x86)/atmel/studio/7.0/toolchain/avr8/avr8-gnu-toolchain/bin/../lib/gcc/avr/5.4.0/../../../../avr/lib/avr5\libm.a(cmpsf2.o)
                              C:\Users\renzo\DOCUME~1\GitHub\DRONE-~1\3DPRIN~1\Hall\HALLTE~1.2\HALLTE~1.2\ARDUIN~1\Debug\libArduinoCore.a(Print.o) (__ltsf2)
c:/program files (x86)/atmel/studio/7.0/toolchain/avr8/avr8-gnu-toolchain/bin/../lib/gcc/avr/5.4.0/../../../../avr/lib/avr5\libm.a(fixsfsi.o)
                              C:\Users\renzo\DOCUME~1\GitHub\DRONE-~1\3DPRIN~1\Hall\HALLTE~1.2\HALLTE~1.2\ARDUIN~1\Debug\libArduinoCore.a(Print.o) (__fixsfsi)
c:/program files (x86)/atmel/studio/7.0/toolchain/avr8/avr8-gnu-toolchain/bin/../lib/gcc/avr/5.4.0/../../../../avr/lib/avr5\libm.a(fp_cmp.o)
                              c:/program files (x86)/atmel/studio/7.0/toolchain/avr8/avr8-gnu-toolchain/bin/../lib/gcc/avr/5.4.0/../../../../avr/lib/avr5\libm.a(cmpsf2.o) (__fp_cmp)
c:/program files (x86)/atmel/studio/7.0/toolchain/avr8/avr8-gnu-toolchain/bin/../lib/gcc/avr/5.4.0/../../../../avr/lib/avr5\libm.a(gesf2.o)
                              C:\Users\renzo\DOCUME~1\GitHub\DRONE-~1\3DPRIN~1\Hall\HALLTE~1.2\HALLTE~1.2\ARDUIN~1\Debug\libArduinoCore.a(Print.o) (__gtsf2)
c:/program files (x86)/atmel/studio/7.0/toolchain/avr8/avr8-gnu-toolchain/bin/../lib/gcc/avr/5.4.0/../../../../avr/lib/avr5\libm.a(unordsf2.o)
                              C:\Users\renzo\DOCUME~1\GitHub\DRONE-~1\3DPRIN~1\Hall\HALLTE~1.2\HALLTE~1.2\ARDUIN~1\Debug\libArduinoCore.a(Print.o) (__unordsf2)
c:/program files (x86)/atmel/studio/7.0/toolchain/avr8/avr8-gnu-toolchain/bin/../lib/gcc/avr/5.4.0/avr5\libgcc.a(_mulsi3.o)
                              StepperDriver.o (__mulsi3)
c:/program files (x86)/atmel/studio/7.0/toolchain/avr8/avr8-gnu-toolchain/bin/../lib/gcc/avr/5.4.0/avr5\libgcc.a(_udivmodsi4.o)
                              C:\Users\renzo\DOCUME~1\GitHub\DRONE-~1\3DPRIN~1\Hall\HALLTE~1.2\HALLTE~1.2\ARDUIN~1\Debug\libArduinoCore.a(HardwareSerial.o) (__udivmodsi4)
c:/program files (x86)/atmel/studio/7.0/toolchain/avr8/avr8-gnu-toolchain/bin/../lib/gcc/avr/5.4.0/avr5\libgcc.a(_exit.o)
                              C:/Program Files (x86)/Atmel/Studio/7.0/Packs/atmel/ATmega_DFP/1.2.132/gcc/dev/atmega328p/avr5/crtatmega328p.o (exit)
c:/program files (x86)/atmel/studio/7.0/toolchain/avr8/avr8-gnu-toolchain/bin/../lib/gcc/avr/5.4.0/avr5\libgcc.a(_copy_data.o)
                              Sketch.o (__do_copy_data)
c:/program files (x86)/atmel/studio/7.0/toolchain/avr8/avr8-gnu-toolchain/bin/../lib/gcc/avr/5.4.0/avr5\libgcc.a(_clear_bss.o)
                              Sketch.o (__do_clear_bss)
c:/program files (x86)/atmel/studio/7.0/toolchain/avr8/avr8-gnu-toolchain/bin/../lib/gcc/avr/5.4.0/avr5\libgcc.a(_ctors.o)
                              Sketch.o (__do_global_ctors)
c:/program files (x86)/atmel/studio/7.0/toolchain/avr8/avr8-gnu-toolchain/bin/../lib/gcc/avr/5.4.0/avr5\libgcc.a(_muluhisi3.o)
                              c:/program files (x86)/atmel/studio/7.0/toolchain/avr8/avr8-gnu-toolchain/bin/../lib/gcc/avr/5.4.0/avr5\libgcc.a(_mulsi3.o) (__muluhisi3)
c:/program files (x86)/atmel/studio/7.0/toolchain/avr8/avr8-gnu-toolchain/bin/../lib/gcc/avr/5.4.0/avr5\libgcc.a(_mulshisi3.o)
                              StepperDriver.o (__mulshisi3)
c:/program files (x86)/atmel/studio/7.0/toolchain/avr8/avr8-gnu-toolchain/bin/../lib/gcc/avr/5.4.0/avr5\libgcc.a(_tablejump2.o)
                              c:/program files (x86)/atmel/studio/7.0/toolchain/avr8/avr8-gnu-toolchain/bin/../lib/gcc/avr/5.4.0/avr5\libgcc.a(_ctors.o) (__tablejump2__)
c:/program files (x86)/atmel/studio/7.0/toolchain/avr8/avr8-gnu-toolchain/bin/../lib/gcc/avr/5.4.0/avr5\libgcc.a(_umulhisi3.o)
                              c:/program files (x86)/atmel/studio/7.0/toolchain/avr8/avr8-gnu-toolchain/bin/../lib/gcc/avr/5.4.0/avr5\libgcc.a(_muluhisi3.o) (__umulhisi3)
c:/program files (x86)/atmel/studio/7.0/toolchain/avr8/avr8-gnu-toolchain/bin/../lib/gcc/avr/5.4.0/../../../../avr/lib/avr5\libc.a(abort.o)
                              C:\Users\renzo\DOCUME~1\GitHub\DRONE-~1\3DPRIN~1\Hall\HALLTE~1.2\HALLTE~1.2\ARDUIN~1\Debug\libArduinoCore.a(abi.o) (abort)

Discarded input sections

 .data          0x00000000        0x0 C:/Program Files (x86)/Atmel/Studio/7.0/Packs/atmel/ATmega_DFP/1.2.132/gcc/dev/atmega328p/avr5/crtatmega328p.o
 .bss           0x00000000        0x0 C:/Program Files (x86)/Atmel/Studio/7.0/Packs/atmel/ATmega_DFP/1.2.132/gcc/dev/atmega328p/avr5/crtatmega328p.o
 .text          0x00000000        0x0 Sketch.o
 .data          0x00000000        0x0 Sketch.o
 .bss           0x00000000        0x0 Sketch.o
 .text          0x00000000        0x0 StepperDriver.o
 .data          0x00000000        0x0 StepperDriver.o
 .bss           0x00000000        0x0 StepperDriver.o
 .text._ZN13StepperDriver11dynamicMoveEii
                0x00000000      0x110 StepperDriver.o
 .text._ZN13StepperDriver4stepElll
                0x00000000      0x176 StepperDriver.o
 .text          0x00000000        0x0 c:/program files (x86)/atmel/studio/7.0/toolchain/avr8/avr8-gnu-toolchain/bin/../lib/gcc/avr/5.4.0/../../../../avr/lib/avr5\libm.a(addsf3.o)
 .data          0x00000000        0x0 c:/program files (x86)/atmel/studio/7.0/toolchain/avr8/avr8-gnu-toolchain/bin/../lib/gcc/avr/5.4.0/../../../../avr/lib/avr5\libm.a(addsf3.o)
 .bss           0x00000000        0x0 c:/program files (x86)/atmel/studio/7.0/toolchain/avr8/avr8-gnu-toolchain/bin/../lib/gcc/avr/5.4.0/../../../../avr/lib/avr5\libm.a(addsf3.o)
 .text.avr-libc.fplib
                0x00000000        0xe c:/program files (x86)/atmel/studio/7.0/toolchain/avr8/avr8-gnu-toolchain/bin/../lib/gcc/avr/5.4.0/../../../../avr/lib/avr5\libm.a(addsf3.o)
 .text          0x00000000        0x0 c:/program files (x86)/atmel/studio/7.0/toolchain/avr8/avr8-gnu-toolchain/bin/../lib/gcc/avr/5.4.0/../../../../avr/lib/avr5\libm.a(addsf3x.o)
 .data          0x00000000        0x0 c:/program files (x86)/atmel/studio/7.0/toolchain/avr8/avr8-gnu-toolchain/bin/../lib/gcc/avr/5.4.0/../../../../avr/lib/avr5\libm.a(addsf3x.o)
 .bss           0x00000000        0x0 c:/program files (x86)/atmel/studio/7.0/toolchain/avr8/avr8-gnu-toolchain/bin/../lib/gcc/avr/5.4.0/../../../../avr/lib/avr5\libm.a(addsf3x.o)
 .text.avr-libc.fplib
                0x00000000       0xcc c:/program files (x86)/atmel/studio/7.0/toolchain/avr8/avr8-gnu-toolchain/bin/../lib/gcc/avr/5.4.0/../../../../avr/lib/avr5\libm.a(addsf3x.o)
 .text          0x00000000        0x0 c:/program files (x86)/atmel/studio/7.0/toolchain/avr8/avr8-gnu-toolchain/bin/../lib/gcc/avr/5.4.0/../../../../avr/lib/avr5\libm.a(divsf3.o)
 .data          0x00000000        0x0 c:/program files (x86)/atmel/studio/7.0/toolchain/avr8/avr8-gnu-toolchain/bin/../lib/gcc/avr/5.4.0/../../../../avr/lib/avr5\libm.a(divsf3.o)
 .bss           0x00000000        0x0 c:/program files (x86)/atmel/studio/7.0/toolchain/avr8/avr8-gnu-toolchain/bin/../lib/gcc/avr/5.4.0/../../../../avr/lib/avr5\libm.a(divsf3.o)
 .text          0x00000000        0x0 c:/program files (x86)/atmel/studio/7.0/toolchain/avr8/avr8-gnu-toolchain/bin/../lib/gcc/avr/5.4.0/../../../../avr/lib/avr5\libm.a(divsf3x.o)
 .data          0x00000000        0x0 c:/program files (x86)/atmel/studio/7.0/toolchain/avr8/avr8-gnu-toolchain/bin/../lib/gcc/avr/5.4.0/../../../../avr/lib/avr5\libm.a(divsf3x.o)
 .bss           0x00000000        0x0 c:/program files (x86)/atmel/studio/7.0/toolchain/avr8/avr8-gnu-toolchain/bin/../lib/gcc/avr/5.4.0/../../../../avr/lib/avr5\libm.a(divsf3x.o)
 .text          0x00000000        0x0 c:/program files (x86)/atmel/studio/7.0/toolchain/avr8/avr8-gnu-toolchain/bin/../lib/gcc/avr/5.4.0/../../../../avr/lib/avr5\libm.a(fixunssfsi.o)
 .data          0x00000000        0x0 c:/program files (x86)/atmel/studio/7.0/toolchain/avr8/avr8-gnu-toolchain/bin/../lib/gcc/avr/5.4.0/../../../../avr/lib/avr5\libm.a(fixunssfsi.o)
 .bss           0x00000000        0x0 c:/program files (x86)/atmel/studio/7.0/toolchain/avr8/avr8-gnu-toolchain/bin/../lib/gcc/avr/5.4.0/../../../../avr/lib/avr5\libm.a(fixunssfsi.o)
 .text          0x00000000        0x0 c:/program files (x86)/atmel/studio/7.0/toolchain/avr8/avr8-gnu-toolchain/bin/../lib/gcc/avr/5.4.0/../../../../avr/lib/avr5\libm.a(floatsisf.o)
 .data          0x00000000        0x0 c:/program files (x86)/atmel/studio/7.0/toolchain/avr8/avr8-gnu-toolchain/bin/../lib/gcc/avr/5.4.0/../../../../avr/lib/avr5\libm.a(floatsisf.o)
 .bss           0x00000000        0x0 c:/program files (x86)/atmel/studio/7.0/toolchain/avr8/avr8-gnu-toolchain/bin/../lib/gcc/avr/5.4.0/../../../../avr/lib/avr5\libm.a(floatsisf.o)
 .text          0x00000000        0x0 c:/program files (x86)/atmel/studio/7.0/toolchain/avr8/avr8-gnu-toolchain/bin/../lib/gcc/avr/5.4.0/../../../../avr/lib/avr5\libm.a(fp_inf.o)
 .data          0x00000000        0x0 c:/program files (x86)/atmel/studio/7.0/toolchain/avr8/avr8-gnu-toolchain/bin/../lib/gcc/avr/5.4.0/../../../../avr/lib/avr5\libm.a(fp_inf.o)
 .bss           0x00000000        0x0 c:/program files (x86)/atmel/studio/7.0/toolchain/avr8/avr8-gnu-toolchain/bin/../lib/gcc/avr/5.4.0/../../../../avr/lib/avr5\libm.a(fp_inf.o)
 .text          0x00000000        0x0 c:/program files (x86)/atmel/studio/7.0/toolchain/avr8/avr8-gnu-toolchain/bin/../lib/gcc/avr/5.4.0/../../../../avr/lib/avr5\libm.a(fp_nan.o)
 .data          0x00000000        0x0 c:/program files (x86)/atmel/studio/7.0/toolchain/avr8/avr8-gnu-toolchain/bin/../lib/gcc/avr/5.4.0/../../../../avr/lib/avr5\libm.a(fp_nan.o)
 .bss           0x00000000        0x0 c:/program files (x86)/atmel/studio/7.0/toolchain/avr8/avr8-gnu-toolchain/bin/../lib/gcc/avr/5.4.0/../../../../avr/lib/avr5\libm.a(fp_nan.o)
 .text          0x00000000        0x0 c:/program files (x86)/atmel/studio/7.0/toolchain/avr8/avr8-gnu-toolchain/bin/../lib/gcc/avr/5.4.0/../../../../avr/lib/avr5\libm.a(fp_pscA.o)
 .data          0x00000000        0x0 c:/program files (x86)/atmel/studio/7.0/toolchain/avr8/avr8-gnu-toolchain/bin/../lib/gcc/avr/5.4.0/../../../../avr/lib/avr5\libm.a(fp_pscA.o)
 .bss           0x00000000        0x0 c:/program files (x86)/atmel/studio/7.0/toolchain/avr8/avr8-gnu-toolchain/bin/../lib/gcc/avr/5.4.0/../../../../avr/lib/avr5\libm.a(fp_pscA.o)
 .text          0x00000000        0x0 c:/program files (x86)/atmel/studio/7.0/toolchain/avr8/avr8-gnu-toolchain/bin/../lib/gcc/avr/5.4.0/../../../../avr/lib/avr5\libm.a(fp_pscB.o)
 .data          0x00000000        0x0 c:/program files (x86)/atmel/studio/7.0/toolchain/avr8/avr8-gnu-toolchain/bin/../lib/gcc/avr/5.4.0/../../../../avr/lib/avr5\libm.a(fp_pscB.o)
 .bss           0x00000000        0x0 c:/program files (x86)/atmel/studio/7.0/toolchain/avr8/avr8-gnu-toolchain/bin/../lib/gcc/avr/5.4.0/../../../../avr/lib/avr5\libm.a(fp_pscB.o)
 .text          0x00000000        0x0 c:/program files (x86)/atmel/studio/7.0/toolchain/avr8/avr8-gnu-toolchain/bin/../lib/gcc/avr/5.4.0/../../../../avr/lib/avr5\libm.a(fp_round.o)
 .data          0x00000000        0x0 c:/program files (x86)/atmel/studio/7.0/toolchain/avr8/avr8-gnu-toolchain/bin/../lib/gcc/avr/5.4.0/../../../../avr/lib/avr5\libm.a(fp_round.o)
 .bss           0x00000000        0x0 c:/program files (x86)/atmel/studio/7.0/toolchain/avr8/avr8-gnu-toolchain/bin/../lib/gcc/avr/5.4.0/../../../../avr/lib/avr5\libm.a(fp_round.o)
 .text          0x00000000        0x0 c:/program files (x86)/atmel/studio/7.0/toolchain/avr8/avr8-gnu-toolchain/bin/../lib/gcc/avr/5.4.0/../../../../avr/lib/avr5\libm.a(fp_split3.o)
 .data          0x00000000        0x0 c:/program files (x86)/atmel/studio/7.0/toolchain/avr8/avr8-gnu-toolchain/bin/../lib/gcc/avr/5.4.0/../../../../avr/lib/avr5\libm.a(fp_split3.o)
 .bss           0x00000000        0x0 c:/program files (x86)/atmel/studio/7.0/toolchain/avr8/avr8-gnu-toolchain/bin/../lib/gcc/avr/5.4.0/../../../../avr/lib/avr5\libm.a(fp_split3.o)
 .text          0x00000000        0x0 c:/program files (x86)/atmel/studio/7.0/toolchain/avr8/avr8-gnu-toolchain/bin/../lib/gcc/avr/5.4.0/../../../../avr/lib/avr5\libm.a(fp_zero.o)
 .data          0x00000000        0x0 c:/program files (x86)/atmel/studio/7.0/toolchain/avr8/avr8-gnu-toolchain/bin/../lib/gcc/avr/5.4.0/../../../../avr/lib/avr5\libm.a(fp_zero.o)
 .bss           0x00000000        0x0 c:/program files (x86)/atmel/studio/7.0/toolchain/avr8/avr8-gnu-toolchain/bin/../lib/gcc/avr/5.4.0/../../../../avr/lib/avr5\libm.a(fp_zero.o)
 .text          0x00000000        0x0 c:/program files (x86)/atmel/studio/7.0/toolchain/avr8/avr8-gnu-toolchain/bin/../lib/gcc/avr/5.4.0/../../../../avr/lib/avr5\libm.a(mulsf3.o)
 .data          0x00000000        0x0 c:/program files (x86)/atmel/studio/7.0/toolchain/avr8/avr8-gnu-toolchain/bin/../lib/gcc/avr/5.4.0/../../../../avr/lib/avr5\libm.a(mulsf3.o)
 .bss           0x00000000        0x0 c:/program files (x86)/atmel/studio/7.0/toolchain/avr8/avr8-gnu-toolchain/bin/../lib/gcc/avr/5.4.0/../../../../avr/lib/avr5\libm.a(mulsf3.o)
 .text          0x00000000        0x0 c:/program files (x86)/atmel/studio/7.0/toolchain/avr8/avr8-gnu-toolchain/bin/../lib/gcc/avr/5.4.0/../../../../avr/lib/avr5\libm.a(mulsf3x.o)
 .data          0x00000000        0x0 c:/program files (x86)/atmel/studio/7.0/toolchain/avr8/avr8-gnu-toolchain/bin/../lib/gcc/avr/5.4.0/../../../../avr/lib/avr5\libm.a(mulsf3x.o)
 .bss           0x00000000        0x0 c:/program files (x86)/atmel/studio/7.0/toolchain/avr8/avr8-gnu-toolchain/bin/../lib/gcc/avr/5.4.0/../../../../avr/lib/avr5\libm.a(mulsf3x.o)
 .group         0x00000000        0x8 C:\Users\renzo\DOCUME~1\GitHub\DRONE-~1\3DPRIN~1\Hall\HALLTE~1.2\HALLTE~1.2\ARDUIN~1\Debug\libArduinoCore.a(HardwareSerial.o)
 .text          0x00000000        0x0 C:\Users\renzo\DOCUME~1\GitHub\DRONE-~1\3DPRIN~1\Hall\HALLTE~1.2\HALLTE~1.2\ARDUIN~1\Debug\libArduinoCore.a(HardwareSerial.o)
 .data          0x00000000        0x0 C:\Users\renzo\DOCUME~1\GitHub\DRONE-~1\3DPRIN~1\Hall\HALLTE~1.2\HALLTE~1.2\ARDUIN~1\Debug\libArduinoCore.a(HardwareSerial.o)
 .bss           0x00000000        0x0 C:\Users\renzo\DOCUME~1\GitHub\DRONE-~1\3DPRIN~1\Hall\HALLTE~1.2\HALLTE~1.2\ARDUIN~1\Debug\libArduinoCore.a(HardwareSerial.o)
 .text._ZN14HardwareSerial3endEv
                0x00000000       0x44 C:\Users\renzo\DOCUME~1\GitHub\DRONE-~1\3DPRIN~1\Hall\HALLTE~1.2\HALLTE~1.2\ARDUIN~1\Debug\libArduinoCore.a(HardwareSerial.o)
 .text._ZN14HardwareSerial17availableForWriteEv
                0x00000000       0x1e C:\Users\renzo\DOCUME~1\GitHub\DRONE-~1\3DPRIN~1\Hall\HALLTE~1.2\HALLTE~1.2\ARDUIN~1\Debug\libArduinoCore.a(HardwareSerial.o)
 .text          0x00000000        0x0 C:\Users\renzo\DOCUME~1\GitHub\DRONE-~1\3DPRIN~1\Hall\HALLTE~1.2\HALLTE~1.2\ARDUIN~1\Debug\libArduinoCore.a(HardwareSerial0.o)
 .data          0x00000000        0x0 C:\Users\renzo\DOCUME~1\GitHub\DRONE-~1\3DPRIN~1\Hall\HALLTE~1.2\HALLTE~1.2\ARDUIN~1\Debug\libArduinoCore.a(HardwareSerial0.o)
 .bss           0x00000000        0x0 C:\Users\renzo\DOCUME~1\GitHub\DRONE-~1\3DPRIN~1\Hall\HALLTE~1.2\HALLTE~1.2\ARDUIN~1\Debug\libArduinoCore.a(HardwareSerial0.o)
 .text          0x00000000        0x0 C:\Users\renzo\DOCUME~1\GitHub\DRONE-~1\3DPRIN~1\Hall\HALLTE~1.2\HALLTE~1.2\ARDUIN~1\Debug\libArduinoCore.a(main.o)
 .data          0x00000000        0x0 C:\Users\renzo\DOCUME~1\GitHub\DRONE-~1\3DPRIN~1\Hall\HALLTE~1.2\HALLTE~1.2\ARDUIN~1\Debug\libArduinoCore.a(main.o)
 .bss           0x00000000        0x0 C:\Users\renzo\DOCUME~1\GitHub\DRONE-~1\3DPRIN~1\Hall\HALLTE~1.2\HALLTE~1.2\ARDUIN~1\Debug\libArduinoCore.a(main.o)
 .text.atexit   0x00000000        0x6 C:\Users\renzo\DOCUME~1\GitHub\DRONE-~1\3DPRIN~1\Hall\HALLTE~1.2\HALLTE~1.2\ARDUIN~1\Debug\libArduinoCore.a(main.o)
 .text._Z8setupUSBv
                0x00000000        0x2 C:\Users\renzo\DOCUME~1\GitHub\DRONE-~1\3DPRIN~1\Hall\HALLTE~1.2\HALLTE~1.2\ARDUIN~1\Debug\libArduinoCore.a(main.o)
 .group         0x00000000        0x8 C:\Users\renzo\DOCUME~1\GitHub\DRONE-~1\3DPRIN~1\Hall\HALLTE~1.2\HALLTE~1.2\ARDUIN~1\Debug\libArduinoCore.a(Print.o)
 .group         0x00000000        0x8 C:\Users\renzo\DOCUME~1\GitHub\DRONE-~1\3DPRIN~1\Hall\HALLTE~1.2\HALLTE~1.2\ARDUIN~1\Debug\libArduinoCore.a(Print.o)
 .text          0x00000000        0x0 C:\Users\renzo\DOCUME~1\GitHub\DRONE-~1\3DPRIN~1\Hall\HALLTE~1.2\HALLTE~1.2\ARDUIN~1\Debug\libArduinoCore.a(Print.o)
 .data          0x00000000        0x0 C:\Users\renzo\DOCUME~1\GitHub\DRONE-~1\3DPRIN~1\Hall\HALLTE~1.2\HALLTE~1.2\ARDUIN~1\Debug\libArduinoCore.a(Print.o)
 .bss           0x00000000        0x0 C:\Users\renzo\DOCUME~1\GitHub\DRONE-~1\3DPRIN~1\Hall\HALLTE~1.2\HALLTE~1.2\ARDUIN~1\Debug\libArduinoCore.a(Print.o)
 .text._ZN5Print5printEPK19__FlashStringHelper
                0x00000000       0x48 C:\Users\renzo\DOCUME~1\GitHub\DRONE-~1\3DPRIN~1\Hall\HALLTE~1.2\HALLTE~1.2\ARDUIN~1\Debug\libArduinoCore.a(Print.o)
 .text._ZN5Print5printERK6String
                0x00000000       0x1c C:\Users\renzo\DOCUME~1\GitHub\DRONE-~1\3DPRIN~1\Hall\HALLTE~1.2\HALLTE~1.2\ARDUIN~1\Debug\libArduinoCore.a(Print.o)
 .text._ZN5Print5printERK9Printable
                0x00000000       0x14 C:\Users\renzo\DOCUME~1\GitHub\DRONE-~1\3DPRIN~1\Hall\HALLTE~1.2\HALLTE~1.2\ARDUIN~1\Debug\libArduinoCore.a(Print.o)
 .rodata.str1.1
                0x00000000       0x11 C:\Users\renzo\DOCUME~1\GitHub\DRONE-~1\3DPRIN~1\Hall\HALLTE~1.2\HALLTE~1.2\ARDUIN~1\Debug\libArduinoCore.a(Print.o)
 .text._ZN5Print7printlnEv
                0x00000000        0x8 C:\Users\renzo\DOCUME~1\GitHub\DRONE-~1\3DPRIN~1\Hall\HALLTE~1.2\HALLTE~1.2\ARDUIN~1\Debug\libArduinoCore.a(Print.o)
 .text._ZN5Print7printlnEPK19__FlashStringHelper
                0x00000000       0x24 C:\Users\renzo\DOCUME~1\GitHub\DRONE-~1\3DPRIN~1\Hall\HALLTE~1.2\HALLTE~1.2\ARDUIN~1\Debug\libArduinoCore.a(Print.o)
 .text._ZN5Print7printlnERK6String
                0x00000000       0x24 C:\Users\renzo\DOCUME~1\GitHub\DRONE-~1\3DPRIN~1\Hall\HALLTE~1.2\HALLTE~1.2\ARDUIN~1\Debug\libArduinoCore.a(Print.o)
 .text._ZN5Print7printlnEPKc
                0x00000000       0x24 C:\Users\renzo\DOCUME~1\GitHub\DRONE-~1\3DPRIN~1\Hall\HALLTE~1.2\HALLTE~1.2\ARDUIN~1\Debug\libArduinoCore.a(Print.o)
 .text._ZN5Print7printlnEc
                0x00000000       0x24 C:\Users\renzo\DOCUME~1\GitHub\DRONE-~1\3DPRIN~1\Hall\HALLTE~1.2\HALLTE~1.2\ARDUIN~1\Debug\libArduinoCore.a(Print.o)
 .text._ZN5Print7printlnERK9Printable
                0x00000000       0x24 C:\Users\renzo\DOCUME~1\GitHub\DRONE-~1\3DPRIN~1\Hall\HALLTE~1.2\HALLTE~1.2\ARDUIN~1\Debug\libArduinoCore.a(Print.o)
 .text._ZN5Print5printEmi
                0x00000000       0x1a C:\Users\renzo\DOCUME~1\GitHub\DRONE-~1\3DPRIN~1\Hall\HALLTE~1.2\HALLTE~1.2\ARDUIN~1\Debug\libArduinoCore.a(Print.o)
 .text._ZN5Print5printEhi
                0x00000000        0xe C:\Users\renzo\DOCUME~1\GitHub\DRONE-~1\3DPRIN~1\Hall\HALLTE~1.2\HALLTE~1.2\ARDUIN~1\Debug\libArduinoCore.a(Print.o)
 .text._ZN5Print7printlnEhi
                0x00000000       0x24 C:\Users\renzo\DOCUME~1\GitHub\DRONE-~1\3DPRIN~1\Hall\HALLTE~1.2\HALLTE~1.2\ARDUIN~1\Debug\libArduinoCore.a(Print.o)
 .text._ZN5Print5printEji
                0x00000000        0xc C:\Users\renzo\DOCUME~1\GitHub\DRONE-~1\3DPRIN~1\Hall\HALLTE~1.2\HALLTE~1.2\ARDUIN~1\Debug\libArduinoCore.a(Print.o)
 .text._ZN5Print7printlnEji
                0x00000000       0x24 C:\Users\renzo\DOCUME~1\GitHub\DRONE-~1\3DPRIN~1\Hall\HALLTE~1.2\HALLTE~1.2\ARDUIN~1\Debug\libArduinoCore.a(Print.o)
 .text._ZN5Print7printlnEmi
                0x00000000       0x24 C:\Users\renzo\DOCUME~1\GitHub\DRONE-~1\3DPRIN~1\Hall\HALLTE~1.2\HALLTE~1.2\ARDUIN~1\Debug\libArduinoCore.a(Print.o)
 .text._ZN5Print7printlnEii
                0x00000000       0x24 C:\Users\renzo\DOCUME~1\GitHub\DRONE-~1\3DPRIN~1\Hall\HALLTE~1.2\HALLTE~1.2\ARDUIN~1\Debug\libArduinoCore.a(Print.o)
 .text._ZN5Print7printlnEli
                0x00000000       0x24 C:\Users\renzo\DOCUME~1\GitHub\DRONE-~1\3DPRIN~1\Hall\HALLTE~1.2\HALLTE~1.2\ARDUIN~1\Debug\libArduinoCore.a(Print.o)
 .text._ZN5Print10printFloatEdh
                0x00000000      0x1ba C:\Users\renzo\DOCUME~1\GitHub\DRONE-~1\3DPRIN~1\Hall\HALLTE~1.2\HALLTE~1.2\ARDUIN~1\Debug\libArduinoCore.a(Print.o)
 .text._ZN5Print5printEdi
                0x00000000        0x4 C:\Users\renzo\DOCUME~1\GitHub\DRONE-~1\3DPRIN~1\Hall\HALLTE~1.2\HALLTE~1.2\ARDUIN~1\Debug\libArduinoCore.a(Print.o)
 .text._ZN5Print7printlnEdi
                0x00000000       0x24 C:\Users\renzo\DOCUME~1\GitHub\DRONE-~1\3DPRIN~1\Hall\HALLTE~1.2\HALLTE~1.2\ARDUIN~1\Debug\libArduinoCore.a(Print.o)
 .rodata._ZTV5Print
                0x00000000        0x8 C:\Users\renzo\DOCUME~1\GitHub\DRONE-~1\3DPRIN~1\Hall\HALLTE~1.2\HALLTE~1.2\ARDUIN~1\Debug\libArduinoCore.a(Print.o)
 .text          0x00000000        0x0 C:\Users\renzo\DOCUME~1\GitHub\DRONE-~1\3DPRIN~1\Hall\HALLTE~1.2\HALLTE~1.2\ARDUIN~1\Debug\libArduinoCore.a(wiring.o)
 .data          0x00000000        0x0 C:\Users\renzo\DOCUME~1\GitHub\DRONE-~1\3DPRIN~1\Hall\HALLTE~1.2\HALLTE~1.2\ARDUIN~1\Debug\libArduinoCore.a(wiring.o)
 .bss           0x00000000        0x0 C:\Users\renzo\DOCUME~1\GitHub\DRONE-~1\3DPRIN~1\Hall\HALLTE~1.2\HALLTE~1.2\ARDUIN~1\Debug\libArduinoCore.a(wiring.o)
 .text.millis   0x00000000       0x18 C:\Users\renzo\DOCUME~1\GitHub\DRONE-~1\3DPRIN~1\Hall\HALLTE~1.2\HALLTE~1.2\ARDUIN~1\Debug\libArduinoCore.a(wiring.o)
 .text.delayMicroseconds
                0x00000000       0x16 C:\Users\renzo\DOCUME~1\GitHub\DRONE-~1\3DPRIN~1\Hall\HALLTE~1.2\HALLTE~1.2\ARDUIN~1\Debug\libArduinoCore.a(wiring.o)
 .text          0x00000000        0x0 C:\Users\renzo\DOCUME~1\GitHub\DRONE-~1\3DPRIN~1\Hall\HALLTE~1.2\HALLTE~1.2\ARDUIN~1\Debug\libArduinoCore.a(wiring_digital.o)
 .data          0x00000000        0x0 C:\Users\renzo\DOCUME~1\GitHub\DRONE-~1\3DPRIN~1\Hall\HALLTE~1.2\HALLTE~1.2\ARDUIN~1\Debug\libArduinoCore.a(wiring_digital.o)
 .bss           0x00000000        0x0 C:\Users\renzo\DOCUME~1\GitHub\DRONE-~1\3DPRIN~1\Hall\HALLTE~1.2\HALLTE~1.2\ARDUIN~1\Debug\libArduinoCore.a(wiring_digital.o)
 .text          0x00000000        0x0 C:\Users\renzo\DOCUME~1\GitHub\DRONE-~1\3DPRIN~1\Hall\HALLTE~1.2\HALLTE~1.2\ARDUIN~1\Debug\libArduinoCore.a(abi.o)
 .data          0x00000000        0x0 C:\Users\renzo\DOCUME~1\GitHub\DRONE-~1\3DPRIN~1\Hall\HALLTE~1.2\HALLTE~1.2\ARDUIN~1\Debug\libArduinoCore.a(abi.o)
 .bss           0x00000000        0x0 C:\Users\renzo\DOCUME~1\GitHub\DRONE-~1\3DPRIN~1\Hall\HALLTE~1.2\HALLTE~1.2\ARDUIN~1\Debug\libArduinoCore.a(abi.o)
 .text.__cxa_pure_virtual
                0x00000000        0x4 C:\Users\renzo\DOCUME~1\GitHub\DRONE-~1\3DPRIN~1\Hall\HALLTE~1.2\HALLTE~1.2\ARDUIN~1\Debug\libArduinoCore.a(abi.o)
 .text.__cxa_deleted_virtual
                0x00000000        0x4 C:\Users\renzo\DOCUME~1\GitHub\DRONE-~1\3DPRIN~1\Hall\HALLTE~1.2\HALLTE~1.2\ARDUIN~1\Debug\libArduinoCore.a(abi.o)
 .debug_info    0x00000000       0x76 C:\Users\renzo\DOCUME~1\GitHub\DRONE-~1\3DPRIN~1\Hall\HALLTE~1.2\HALLTE~1.2\ARDUIN~1\Debug\libArduinoCore.a(abi.o)
 .debug_abbrev  0x00000000       0x6d C:\Users\renzo\DOCUME~1\GitHub\DRONE-~1\3DPRIN~1\Hall\HALLTE~1.2\HALLTE~1.2\ARDUIN~1\Debug\libArduinoCore.a(abi.o)
 .debug_aranges
                0x00000000       0x20 C:\Users\renzo\DOCUME~1\GitHub\DRONE-~1\3DPRIN~1\Hall\HALLTE~1.2\HALLTE~1.2\ARDUIN~1\Debug\libArduinoCore.a(abi.o)
 .debug_ranges  0x00000000       0x10 C:\Users\renzo\DOCUME~1\GitHub\DRONE-~1\3DPRIN~1\Hall\HALLTE~1.2\HALLTE~1.2\ARDUIN~1\Debug\libArduinoCore.a(abi.o)
 .debug_line    0x00000000       0xa9 C:\Users\renzo\DOCUME~1\GitHub\DRONE-~1\3DPRIN~1\Hall\HALLTE~1.2\HALLTE~1.2\ARDUIN~1\Debug\libArduinoCore.a(abi.o)
 .debug_str     0x00000000      0x1b3 C:\Users\renzo\DOCUME~1\GitHub\DRONE-~1\3DPRIN~1\Hall\HALLTE~1.2\HALLTE~1.2\ARDUIN~1\Debug\libArduinoCore.a(abi.o)
 .comment       0x00000000       0x31 C:\Users\renzo\DOCUME~1\GitHub\DRONE-~1\3DPRIN~1\Hall\HALLTE~1.2\HALLTE~1.2\ARDUIN~1\Debug\libArduinoCore.a(abi.o)
 .debug_frame   0x00000000       0x34 C:\Users\renzo\DOCUME~1\GitHub\DRONE-~1\3DPRIN~1\Hall\HALLTE~1.2\HALLTE~1.2\ARDUIN~1\Debug\libArduinoCore.a(abi.o)
 .text          0x00000000        0x0 C:\Users\renzo\DOCUME~1\GitHub\DRONE-~1\3DPRIN~1\Hall\HALLTE~1.2\HALLTE~1.2\ARDUIN~1\Debug\libArduinoCore.a(hooks.o)
 .data          0x00000000        0x0 C:\Users\renzo\DOCUME~1\GitHub\DRONE-~1\3DPRIN~1\Hall\HALLTE~1.2\HALLTE~1.2\ARDUIN~1\Debug\libArduinoCore.a(hooks.o)
 .bss           0x00000000        0x0 C:\Users\renzo\DOCUME~1\GitHub\DRONE-~1\3DPRIN~1\Hall\HALLTE~1.2\HALLTE~1.2\ARDUIN~1\Debug\libArduinoCore.a(hooks.o)
 .text          0x00000000        0x0 c:/program files (x86)/atmel/studio/7.0/toolchain/avr8/avr8-gnu-toolchain/bin/../lib/gcc/avr/5.4.0/../../../../avr/lib/avr5\libm.a(cmpsf2.o)
 .data          0x00000000        0x0 c:/program files (x86)/atmel/studio/7.0/toolchain/avr8/avr8-gnu-toolchain/bin/../lib/gcc/avr/5.4.0/../../../../avr/lib/avr5\libm.a(cmpsf2.o)
 .bss           0x00000000        0x0 c:/program files (x86)/atmel/studio/7.0/toolchain/avr8/avr8-gnu-toolchain/bin/../lib/gcc/avr/5.4.0/../../../../avr/lib/avr5\libm.a(cmpsf2.o)
 .text.avr-libc.fplib
                0x00000000        0xa c:/program files (x86)/atmel/studio/7.0/toolchain/avr8/avr8-gnu-toolchain/bin/../lib/gcc/avr/5.4.0/../../../../avr/lib/avr5\libm.a(cmpsf2.o)
 .text          0x00000000        0x0 c:/program files (x86)/atmel/studio/7.0/toolchain/avr8/avr8-gnu-toolchain/bin/../lib/gcc/avr/5.4.0/../../../../avr/lib/avr5\libm.a(fixsfsi.o)
 .data          0x00000000        0x0 c:/program files (x86)/atmel/studio/7.0/toolchain/avr8/avr8-gnu-toolchain/bin/../lib/gcc/avr/5.4.0/../../../../avr/lib/avr5\libm.a(fixsfsi.o)
 .bss           0x00000000        0x0 c:/program files (x86)/atmel/studio/7.0/toolchain/avr8/avr8-gnu-toolchain/bin/../lib/gcc/avr/5.4.0/../../../../avr/lib/avr5\libm.a(fixsfsi.o)
 .text.avr-libc.fplib
                0x00000000        0xe c:/program files (x86)/atmel/studio/7.0/toolchain/avr8/avr8-gnu-toolchain/bin/../lib/gcc/avr/5.4.0/../../../../avr/lib/avr5\libm.a(fixsfsi.o)
 .text          0x00000000        0x0 c:/program files (x86)/atmel/studio/7.0/toolchain/avr8/avr8-gnu-toolchain/bin/../lib/gcc/avr/5.4.0/../../../../avr/lib/avr5\libm.a(fp_cmp.o)
 .data          0x00000000        0x0 c:/program files (x86)/atmel/studio/7.0/toolchain/avr8/avr8-gnu-toolchain/bin/../lib/gcc/avr/5.4.0/../../../../avr/lib/avr5\libm.a(fp_cmp.o)
 .bss           0x00000000        0x0 c:/program files (x86)/atmel/studio/7.0/toolchain/avr8/avr8-gnu-toolchain/bin/../lib/gcc/avr/5.4.0/../../../../avr/lib/avr5\libm.a(fp_cmp.o)
 .text.avr-libc.fplib
                0x00000000       0x48 c:/program files (x86)/atmel/studio/7.0/toolchain/avr8/avr8-gnu-toolchain/bin/../lib/gcc/avr/5.4.0/../../../../avr/lib/avr5\libm.a(fp_cmp.o)
 .text          0x00000000        0x0 c:/program files (x86)/atmel/studio/7.0/toolchain/avr8/avr8-gnu-toolchain/bin/../lib/gcc/avr/5.4.0/../../../../avr/lib/avr5\libm.a(gesf2.o)
 .data          0x00000000        0x0 c:/program files (x86)/atmel/studio/7.0/toolchain/avr8/avr8-gnu-toolchain/bin/../lib/gcc/avr/5.4.0/../../../../avr/lib/avr5\libm.a(gesf2.o)
 .bss           0x00000000        0x0 c:/program files (x86)/atmel/studio/7.0/toolchain/avr8/avr8-gnu-toolchain/bin/../lib/gcc/avr/5.4.0/../../../../avr/lib/avr5\libm.a(gesf2.o)
 .text.avr-libc.fplib
                0x00000000        0xa c:/program files (x86)/atmel/studio/7.0/toolchain/avr8/avr8-gnu-toolchain/bin/../lib/gcc/avr/5.4.0/../../../../avr/lib/avr5\libm.a(gesf2.o)
 .text          0x00000000        0x0 c:/program files (x86)/atmel/studio/7.0/toolchain/avr8/avr8-gnu-toolchain/bin/../lib/gcc/avr/5.4.0/../../../../avr/lib/avr5\libm.a(unordsf2.o)
 .data          0x00000000        0x0 c:/program files (x86)/atmel/studio/7.0/toolchain/avr8/avr8-gnu-toolchain/bin/../lib/gcc/avr/5.4.0/../../../../avr/lib/avr5\libm.a(unordsf2.o)
 .bss           0x00000000        0x0 c:/program files (x86)/atmel/studio/7.0/toolchain/avr8/avr8-gnu-toolchain/bin/../lib/gcc/avr/5.4.0/../../../../avr/lib/avr5\libm.a(unordsf2.o)
 .text.avr-libc.fplib
                0x00000000        0xa c:/program files (x86)/atmel/studio/7.0/toolchain/avr8/avr8-gnu-toolchain/bin/../lib/gcc/avr/5.4.0/../../../../avr/lib/avr5\libm.a(unordsf2.o)
 .text          0x00000000        0x0 c:/program files (x86)/atmel/studio/7.0/toolchain/avr8/avr8-gnu-toolchain/bin/../lib/gcc/avr/5.4.0/avr5\libgcc.a(_mulsi3.o)
 .data          0x00000000        0x0 c:/program files (x86)/atmel/studio/7.0/toolchain/avr8/avr8-gnu-toolchain/bin/../lib/gcc/avr/5.4.0/avr5\libgcc.a(_mulsi3.o)
 .bss           0x00000000        0x0 c:/program files (x86)/atmel/studio/7.0/toolchain/avr8/avr8-gnu-toolchain/bin/../lib/gcc/avr/5.4.0/avr5\libgcc.a(_mulsi3.o)
 .text.libgcc.mul
                0x00000000       0x20 c:/program files (x86)/atmel/studio/7.0/toolchain/avr8/avr8-gnu-toolchain/bin/../lib/gcc/avr/5.4.0/avr5\libgcc.a(_mulsi3.o)
 .text.libgcc.div
                0x00000000        0x0 c:/program files (x86)/atmel/studio/7.0/toolchain/avr8/avr8-gnu-toolchain/bin/../lib/gcc/avr/5.4.0/avr5\libgcc.a(_mulsi3.o)
 .text.libgcc   0x00000000        0x0 c:/program files (x86)/atmel/studio/7.0/toolchain/avr8/avr8-gnu-toolchain/bin/../lib/gcc/avr/5.4.0/avr5\libgcc.a(_mulsi3.o)
 .text.libgcc.prologue
                0x00000000        0x0 c:/program files (x86)/atmel/studio/7.0/toolchain/avr8/avr8-gnu-toolchain/bin/../lib/gcc/avr/5.4.0/avr5\libgcc.a(_mulsi3.o)
 .text.libgcc.builtins
                0x00000000        0x0 c:/program files (x86)/atmel/studio/7.0/toolchain/avr8/avr8-gnu-toolchain/bin/../lib/gcc/avr/5.4.0/avr5\libgcc.a(_mulsi3.o)
 .text.libgcc.fmul
                0x00000000        0x0 c:/program files (x86)/atmel/studio/7.0/toolchain/avr8/avr8-gnu-toolchain/bin/../lib/gcc/avr/5.4.0/avr5\libgcc.a(_mulsi3.o)
 .text.libgcc.fixed
                0x00000000        0x0 c:/program files (x86)/atmel/studio/7.0/toolchain/avr8/avr8-gnu-toolchain/bin/../lib/gcc/avr/5.4.0/avr5\libgcc.a(_mulsi3.o)
 .text          0x00000000        0x0 c:/program files (x86)/atmel/studio/7.0/toolchain/avr8/avr8-gnu-toolchain/bin/../lib/gcc/avr/5.4.0/avr5\libgcc.a(_udivmodsi4.o)
 .data          0x00000000        0x0 c:/program files (x86)/atmel/studio/7.0/toolchain/avr8/avr8-gnu-toolchain/bin/../lib/gcc/avr/5.4.0/avr5\libgcc.a(_udivmodsi4.o)
 .bss           0x00000000        0x0 c:/program files (x86)/atmel/studio/7.0/toolchain/avr8/avr8-gnu-toolchain/bin/../lib/gcc/avr/5.4.0/avr5\libgcc.a(_udivmodsi4.o)
 .text.libgcc.mul
                0x00000000        0x0 c:/program files (x86)/atmel/studio/7.0/toolchain/avr8/avr8-gnu-toolchain/bin/../lib/gcc/avr/5.4.0/avr5\libgcc.a(_udivmodsi4.o)
 .text.libgcc   0x00000000        0x0 c:/program files (x86)/atmel/studio/7.0/toolchain/avr8/avr8-gnu-toolchain/bin/../lib/gcc/avr/5.4.0/avr5\libgcc.a(_udivmodsi4.o)
 .text.libgcc.prologue
                0x00000000        0x0 c:/program files (x86)/atmel/studio/7.0/toolchain/avr8/avr8-gnu-toolchain/bin/../lib/gcc/avr/5.4.0/avr5\libgcc.a(_udivmodsi4.o)
 .text.libgcc.builtins
                0x00000000        0x0 c:/program files (x86)/atmel/studio/7.0/toolchain/avr8/avr8-gnu-toolchain/bin/../lib/gcc/avr/5.4.0/avr5\libgcc.a(_udivmodsi4.o)
 .text.libgcc.fmul
                0x00000000        0x0 c:/program files (x86)/atmel/studio/7.0/toolchain/avr8/avr8-gnu-toolchain/bin/../lib/gcc/avr/5.4.0/avr5\libgcc.a(_udivmodsi4.o)
 .text.libgcc.fixed
                0x00000000        0x0 c:/program files (x86)/atmel/studio/7.0/toolchain/avr8/avr8-gnu-toolchain/bin/../lib/gcc/avr/5.4.0/avr5\libgcc.a(_udivmodsi4.o)
 .text          0x00000000        0x0 c:/program files (x86)/atmel/studio/7.0/toolchain/avr8/avr8-gnu-toolchain/bin/../lib/gcc/avr/5.4.0/avr5\libgcc.a(_exit.o)
 .data          0x00000000        0x0 c:/program files (x86)/atmel/studio/7.0/toolchain/avr8/avr8-gnu-toolchain/bin/../lib/gcc/avr/5.4.0/avr5\libgcc.a(_exit.o)
 .bss           0x00000000        0x0 c:/program files (x86)/atmel/studio/7.0/toolchain/avr8/avr8-gnu-toolchain/bin/../lib/gcc/avr/5.4.0/avr5\libgcc.a(_exit.o)
 .text.libgcc.mul
                0x00000000        0x0 c:/program files (x86)/atmel/studio/7.0/toolchain/avr8/avr8-gnu-toolchain/bin/../lib/gcc/avr/5.4.0/avr5\libgcc.a(_exit.o)
 .text.libgcc.div
                0x00000000        0x0 c:/program files (x86)/atmel/studio/7.0/toolchain/avr8/avr8-gnu-toolchain/bin/../lib/gcc/avr/5.4.0/avr5\libgcc.a(_exit.o)
 .text.libgcc   0x00000000        0x0 c:/program files (x86)/atmel/studio/7.0/toolchain/avr8/avr8-gnu-toolchain/bin/../lib/gcc/avr/5.4.0/avr5\libgcc.a(_exit.o)
 .text.libgcc.prologue
                0x00000000        0x0 c:/program files (x86)/atmel/studio/7.0/toolchain/avr8/avr8-gnu-toolchain/bin/../lib/gcc/avr/5.4.0/avr5\libgcc.a(_exit.o)
 .text.libgcc.builtins
                0x00000000        0x0 c:/program files (x86)/atmel/studio/7.0/toolchain/avr8/avr8-gnu-toolchain/bin/../lib/gcc/avr/5.4.0/avr5\libgcc.a(_exit.o)
 .text.libgcc.fmul
                0x00000000        0x0 c:/program files (x86)/atmel/studio/7.0/toolchain/avr8/avr8-gnu-toolchain/bin/../lib/gcc/avr/5.4.0/avr5\libgcc.a(_exit.o)
 .text.libgcc.fixed
                0x00000000        0x0 c:/program files (x86)/atmel/studio/7.0/toolchain/avr8/avr8-gnu-toolchain/bin/../lib/gcc/avr/5.4.0/avr5\libgcc.a(_exit.o)
 .text          0x00000000        0x0 c:/program files (x86)/atmel/studio/7.0/toolchain/avr8/avr8-gnu-toolchain/bin/../lib/gcc/avr/5.4.0/avr5\libgcc.a(_copy_data.o)
 .data          0x00000000        0x0 c:/program files (x86)/atmel/studio/7.0/toolchain/avr8/avr8-gnu-toolchain/bin/../lib/gcc/avr/5.4.0/avr5\libgcc.a(_copy_data.o)
 .bss           0x00000000        0x0 c:/program files (x86)/atmel/studio/7.0/toolchain/avr8/avr8-gnu-toolchain/bin/../lib/gcc/avr/5.4.0/avr5\libgcc.a(_copy_data.o)
 .text.libgcc.mul
                0x00000000        0x0 c:/program files (x86)/atmel/studio/7.0/toolchain/avr8/avr8-gnu-toolchain/bin/../lib/gcc/avr/5.4.0/avr5\libgcc.a(_copy_data.o)
 .text.libgcc.div
                0x00000000        0x0 c:/program files (x86)/atmel/studio/7.0/toolchain/avr8/avr8-gnu-toolchain/bin/../lib/gcc/avr/5.4.0/avr5\libgcc.a(_copy_data.o)
 .text.libgcc   0x00000000        0x0 c:/program files (x86)/atmel/studio/7.0/toolchain/avr8/avr8-gnu-toolchain/bin/../lib/gcc/avr/5.4.0/avr5\libgcc.a(_copy_data.o)
 .text.libgcc.prologue
                0x00000000        0x0 c:/program files (x86)/atmel/studio/7.0/toolchain/avr8/avr8-gnu-toolchain/bin/../lib/gcc/avr/5.4.0/avr5\libgcc.a(_copy_data.o)
 .text.libgcc.builtins
                0x00000000        0x0 c:/program files (x86)/atmel/studio/7.0/toolchain/avr8/avr8-gnu-toolchain/bin/../lib/gcc/avr/5.4.0/avr5\libgcc.a(_copy_data.o)
 .text.libgcc.fmul
                0x00000000        0x0 c:/program files (x86)/atmel/studio/7.0/toolchain/avr8/avr8-gnu-toolchain/bin/../lib/gcc/avr/5.4.0/avr5\libgcc.a(_copy_data.o)
 .text.libgcc.fixed
                0x00000000        0x0 c:/program files (x86)/atmel/studio/7.0/toolchain/avr8/avr8-gnu-toolchain/bin/../lib/gcc/avr/5.4.0/avr5\libgcc.a(_copy_data.o)
 .text          0x00000000        0x0 c:/program files (x86)/atmel/studio/7.0/toolchain/avr8/avr8-gnu-toolchain/bin/../lib/gcc/avr/5.4.0/avr5\libgcc.a(_clear_bss.o)
 .data          0x00000000        0x0 c:/program files (x86)/atmel/studio/7.0/toolchain/avr8/avr8-gnu-toolchain/bin/../lib/gcc/avr/5.4.0/avr5\libgcc.a(_clear_bss.o)
 .bss           0x00000000        0x0 c:/program files (x86)/atmel/studio/7.0/toolchain/avr8/avr8-gnu-toolchain/bin/../lib/gcc/avr/5.4.0/avr5\libgcc.a(_clear_bss.o)
 .text.libgcc.mul
                0x00000000        0x0 c:/program files (x86)/atmel/studio/7.0/toolchain/avr8/avr8-gnu-toolchain/bin/../lib/gcc/avr/5.4.0/avr5\libgcc.a(_clear_bss.o)
 .text.libgcc.div
                0x00000000        0x0 c:/program files (x86)/atmel/studio/7.0/toolchain/avr8/avr8-gnu-toolchain/bin/../lib/gcc/avr/5.4.0/avr5\libgcc.a(_clear_bss.o)
 .text.libgcc   0x00000000        0x0 c:/program files (x86)/atmel/studio/7.0/toolchain/avr8/avr8-gnu-toolchain/bin/../lib/gcc/avr/5.4.0/avr5\libgcc.a(_clear_bss.o)
 .text.libgcc.prologue
                0x00000000        0x0 c:/program files (x86)/atmel/studio/7.0/toolchain/avr8/avr8-gnu-toolchain/bin/../lib/gcc/avr/5.4.0/avr5\libgcc.a(_clear_bss.o)
 .text.libgcc.builtins
                0x00000000        0x0 c:/program files (x86)/atmel/studio/7.0/toolchain/avr8/avr8-gnu-toolchain/bin/../lib/gcc/avr/5.4.0/avr5\libgcc.a(_clear_bss.o)
 .text.libgcc.fmul
                0x00000000        0x0 c:/program files (x86)/atmel/studio/7.0/toolchain/avr8/avr8-gnu-toolchain/bin/../lib/gcc/avr/5.4.0/avr5\libgcc.a(_clear_bss.o)
 .text.libgcc.fixed
                0x00000000        0x0 c:/program files (x86)/atmel/studio/7.0/toolchain/avr8/avr8-gnu-toolchain/bin/../lib/gcc/avr/5.4.0/avr5\libgcc.a(_clear_bss.o)
 .text          0x00000000        0x0 c:/program files (x86)/atmel/studio/7.0/toolchain/avr8/avr8-gnu-toolchain/bin/../lib/gcc/avr/5.4.0/avr5\libgcc.a(_ctors.o)
 .data          0x00000000        0x0 c:/program files (x86)/atmel/studio/7.0/toolchain/avr8/avr8-gnu-toolchain/bin/../lib/gcc/avr/5.4.0/avr5\libgcc.a(_ctors.o)
 .bss           0x00000000        0x0 c:/program files (x86)/atmel/studio/7.0/toolchain/avr8/avr8-gnu-toolchain/bin/../lib/gcc/avr/5.4.0/avr5\libgcc.a(_ctors.o)
 .text.libgcc.mul
                0x00000000        0x0 c:/program files (x86)/atmel/studio/7.0/toolchain/avr8/avr8-gnu-toolchain/bin/../lib/gcc/avr/5.4.0/avr5\libgcc.a(_ctors.o)
 .text.libgcc.div
                0x00000000        0x0 c:/program files (x86)/atmel/studio/7.0/toolchain/avr8/avr8-gnu-toolchain/bin/../lib/gcc/avr/5.4.0/avr5\libgcc.a(_ctors.o)
 .text.libgcc   0x00000000        0x0 c:/program files (x86)/atmel/studio/7.0/toolchain/avr8/avr8-gnu-toolchain/bin/../lib/gcc/avr/5.4.0/avr5\libgcc.a(_ctors.o)
 .text.libgcc.prologue
                0x00000000        0x0 c:/program files (x86)/atmel/studio/7.0/toolchain/avr8/avr8-gnu-toolchain/bin/../lib/gcc/avr/5.4.0/avr5\libgcc.a(_ctors.o)
 .text.libgcc.builtins
                0x00000000        0x0 c:/program files (x86)/atmel/studio/7.0/toolchain/avr8/avr8-gnu-toolchain/bin/../lib/gcc/avr/5.4.0/avr5\libgcc.a(_ctors.o)
 .text.libgcc.fmul
                0x00000000        0x0 c:/program files (x86)/atmel/studio/7.0/toolchain/avr8/avr8-gnu-toolchain/bin/../lib/gcc/avr/5.4.0/avr5\libgcc.a(_ctors.o)
 .text.libgcc.fixed
                0x00000000        0x0 c:/program files (x86)/atmel/studio/7.0/toolchain/avr8/avr8-gnu-toolchain/bin/../lib/gcc/avr/5.4.0/avr5\libgcc.a(_ctors.o)
 .text          0x00000000        0x0 c:/program files (x86)/atmel/studio/7.0/toolchain/avr8/avr8-gnu-toolchain/bin/../lib/gcc/avr/5.4.0/avr5\libgcc.a(_muluhisi3.o)
 .data          0x00000000        0x0 c:/program files (x86)/atmel/studio/7.0/toolchain/avr8/avr8-gnu-toolchain/bin/../lib/gcc/avr/5.4.0/avr5\libgcc.a(_muluhisi3.o)
 .bss           0x00000000        0x0 c:/program files (x86)/atmel/studio/7.0/toolchain/avr8/avr8-gnu-toolchain/bin/../lib/gcc/avr/5.4.0/avr5\libgcc.a(_muluhisi3.o)
 .text.libgcc.div
                0x00000000        0x0 c:/program files (x86)/atmel/studio/7.0/toolchain/avr8/avr8-gnu-toolchain/bin/../lib/gcc/avr/5.4.0/avr5\libgcc.a(_muluhisi3.o)
 .text.libgcc   0x00000000        0x0 c:/program files (x86)/atmel/studio/7.0/toolchain/avr8/avr8-gnu-toolchain/bin/../lib/gcc/avr/5.4.0/avr5\libgcc.a(_muluhisi3.o)
 .text.libgcc.prologue
                0x00000000        0x0 c:/program files (x86)/atmel/studio/7.0/toolchain/avr8/avr8-gnu-toolchain/bin/../lib/gcc/avr/5.4.0/avr5\libgcc.a(_muluhisi3.o)
 .text.libgcc.builtins
                0x00000000        0x0 c:/program files (x86)/atmel/studio/7.0/toolchain/avr8/avr8-gnu-toolchain/bin/../lib/gcc/avr/5.4.0/avr5\libgcc.a(_muluhisi3.o)
 .text.libgcc.fmul
                0x00000000        0x0 c:/program files (x86)/atmel/studio/7.0/toolchain/avr8/avr8-gnu-toolchain/bin/../lib/gcc/avr/5.4.0/avr5\libgcc.a(_muluhisi3.o)
 .text.libgcc.fixed
                0x00000000        0x0 c:/program files (x86)/atmel/studio/7.0/toolchain/avr8/avr8-gnu-toolchain/bin/../lib/gcc/avr/5.4.0/avr5\libgcc.a(_muluhisi3.o)
 .text          0x00000000        0x0 c:/program files (x86)/atmel/studio/7.0/toolchain/avr8/avr8-gnu-toolchain/bin/../lib/gcc/avr/5.4.0/avr5\libgcc.a(_mulshisi3.o)
 .data          0x00000000        0x0 c:/program files (x86)/atmel/studio/7.0/toolchain/avr8/avr8-gnu-toolchain/bin/../lib/gcc/avr/5.4.0/avr5\libgcc.a(_mulshisi3.o)
 .bss           0x00000000        0x0 c:/program files (x86)/atmel/studio/7.0/toolchain/avr8/avr8-gnu-toolchain/bin/../lib/gcc/avr/5.4.0/avr5\libgcc.a(_mulshisi3.o)
 .text.libgcc.div
                0x00000000        0x0 c:/program files (x86)/atmel/studio/7.0/toolchain/avr8/avr8-gnu-toolchain/bin/../lib/gcc/avr/5.4.0/avr5\libgcc.a(_mulshisi3.o)
 .text.libgcc   0x00000000        0x0 c:/program files (x86)/atmel/studio/7.0/toolchain/avr8/avr8-gnu-toolchain/bin/../lib/gcc/avr/5.4.0/avr5\libgcc.a(_mulshisi3.o)
 .text.libgcc.prologue
                0x00000000        0x0 c:/program files (x86)/atmel/studio/7.0/toolchain/avr8/avr8-gnu-toolchain/bin/../lib/gcc/avr/5.4.0/avr5\libgcc.a(_mulshisi3.o)
 .text.libgcc.builtins
                0x00000000        0x0 c:/program files (x86)/atmel/studio/7.0/toolchain/avr8/avr8-gnu-toolchain/bin/../lib/gcc/avr/5.4.0/avr5\libgcc.a(_mulshisi3.o)
 .text.libgcc.fmul
                0x00000000        0x0 c:/program files (x86)/atmel/studio/7.0/toolchain/avr8/avr8-gnu-toolchain/bin/../lib/gcc/avr/5.4.0/avr5\libgcc.a(_mulshisi3.o)
 .text.libgcc.fixed
                0x00000000        0x0 c:/program files (x86)/atmel/studio/7.0/toolchain/avr8/avr8-gnu-toolchain/bin/../lib/gcc/avr/5.4.0/avr5\libgcc.a(_mulshisi3.o)
 .text          0x00000000        0x0 c:/program files (x86)/atmel/studio/7.0/toolchain/avr8/avr8-gnu-toolchain/bin/../lib/gcc/avr/5.4.0/avr5\libgcc.a(_tablejump2.o)
 .data          0x00000000        0x0 c:/program files (x86)/atmel/studio/7.0/toolchain/avr8/avr8-gnu-toolchain/bin/../lib/gcc/avr/5.4.0/avr5\libgcc.a(_tablejump2.o)
 .bss           0x00000000        0x0 c:/program files (x86)/atmel/studio/7.0/toolchain/avr8/avr8-gnu-toolchain/bin/../lib/gcc/avr/5.4.0/avr5\libgcc.a(_tablejump2.o)
 .text.libgcc.mul
                0x00000000        0x0 c:/program files (x86)/atmel/studio/7.0/toolchain/avr8/avr8-gnu-toolchain/bin/../lib/gcc/avr/5.4.0/avr5\libgcc.a(_tablejump2.o)
 .text.libgcc.div
                0x00000000        0x0 c:/program files (x86)/atmel/studio/7.0/toolchain/avr8/avr8-gnu-toolchain/bin/../lib/gcc/avr/5.4.0/avr5\libgcc.a(_tablejump2.o)
 .text.libgcc.prologue
                0x00000000        0x0 c:/program files (x86)/atmel/studio/7.0/toolchain/avr8/avr8-gnu-toolchain/bin/../lib/gcc/avr/5.4.0/avr5\libgcc.a(_tablejump2.o)
 .text.libgcc.builtins
                0x00000000        0x0 c:/program files (x86)/atmel/studio/7.0/toolchain/avr8/avr8-gnu-toolchain/bin/../lib/gcc/avr/5.4.0/avr5\libgcc.a(_tablejump2.o)
 .text.libgcc.fmul
                0x00000000        0x0 c:/program files (x86)/atmel/studio/7.0/toolchain/avr8/avr8-gnu-toolchain/bin/../lib/gcc/avr/5.4.0/avr5\libgcc.a(_tablejump2.o)
 .text.libgcc.fixed
                0x00000000        0x0 c:/program files (x86)/atmel/studio/7.0/toolchain/avr8/avr8-gnu-toolchain/bin/../lib/gcc/avr/5.4.0/avr5\libgcc.a(_tablejump2.o)
 .text          0x00000000        0x0 c:/program files (x86)/atmel/studio/7.0/toolchain/avr8/avr8-gnu-toolchain/bin/../lib/gcc/avr/5.4.0/avr5\libgcc.a(_umulhisi3.o)
 .data          0x00000000        0x0 c:/program files (x86)/atmel/studio/7.0/toolchain/avr8/avr8-gnu-toolchain/bin/../lib/gcc/avr/5.4.0/avr5\libgcc.a(_umulhisi3.o)
 .bss           0x00000000        0x0 c:/program files (x86)/atmel/studio/7.0/toolchain/avr8/avr8-gnu-toolchain/bin/../lib/gcc/avr/5.4.0/avr5\libgcc.a(_umulhisi3.o)
 .text.libgcc.div
                0x00000000        0x0 c:/program files (x86)/atmel/studio/7.0/toolchain/avr8/avr8-gnu-toolchain/bin/../lib/gcc/avr/5.4.0/avr5\libgcc.a(_umulhisi3.o)
 .text.libgcc   0x00000000        0x0 c:/program files (x86)/atmel/studio/7.0/toolchain/avr8/avr8-gnu-toolchain/bin/../lib/gcc/avr/5.4.0/avr5\libgcc.a(_umulhisi3.o)
 .text.libgcc.prologue
                0x00000000        0x0 c:/program files (x86)/atmel/studio/7.0/toolchain/avr8/avr8-gnu-toolchain/bin/../lib/gcc/avr/5.4.0/avr5\libgcc.a(_umulhisi3.o)
 .text.libgcc.builtins
                0x00000000        0x0 c:/program files (x86)/atmel/studio/7.0/toolchain/avr8/avr8-gnu-toolchain/bin/../lib/gcc/avr/5.4.0/avr5\libgcc.a(_umulhisi3.o)
 .text.libgcc.fmul
                0x00000000        0x0 c:/program files (x86)/atmel/studio/7.0/toolchain/avr8/avr8-gnu-toolchain/bin/../lib/gcc/avr/5.4.0/avr5\libgcc.a(_umulhisi3.o)
 .text.libgcc.fixed
                0x00000000        0x0 c:/program files (x86)/atmel/studio/7.0/toolchain/avr8/avr8-gnu-toolchain/bin/../lib/gcc/avr/5.4.0/avr5\libgcc.a(_umulhisi3.o)
 .text          0x00000000        0x0 c:/program files (x86)/atmel/studio/7.0/toolchain/avr8/avr8-gnu-toolchain/bin/../lib/gcc/avr/5.4.0/../../../../avr/lib/avr5\libc.a(abort.o)
 .data          0x00000000        0x0 c:/program files (x86)/atmel/studio/7.0/toolchain/avr8/avr8-gnu-toolchain/bin/../lib/gcc/avr/5.4.0/../../../../avr/lib/avr5\libc.a(abort.o)
 .bss           0x00000000        0x0 c:/program files (x86)/atmel/studio/7.0/toolchain/avr8/avr8-gnu-toolchain/bin/../lib/gcc/avr/5.4.0/../../../../avr/lib/avr5\libc.a(abort.o)
 .text.avr-libc
                0x00000000        0xa c:/program files (x86)/atmel/studio/7.0/toolchain/avr8/avr8-gnu-toolchain/bin/../lib/gcc/avr/5.4.0/../../../../avr/lib/avr5\libc.a(abort.o)

Memory Configuration

Name             Origin             Length             Attributes
text             0x00000000         0x00020000         xr
data             0x00800060         0x0000ffa0         rw !x
eeprom           0x00810000         0x00010000         rw !x
fuse             0x00820000         0x00000003         rw !x
lock             0x00830000         0x00000400         rw !x
signature        0x00840000         0x00000400         rw !x
user_signatures  0x00850000         0x00000400         rw !x
*default*        0x00000000         0xffffffff

Linker script and memory map

Address of section .data set to 0x800100
LOAD C:/Program Files (x86)/Atmel/Studio/7.0/Packs/atmel/ATmega_DFP/1.2.132/gcc/dev/atmega328p/avr5/crtatmega328p.o
LOAD Sketch.o
LOAD StepperDriver.o
START GROUP
LOAD c:/program files (x86)/atmel/studio/7.0/toolchain/avr8/avr8-gnu-toolchain/bin/../lib/gcc/avr/5.4.0/../../../../avr/lib/avr5\libm.a
LOAD C:\Users\renzo\DOCUME~1\GitHub\DRONE-~1\3DPRIN~1\Hall\HALLTE~1.2\HALLTE~1.2\ARDUIN~1\Debug\libArduinoCore.a
END GROUP
LOAD c:/program files (x86)/atmel/studio/7.0/toolchain/avr8/avr8-gnu-toolchain/bin/../lib/gcc/avr/5.4.0/avr5\libgcc.a
LOAD c:/program files (x86)/atmel/studio/7.0/toolchain/avr8/avr8-gnu-toolchain/bin/../lib/gcc/avr/5.4.0/../../../../avr/lib/avr5\libm.a
START GROUP
LOAD c:/program files (x86)/atmel/studio/7.0/toolchain/avr8/avr8-gnu-toolchain/bin/../lib/gcc/avr/5.4.0/avr5\libgcc.a
LOAD c:/program files (x86)/atmel/studio/7.0/toolchain/avr8/avr8-gnu-toolchain/bin/../lib/gcc/avr/5.4.0/../../../../avr/lib/avr5\libm.a
LOAD c:/program files (x86)/atmel/studio/7.0/toolchain/avr8/avr8-gnu-toolchain/bin/../lib/gcc/avr/5.4.0/../../../../avr/lib/avr5\libc.a
LOAD C:/Program Files (x86)/Atmel/Studio/7.0/Packs/atmel/ATmega_DFP/1.2.132/gcc/dev/atmega328p/avr5\libatmega328p.a
END GROUP
                0x00020000                __TEXT_REGION_LENGTH__ = DEFINED (__TEXT_REGION_LENGTH__)?__TEXT_REGION_LENGTH__:0x20000
                0x0000ffa0                __DATA_REGION_LENGTH__ = DEFINED (__DATA_REGION_LENGTH__)?__DATA_REGION_LENGTH__:0xffa0
                0x00010000                __EEPROM_REGION_LENGTH__ = DEFINED (__EEPROM_REGION_LENGTH__)?__EEPROM_REGION_LENGTH__:0x10000
                [0x00000003]                __FUSE_REGION_LENGTH__ = DEFINED (__FUSE_REGION_LENGTH__)?__FUSE_REGION_LENGTH__:0x400
                0x00000400                __LOCK_REGION_LENGTH__ = DEFINED (__LOCK_REGION_LENGTH__)?__LOCK_REGION_LENGTH__:0x400
                0x00000400                __SIGNATURE_REGION_LENGTH__ = DEFINED (__SIGNATURE_REGION_LENGTH__)?__SIGNATURE_REGION_LENGTH__:0x400
                0x00000400                __USER_SIGNATURE_REGION_LENGTH__ = DEFINED (__USER_SIGNATURE_REGION_LENGTH__)?__USER_SIGNATURE_REGION_LENGTH__:0x400

.hash
 *(.hash)

.dynsym
 *(.dynsym)

.dynstr
 *(.dynstr)

.gnu.version
 *(.gnu.version)

.gnu.version_d
 *(.gnu.version_d)

.gnu.version_r
 *(.gnu.version_r)

.rel.init
 *(.rel.init)

.rela.init
 *(.rela.init)

.rel.text
 *(.rel.text)
 *(.rel.text.*)
 *(.rel.gnu.linkonce.t*)

.rela.text
 *(.rela.text)
 *(.rela.text.*)
 *(.rela.gnu.linkonce.t*)

.rel.fini
 *(.rel.fini)

.rela.fini
 *(.rela.fini)

.rel.rodata
 *(.rel.rodata)
 *(.rel.rodata.*)
 *(.rel.gnu.linkonce.r*)

.rela.rodata
 *(.rela.rodata)
 *(.rela.rodata.*)
 *(.rela.gnu.linkonce.r*)

.rel.data
 *(.rel.data)
 *(.rel.data.*)
 *(.rel.gnu.linkonce.d*)

.rela.data
 *(.rela.data)
 *(.rela.data.*)
 *(.rela.gnu.linkonce.d*)

.rel.ctors
 *(.rel.ctors)

.rela.ctors
 *(.rela.ctors)

.rel.dtors
 *(.rel.dtors)

.rela.dtors
 *(.rela.dtors)

.rel.got
 *(.rel.got)

.rela.got
 *(.rela.got)

.rel.bss
 *(.rel.bss)

.rela.bss
 *(.rela.bss)

.rel.plt
 *(.rel.plt)

.rela.plt
 *(.rela.plt)

.text           0x00000000     0x112a
 *(.vectors)
 .vectors       0x00000000       0x68 C:/Program Files (x86)/Atmel/Studio/7.0/Packs/atmel/ATmega_DFP/1.2.132/gcc/dev/atmega328p/avr5/crtatmega328p.o
                0x00000000                __vector_default
                0x00000000                __vectors
 *(.vectors)
 *(.progmem.gcc*)
                0x00000068                . = ALIGN (0x2)
                0x00000068                __trampolines_start = .
 *(.trampolines)
 .trampolines   0x00000068        0x0 linker stubs
 *(.trampolines*)
                0x00000068                __trampolines_end = .
 *libprintf_flt.a:*(.progmem.data)
 *libc.a:*(.progmem.data)
 *(.progmem*)
 .progmem.data.digital_pin_to_timer_PGM
                0x00000068       0x14 C:\Users\renzo\DOCUME~1\GitHub\DRONE-~1\3DPRIN~1\Hall\HALLTE~1.2\HALLTE~1.2\ARDUIN~1\Debug\libArduinoCore.a(wiring_digital.o)
                0x00000068                digital_pin_to_timer_PGM
 .progmem.data.digital_pin_to_bit_mask_PGM
                0x0000007c       0x14 C:\Users\renzo\DOCUME~1\GitHub\DRONE-~1\3DPRIN~1\Hall\HALLTE~1.2\HALLTE~1.2\ARDUIN~1\Debug\libArduinoCore.a(wiring_digital.o)
                0x0000007c                digital_pin_to_bit_mask_PGM
 .progmem.data.digital_pin_to_port_PGM
                0x00000090       0x14 C:\Users\renzo\DOCUME~1\GitHub\DRONE-~1\3DPRIN~1\Hall\HALLTE~1.2\HALLTE~1.2\ARDUIN~1\Debug\libArduinoCore.a(wiring_digital.o)
                0x00000090                digital_pin_to_port_PGM
 .progmem.data.port_to_input_PGM
                0x000000a4        0xa C:\Users\renzo\DOCUME~1\GitHub\DRONE-~1\3DPRIN~1\Hall\HALLTE~1.2\HALLTE~1.2\ARDUIN~1\Debug\libArduinoCore.a(wiring_digital.o)
                0x000000a4                port_to_input_PGM
 .progmem.data.port_to_output_PGM
                0x000000ae        0xa C:\Users\renzo\DOCUME~1\GitHub\DRONE-~1\3DPRIN~1\Hall\HALLTE~1.2\HALLTE~1.2\ARDUIN~1\Debug\libArduinoCore.a(wiring_digital.o)
                0x000000ae                port_to_output_PGM
 .progmem.data.port_to_mode_PGM
                0x000000b8        0xa C:\Users\renzo\DOCUME~1\GitHub\DRONE-~1\3DPRIN~1\Hall\HALLTE~1.2\HALLTE~1.2\ARDUIN~1\Debug\libArduinoCore.a(wiring_digital.o)
                0x000000b8                port_to_mode_PGM
                0x000000c2                . = ALIGN (0x2)
 *(.jumptables)
 *(.jumptables*)
 *(.lowtext)
 *(.lowtext*)
                0x000000c2                __ctors_start = .
 *(.ctors)
 .ctors         0x000000c2        0x2 Sketch.o
 .ctors         0x000000c4        0x2 C:\Users\renzo\DOCUME~1\GitHub\DRONE-~1\3DPRIN~1\Hall\HALLTE~1.2\HALLTE~1.2\ARDUIN~1\Debug\libArduinoCore.a(HardwareSerial0.o)
                0x000000c6                __ctors_end = .
                0x000000c6                __dtors_start = .
 *(.dtors)
                0x000000c6                __dtors_end = .
 SORT(*)(.ctors)
 SORT(*)(.dtors)
 *(.init0)
 .init0         0x000000c6        0x0 C:/Program Files (x86)/Atmel/Studio/7.0/Packs/atmel/ATmega_DFP/1.2.132/gcc/dev/atmega328p/avr5/crtatmega328p.o
                0x000000c6                __init
 *(.init0)
 *(.init1)
 *(.init1)
 *(.init2)
 .init2         0x000000c6        0xc C:/Program Files (x86)/Atmel/Studio/7.0/Packs/atmel/ATmega_DFP/1.2.132/gcc/dev/atmega328p/avr5/crtatmega328p.o
 *(.init2)
 *(.init3)
 *(.init3)
 *(.init4)
 .init4         0x000000d2       0x16 c:/program files (x86)/atmel/studio/7.0/toolchain/avr8/avr8-gnu-toolchain/bin/../lib/gcc/avr/5.4.0/avr5\libgcc.a(_copy_data.o)
                0x000000d2                __do_copy_data
 .init4         0x000000e8       0x10 c:/program files (x86)/atmel/studio/7.0/toolchain/avr8/avr8-gnu-toolchain/bin/../lib/gcc/avr/5.4.0/avr5\libgcc.a(_clear_bss.o)
                0x000000e8                __do_clear_bss
 *(.init4)
 *(.init5)
 *(.init5)
 *(.init6)
 .init6         0x000000f8       0x16 c:/program files (x86)/atmel/studio/7.0/toolchain/avr8/avr8-gnu-toolchain/bin/../lib/gcc/avr/5.4.0/avr5\libgcc.a(_ctors.o)
                0x000000f8                __do_global_ctors
 *(.init6)
 *(.init7)
 *(.init7)
 *(.init8)
 *(.init8)
 *(.init9)
 .init9         0x0000010e        0x8 C:/Program Files (x86)/Atmel/Studio/7.0/Packs/atmel/ATmega_DFP/1.2.132/gcc/dev/atmega328p/avr5/crtatmega328p.o
 *(.init9)
 *(.text)
 .text          0x00000116        0x4 C:/Program Files (x86)/Atmel/Studio/7.0/Packs/atmel/ATmega_DFP/1.2.132/gcc/dev/atmega328p/avr5/crtatmega328p.o
                0x00000116                __vector_22
                0x00000116                __vector_1
                0x00000116                __vector_24
                0x00000116                __vector_12
                0x00000116                __bad_interrupt
                0x00000116                __vector_6
                0x00000116                __vector_3
                0x00000116                __vector_23
                0x00000116                __vector_25
                0x00000116                __vector_11
                0x00000116                __vector_13
                0x00000116                __vector_17
                0x00000116                __vector_7
                0x00000116                __vector_5
                0x00000116                __vector_4
                0x00000116                __vector_9
                0x00000116                __vector_2
                0x00000116                __vector_21
                0x00000116                __vector_15
                0x00000116                __vector_8
                0x00000116                __vector_14
                0x00000116                __vector_10
                0x00000116                __vector_20
                0x0000011a                . = ALIGN (0x2)
 *(.text.*)
 .text.setup    0x0000011a       0x54 Sketch.o
                0x0000011a                setup
 .text.loop     0x0000016e       0x40 Sketch.o
                0x0000016e                loop
 .text.startup._GLOBAL__sub_I_ss
                0x000001ae       0x30 Sketch.o
 .text._ZN13StepperDriverC2Eiiiii
                0x000001de       0x66 StepperDriver.o
                0x000001de                _ZN13StepperDriverC1Eiiiii
                0x000001de                _ZN13StepperDriverC2Eiiiii
 .text._ZN13StepperDriver8setSpeedEf
                0x00000244       0x74 StepperDriver.o
                0x00000244                _ZN13StepperDriver8setSpeedEf
 .text._ZN13StepperDriver11powerEnableEb
                0x000002b8       0x12 StepperDriver.o
                0x000002b8                _ZN13StepperDriver11powerEnableEb
 .text._ZN13StepperDriver12setDirectionEl
                0x000002ca       0x12 StepperDriver.o
                0x000002ca                _ZN13StepperDriver12setDirectionEl
 .text._ZN13StepperDriver12moveIntervalEm
                0x000002dc       0xde StepperDriver.o
                0x000002dc                _ZN13StepperDriver12moveIntervalEm
 .text._ZN13StepperDriver4moveEv
                0x000003ba       0x20 StepperDriver.o
                0x000003ba                _ZN13StepperDriver4moveEv
 .text._ZN13StepperDriver4stepEl
                0x000003da       0x78 StepperDriver.o
                0x000003da                _ZN13StepperDriver4stepEl
 .text._ZN13StepperDriver11positioningEv
                0x00000452       0x7a StepperDriver.o
                0x00000452                _ZN13StepperDriver11positioningEv
 .text.avr-libc.fplib
                0x000004cc        0x8 c:/program files (x86)/atmel/studio/7.0/toolchain/avr8/avr8-gnu-toolchain/bin/../lib/gcc/avr/5.4.0/../../../../avr/lib/avr5\libm.a(divsf3.o)
                0x000004cc                __divsf3
 .text.avr-libc.fplib
                0x000004d4       0xdc c:/program files (x86)/atmel/studio/7.0/toolchain/avr8/avr8-gnu-toolchain/bin/../lib/gcc/avr/5.4.0/../../../../avr/lib/avr5\libm.a(divsf3x.o)
                0x000004f4                __divsf3x
                0x000004fa                __divsf3_pse
 .text.avr-libc.fplib
                0x000005b0       0x5e c:/program files (x86)/atmel/studio/7.0/toolchain/avr8/avr8-gnu-toolchain/bin/../lib/gcc/avr/5.4.0/../../../../avr/lib/avr5\libm.a(fixunssfsi.o)
                0x000005b0                __fixunssfsi
 .text.avr-libc.fplib
                0x0000060e       0x7a c:/program files (x86)/atmel/studio/7.0/toolchain/avr8/avr8-gnu-toolchain/bin/../lib/gcc/avr/5.4.0/../../../../avr/lib/avr5\libm.a(floatsisf.o)
                0x0000060e                __floatunsisf
                0x00000612                __floatsisf
 .text.avr-libc.fplib
                0x00000688        0xc c:/program files (x86)/atmel/studio/7.0/toolchain/avr8/avr8-gnu-toolchain/bin/../lib/gcc/avr/5.4.0/../../../../avr/lib/avr5\libm.a(fp_inf.o)
                0x00000688                __fp_inf
 .text.avr-libc.fplib
                0x00000694        0x6 c:/program files (x86)/atmel/studio/7.0/toolchain/avr8/avr8-gnu-toolchain/bin/../lib/gcc/avr/5.4.0/../../../../avr/lib/avr5\libm.a(fp_nan.o)
                0x00000694                __fp_nan
 .text.avr-libc.fplib
                0x0000069a        0xe c:/program files (x86)/atmel/studio/7.0/toolchain/avr8/avr8-gnu-toolchain/bin/../lib/gcc/avr/5.4.0/../../../../avr/lib/avr5\libm.a(fp_pscA.o)
                0x0000069a                __fp_pscA
 .text.avr-libc.fplib
                0x000006a8        0xe c:/program files (x86)/atmel/studio/7.0/toolchain/avr8/avr8-gnu-toolchain/bin/../lib/gcc/avr/5.4.0/../../../../avr/lib/avr5\libm.a(fp_pscB.o)
                0x000006a8                __fp_pscB
 .text.avr-libc.fplib
                0x000006b6       0x22 c:/program files (x86)/atmel/studio/7.0/toolchain/avr8/avr8-gnu-toolchain/bin/../lib/gcc/avr/5.4.0/../../../../avr/lib/avr5\libm.a(fp_round.o)
                0x000006b6                __fp_round
 .text.avr-libc.fplib
                0x000006d8       0x44 c:/program files (x86)/atmel/studio/7.0/toolchain/avr8/avr8-gnu-toolchain/bin/../lib/gcc/avr/5.4.0/../../../../avr/lib/avr5\libm.a(fp_split3.o)
                0x000006d8                __fp_split3
                0x000006e8                __fp_splitA
 .text.avr-libc.fplib
                0x0000071c        0xe c:/program files (x86)/atmel/studio/7.0/toolchain/avr8/avr8-gnu-toolchain/bin/../lib/gcc/avr/5.4.0/../../../../avr/lib/avr5\libm.a(fp_zero.o)
                0x0000071c                __fp_zero
                0x0000071e                __fp_szero
 .text.avr-libc.fplib
                0x0000072a        0x8 c:/program files (x86)/atmel/studio/7.0/toolchain/avr8/avr8-gnu-toolchain/bin/../lib/gcc/avr/5.4.0/../../../../avr/lib/avr5\libm.a(mulsf3.o)
                0x0000072a                __mulsf3
 .text.avr-libc.fplib
                0x00000732       0xd2 c:/program files (x86)/atmel/studio/7.0/toolchain/avr8/avr8-gnu-toolchain/bin/../lib/gcc/avr/5.4.0/../../../../avr/lib/avr5\libm.a(mulsf3x.o)
                0x00000750                __mulsf3x
                0x00000756                __mulsf3_pse
 .text._ZN14HardwareSerial9availableEv
                0x00000804       0x18 C:\Users\renzo\DOCUME~1\GitHub\DRONE-~1\3DPRIN~1\Hall\HALLTE~1.2\HALLTE~1.2\ARDUIN~1\Debug\libArduinoCore.a(HardwareSerial.o)
                0x00000804                _ZN14HardwareSerial9availableEv
 .text._ZN14HardwareSerial4peekEv
                0x0000081c       0x1c C:\Users\renzo\DOCUME~1\GitHub\DRONE-~1\3DPRIN~1\Hall\HALLTE~1.2\HALLTE~1.2\ARDUIN~1\Debug\libArduinoCore.a(HardwareSerial.o)
                0x0000081c                _ZN14HardwareSerial4peekEv
 .text._ZN14HardwareSerial4readEv
                0x00000838       0x28 C:\Users\renzo\DOCUME~1\GitHub\DRONE-~1\3DPRIN~1\Hall\HALLTE~1.2\HALLTE~1.2\ARDUIN~1\Debug\libArduinoCore.a(HardwareSerial.o)
                0x00000838                _ZN14HardwareSerial4readEv
 .text._Z14serialEventRunv
                0x00000860       0x1c C:\Users\renzo\DOCUME~1\GitHub\DRONE-~1\3DPRIN~1\Hall\HALLTE~1.2\HALLTE~1.2\ARDUIN~1\Debug\libArduinoCore.a(HardwareSerial.o)
                0x00000860                _Z14serialEventRunv
 .text._ZN14HardwareSerial17_tx_udr_empty_irqEv
                0x0000087c       0x42 C:\Users\renzo\DOCUME~1\GitHub\DRONE-~1\3DPRIN~1\Hall\HALLTE~1.2\HALLTE~1.2\ARDUIN~1\Debug\libArduinoCore.a(HardwareSerial.o)
                0x0000087c                _ZN14HardwareSerial17_tx_udr_empty_irqEv
 .text._ZN14HardwareSerial5writeEh
                0x000008be       0x8e C:\Users\renzo\DOCUME~1\GitHub\DRONE-~1\3DPRIN~1\Hall\HALLTE~1.2\HALLTE~1.2\ARDUIN~1\Debug\libArduinoCore.a(HardwareSerial.o)
                0x000008be                _ZN14HardwareSerial5writeEh
 .text._ZN14HardwareSerial5flushEv
                0x0000094c       0x44 C:\Users\renzo\DOCUME~1\GitHub\DRONE-~1\3DPRIN~1\Hall\HALLTE~1.2\HALLTE~1.2\ARDUIN~1\Debug\libArduinoCore.a(HardwareSerial.o)
                0x0000094c                _ZN14HardwareSerial5flushEv
 .text._ZN14HardwareSerial5beginEmh
                0x00000990       0xca C:\Users\renzo\DOCUME~1\GitHub\DRONE-~1\3DPRIN~1\Hall\HALLTE~1.2\HALLTE~1.2\ARDUIN~1\Debug\libArduinoCore.a(HardwareSerial.o)
                0x00000990                _ZN14HardwareSerial5beginEmh
 .text.__vector_18
                0x00000a5a       0x64 C:\Users\renzo\DOCUME~1\GitHub\DRONE-~1\3DPRIN~1\Hall\HALLTE~1.2\HALLTE~1.2\ARDUIN~1\Debug\libArduinoCore.a(HardwareSerial0.o)
                0x00000a5a                __vector_18
 .text.__vector_19
                0x00000abe       0x4c C:\Users\renzo\DOCUME~1\GitHub\DRONE-~1\3DPRIN~1\Hall\HALLTE~1.2\HALLTE~1.2\ARDUIN~1\Debug\libArduinoCore.a(HardwareSerial0.o)
                0x00000abe                __vector_19
 .text._Z17Serial0_availablev
                0x00000b0a       0x14 C:\Users\renzo\DOCUME~1\GitHub\DRONE-~1\3DPRIN~1\Hall\HALLTE~1.2\HALLTE~1.2\ARDUIN~1\Debug\libArduinoCore.a(HardwareSerial0.o)
                0x00000b0a                _Z17Serial0_availablev
 .text.startup._GLOBAL__sub_I___vector_18
                0x00000b1e       0x5a C:\Users\renzo\DOCUME~1\GitHub\DRONE-~1\3DPRIN~1\Hall\HALLTE~1.2\HALLTE~1.2\ARDUIN~1\Debug\libArduinoCore.a(HardwareSerial0.o)
 .text.initVariant
                0x00000b78        0x2 C:\Users\renzo\DOCUME~1\GitHub\DRONE-~1\3DPRIN~1\Hall\HALLTE~1.2\HALLTE~1.2\ARDUIN~1\Debug\libArduinoCore.a(main.o)
                0x00000b78                initVariant
 .text.startup.main
                0x00000b7a       0x1e C:\Users\renzo\DOCUME~1\GitHub\DRONE-~1\3DPRIN~1\Hall\HALLTE~1.2\HALLTE~1.2\ARDUIN~1\Debug\libArduinoCore.a(main.o)
                0x00000b7a                main
 .text._ZN5Print5writeEPKhj
                0x00000b98       0x54 C:\Users\renzo\DOCUME~1\GitHub\DRONE-~1\3DPRIN~1\Hall\HALLTE~1.2\HALLTE~1.2\ARDUIN~1\Debug\libArduinoCore.a(Print.o)
                0x00000b98                _ZN5Print5writeEPKhj
 .text._ZN5Print5writeEPKc
                0x00000bec       0x2a C:\Users\renzo\DOCUME~1\GitHub\DRONE-~1\3DPRIN~1\Hall\HALLTE~1.2\HALLTE~1.2\ARDUIN~1\Debug\libArduinoCore.a(Print.o)
                0x00000bec                _ZN5Print5writeEPKc
 .text._ZN5Print5printEPKc
                0x00000c16        0x4 C:\Users\renzo\DOCUME~1\GitHub\DRONE-~1\3DPRIN~1\Hall\HALLTE~1.2\HALLTE~1.2\ARDUIN~1\Debug\libArduinoCore.a(Print.o)
                0x00000c16                _ZN5Print5printEPKc
 .text._ZN5Print5printEc
                0x00000c1a        0xe C:\Users\renzo\DOCUME~1\GitHub\DRONE-~1\3DPRIN~1\Hall\HALLTE~1.2\HALLTE~1.2\ARDUIN~1\Debug\libArduinoCore.a(Print.o)
                0x00000c1a                _ZN5Print5printEc
 .text._ZN5Print11printNumberEmh
                0x00000c28       0xac C:\Users\renzo\DOCUME~1\GitHub\DRONE-~1\3DPRIN~1\Hall\HALLTE~1.2\HALLTE~1.2\ARDUIN~1\Debug\libArduinoCore.a(Print.o)
                0x00000c28                _ZN5Print11printNumberEmh
 .text._ZN5Print5printEli
                0x00000cd4       0x90 C:\Users\renzo\DOCUME~1\GitHub\DRONE-~1\3DPRIN~1\Hall\HALLTE~1.2\HALLTE~1.2\ARDUIN~1\Debug\libArduinoCore.a(Print.o)
                0x00000cd4                _ZN5Print5printEli
 .text._ZN5Print5printEii
                0x00000d64        0xe C:\Users\renzo\DOCUME~1\GitHub\DRONE-~1\3DPRIN~1\Hall\HALLTE~1.2\HALLTE~1.2\ARDUIN~1\Debug\libArduinoCore.a(Print.o)
                0x00000d64                _ZN5Print5printEii
 .text.__vector_16
                0x00000d72       0x94 C:\Users\renzo\DOCUME~1\GitHub\DRONE-~1\3DPRIN~1\Hall\HALLTE~1.2\HALLTE~1.2\ARDUIN~1\Debug\libArduinoCore.a(wiring.o)
                0x00000d72                __vector_16
 .text.micros   0x00000e06       0x4a C:\Users\renzo\DOCUME~1\GitHub\DRONE-~1\3DPRIN~1\Hall\HALLTE~1.2\HALLTE~1.2\ARDUIN~1\Debug\libArduinoCore.a(wiring.o)
                0x00000e06                micros
 .text.delay    0x00000e50       0x50 C:\Users\renzo\DOCUME~1\GitHub\DRONE-~1\3DPRIN~1\Hall\HALLTE~1.2\HALLTE~1.2\ARDUIN~1\Debug\libArduinoCore.a(wiring.o)
                0x00000e50                delay
 .text.init     0x00000ea0       0x76 C:\Users\renzo\DOCUME~1\GitHub\DRONE-~1\3DPRIN~1\Hall\HALLTE~1.2\HALLTE~1.2\ARDUIN~1\Debug\libArduinoCore.a(wiring.o)
                0x00000ea0                init
 .text.turnOffPWM
                0x00000f16       0x52 C:\Users\renzo\DOCUME~1\GitHub\DRONE-~1\3DPRIN~1\Hall\HALLTE~1.2\HALLTE~1.2\ARDUIN~1\Debug\libArduinoCore.a(wiring_digital.o)
 .text.pinMode  0x00000f68       0x78 C:\Users\renzo\DOCUME~1\GitHub\DRONE-~1\3DPRIN~1\Hall\HALLTE~1.2\HALLTE~1.2\ARDUIN~1\Debug\libArduinoCore.a(wiring_digital.o)
                0x00000f68                pinMode
 .text.digitalWrite
                0x00000fe0       0x5e C:\Users\renzo\DOCUME~1\GitHub\DRONE-~1\3DPRIN~1\Hall\HALLTE~1.2\HALLTE~1.2\ARDUIN~1\Debug\libArduinoCore.a(wiring_digital.o)
                0x00000fe0                digitalWrite
 .text.digitalRead
                0x0000103e       0x52 C:\Users\renzo\DOCUME~1\GitHub\DRONE-~1\3DPRIN~1\Hall\HALLTE~1.2\HALLTE~1.2\ARDUIN~1\Debug\libArduinoCore.a(wiring_digital.o)
                0x0000103e                digitalRead
 .text.__empty  0x00001090        0x2 C:\Users\renzo\DOCUME~1\GitHub\DRONE-~1\3DPRIN~1\Hall\HALLTE~1.2\HALLTE~1.2\ARDUIN~1\Debug\libArduinoCore.a(hooks.o)
                0x00001090                yield
 .text.libgcc.div
                0x00001092       0x44 c:/program files (x86)/atmel/studio/7.0/toolchain/avr8/avr8-gnu-toolchain/bin/../lib/gcc/avr/5.4.0/avr5\libgcc.a(_udivmodsi4.o)
                0x00001092                __udivmodsi4
 .text.libgcc.mul
                0x000010d6       0x16 c:/program files (x86)/atmel/studio/7.0/toolchain/avr8/avr8-gnu-toolchain/bin/../lib/gcc/avr/5.4.0/avr5\libgcc.a(_muluhisi3.o)
                0x000010d6                __muluhisi3
 .text.libgcc.mul
                0x000010ec       0x10 c:/program files (x86)/atmel/studio/7.0/toolchain/avr8/avr8-gnu-toolchain/bin/../lib/gcc/avr/5.4.0/avr5\libgcc.a(_mulshisi3.o)
                0x000010ec                __mulshisi3
                0x000010f2                __mulohisi3
 .text.libgcc   0x000010fc        0xc c:/program files (x86)/atmel/studio/7.0/toolchain/avr8/avr8-gnu-toolchain/bin/../lib/gcc/avr/5.4.0/avr5\libgcc.a(_tablejump2.o)
                0x000010fc                __tablejump2__
 .text.libgcc.mul
                0x00001108       0x1e c:/program files (x86)/atmel/studio/7.0/toolchain/avr8/avr8-gnu-toolchain/bin/../lib/gcc/avr/5.4.0/avr5\libgcc.a(_umulhisi3.o)
                0x00001108                __umulhisi3
                0x00001126                . = ALIGN (0x2)
 *(.fini9)
 .fini9         0x00001126        0x0 c:/program files (x86)/atmel/studio/7.0/toolchain/avr8/avr8-gnu-toolchain/bin/../lib/gcc/avr/5.4.0/avr5\libgcc.a(_exit.o)
                0x00001126                _exit
                0x00001126                exit
 *(.fini9)
 *(.fini8)
 *(.fini8)
 *(.fini7)
 *(.fini7)
 *(.fini6)
 *(.fini6)
 *(.fini5)
 *(.fini5)
 *(.fini4)
 *(.fini4)
 *(.fini3)
 *(.fini3)
 *(.fini2)
 *(.fini2)
 *(.fini1)
 *(.fini1)
 *(.fini0)
 .fini0         0x00001126        0x4 c:/program files (x86)/atmel/studio/7.0/toolchain/avr8/avr8-gnu-toolchain/bin/../lib/gcc/avr/5.4.0/avr5\libgcc.a(_exit.o)
 *(.fini0)
                0x0000112a                _etext = .

.data           0x00800100       0x1e load address 0x0000112a
                0x00800100                PROVIDE (__data_start, .)
 *(.data)
 *(.data*)
 *(.rodata)
 *(.rodata*)
 .rodata.str1.1
                0x00800100        0xd Sketch.o
 .rodata._ZTV14HardwareSerial
                0x0080010d       0x10 C:\Users\renzo\DOCUME~1\GitHub\DRONE-~1\3DPRIN~1\Hall\HALLTE~1.2\HALLTE~1.2\ARDUIN~1\Debug\libArduinoCore.a(HardwareSerial.o)
                0x0080010d                _ZTV14HardwareSerial
 *(.gnu.linkonce.d*)
                0x0080011e                . = ALIGN (0x2)
 *fill*         0x0080011d        0x1 
                0x0080011e                _edata = .
                0x0080011e                PROVIDE (__data_end, .)

.bss            0x0080011e       0xc2
                0x0080011e                PROVIDE (__bss_start, .)
 *(.bss)
 *(.bss*)
 .bss.StepsTaken
                0x0080011e        0x2 Sketch.o
                0x0080011e                StepsTaken
 .bss.ss        0x00800120       0x1a Sketch.o
                0x00800120                ss
 .bss.Serial    0x0080013a       0x9d C:\Users\renzo\DOCUME~1\GitHub\DRONE-~1\3DPRIN~1\Hall\HALLTE~1.2\HALLTE~1.2\ARDUIN~1\Debug\libArduinoCore.a(HardwareSerial0.o)
                0x0080013a                Serial
 .bss.timer0_fract
                0x008001d7        0x1 C:\Users\renzo\DOCUME~1\GitHub\DRONE-~1\3DPRIN~1\Hall\HALLTE~1.2\HALLTE~1.2\ARDUIN~1\Debug\libArduinoCore.a(wiring.o)
 .bss.timer0_millis
                0x008001d8        0x4 C:\Users\renzo\DOCUME~1\GitHub\DRONE-~1\3DPRIN~1\Hall\HALLTE~1.2\HALLTE~1.2\ARDUIN~1\Debug\libArduinoCore.a(wiring.o)
                0x008001d8                timer0_millis
 .bss.timer0_overflow_count
                0x008001dc        0x4 C:\Users\renzo\DOCUME~1\GitHub\DRONE-~1\3DPRIN~1\Hall\HALLTE~1.2\HALLTE~1.2\ARDUIN~1\Debug\libArduinoCore.a(wiring.o)
                0x008001dc                timer0_overflow_count
 *(COMMON)
                0x008001e0                PROVIDE (__bss_end, .)
                0x0000112a                __data_load_start = LOADADDR (.data)
                0x00001148                __data_load_end = (__data_load_start + SIZEOF (.data))

.noinit         0x008001e0        0x0
                [!provide]                PROVIDE (__noinit_start, .)
 *(.noinit*)
                [!provide]                PROVIDE (__noinit_end, .)
                0x008001e0                _end = .
                [!provide]                PROVIDE (__heap_start, .)

.eeprom         0x00810000        0x0
 *(.eeprom*)
                0x00810000                __eeprom_end = .

.fuse
 *(.fuse)
 *(.lfuse)
 *(.hfuse)
 *(.efuse)

.lock
 *(.lock*)

.signature
 *(.signature*)

.user_signatures
 *(.user_signatures*)

.stab
 *(.stab)

.stabstr
 *(.stabstr)

.stab.excl
 *(.stab.excl)

.stab.exclstr
 *(.stab.exclstr)

.stab.index
 *(.stab.index)

.stab.indexstr
 *(.stab.indexstr)

.comment        0x00000000       0x30
 *(.comment)
 .comment       0x00000000       0x30 Sketch.o
                                 0x31 (size before relaxing)
 .comment       0x00000030       0x31 StepperDriver.o
 .comment       0x00000030       0x31 C:\Users\renzo\DOCUME~1\GitHub\DRONE-~1\3DPRIN~1\Hall\HALLTE~1.2\HALLTE~1.2\ARDUIN~1\Debug\libArduinoCore.a(HardwareSerial.o)
 .comment       0x00000030       0x31 C:\Users\renzo\DOCUME~1\GitHub\DRONE-~1\3DPRIN~1\Hall\HALLTE~1.2\HALLTE~1.2\ARDUIN~1\Debug\libArduinoCore.a(HardwareSerial0.o)
 .comment       0x00000030       0x31 C:\Users\renzo\DOCUME~1\GitHub\DRONE-~1\3DPRIN~1\Hall\HALLTE~1.2\HALLTE~1.2\ARDUIN~1\Debug\libArduinoCore.a(main.o)
 .comment       0x00000030       0x31 C:\Users\renzo\DOCUME~1\GitHub\DRONE-~1\3DPRIN~1\Hall\HALLTE~1.2\HALLTE~1.2\ARDUIN~1\Debug\libArduinoCore.a(Print.o)
 .comment       0x00000030       0x31 C:\Users\renzo\DOCUME~1\GitHub\DRONE-~1\3DPRIN~1\Hall\HALLTE~1.2\HALLTE~1.2\ARDUIN~1\Debug\libArduinoCore.a(wiring.o)
 .comment       0x00000030       0x31 C:\Users\renzo\DOCUME~1\GitHub\DRONE-~1\3DPRIN~1\Hall\HALLTE~1.2\HALLTE~1.2\ARDUIN~1\Debug\libArduinoCore.a(wiring_digital.o)
 .comment       0x00000030       0x31 C:\Users\renzo\DOCUME~1\GitHub\DRONE-~1\3DPRIN~1\Hall\HALLTE~1.2\HALLTE~1.2\ARDUIN~1\Debug\libArduinoCore.a(hooks.o)

.note.gnu.avr.deviceinfo
                0x00000000       0x40
 .note.gnu.avr.deviceinfo
                0x00000000       0x40 C:/Program Files (x86)/Atmel/Studio/7.0/Packs/atmel/ATmega_DFP/1.2.132/gcc/dev/atmega328p/avr5/crtatmega328p.o

.note.gnu.build-id
 *(.note.gnu.build-id)

.debug
 *(.debug)

.line
 *(.line)

.debug_srcinfo
 *(.debug_srcinfo)

.debug_sfnames
 *(.debug_sfnames)

.debug_aranges  0x00000000      0x2f8
 *(.debug_aranges)
 .debug_aranges
                0x00000000       0x30 Sketch.o
 .debug_aranges
                0x00000030       0x68 StepperDriver.o
 .debug_aranges
                0x00000098       0x68 C:\Users\renzo\DOCUME~1\GitHub\DRONE-~1\3DPRIN~1\Hall\HALLTE~1.2\HALLTE~1.2\ARDUIN~1\Debug\libArduinoCore.a(HardwareSerial.o)
 .debug_aranges
                0x00000100       0x38 C:\Users\renzo\DOCUME~1\GitHub\DRONE-~1\3DPRIN~1\Hall\HALLTE~1.2\HALLTE~1.2\ARDUIN~1\Debug\libArduinoCore.a(HardwareSerial0.o)
 .debug_aranges
                0x00000138       0x30 C:\Users\renzo\DOCUME~1\GitHub\DRONE-~1\3DPRIN~1\Hall\HALLTE~1.2\HALLTE~1.2\ARDUIN~1\Debug\libArduinoCore.a(main.o)
 .debug_aranges
                0x00000168       0xf0 C:\Users\renzo\DOCUME~1\GitHub\DRONE-~1\3DPRIN~1\Hall\HALLTE~1.2\HALLTE~1.2\ARDUIN~1\Debug\libArduinoCore.a(Print.o)
 .debug_aranges
                0x00000258       0x48 C:\Users\renzo\DOCUME~1\GitHub\DRONE-~1\3DPRIN~1\Hall\HALLTE~1.2\HALLTE~1.2\ARDUIN~1\Debug\libArduinoCore.a(wiring.o)
 .debug_aranges
                0x000002a0       0x38 C:\Users\renzo\DOCUME~1\GitHub\DRONE-~1\3DPRIN~1\Hall\HALLTE~1.2\HALLTE~1.2\ARDUIN~1\Debug\libArduinoCore.a(wiring_digital.o)
 .debug_aranges
                0x000002d8       0x20 C:\Users\renzo\DOCUME~1\GitHub\DRONE-~1\3DPRIN~1\Hall\HALLTE~1.2\HALLTE~1.2\ARDUIN~1\Debug\libArduinoCore.a(hooks.o)

.debug_pubnames
 *(.debug_pubnames)

.debug_info     0x00000000     0x80ff
 *(.debug_info .gnu.linkonce.wi.*)
 .debug_info    0x00000000      0x5f4 C:/Program Files (x86)/Atmel/Studio/7.0/Packs/atmel/ATmega_DFP/1.2.132/gcc/dev/atmega328p/avr5/crtatmega328p.o
 .debug_info    0x000005f4      0x6cd Sketch.o
 .debug_info    0x00000cc1      0x95c StepperDriver.o
 .debug_info    0x0000161d     0x1de5 C:\Users\renzo\DOCUME~1\GitHub\DRONE-~1\3DPRIN~1\Hall\HALLTE~1.2\HALLTE~1.2\ARDUIN~1\Debug\libArduinoCore.a(HardwareSerial.o)
 .debug_info    0x00003402     0x19d9 C:\Users\renzo\DOCUME~1\GitHub\DRONE-~1\3DPRIN~1\Hall\HALLTE~1.2\HALLTE~1.2\ARDUIN~1\Debug\libArduinoCore.a(HardwareSerial0.o)
 .debug_info    0x00004ddb      0x237 C:\Users\renzo\DOCUME~1\GitHub\DRONE-~1\3DPRIN~1\Hall\HALLTE~1.2\HALLTE~1.2\ARDUIN~1\Debug\libArduinoCore.a(main.o)
 .debug_info    0x00005012     0x27f1 C:\Users\renzo\DOCUME~1\GitHub\DRONE-~1\3DPRIN~1\Hall\HALLTE~1.2\HALLTE~1.2\ARDUIN~1\Debug\libArduinoCore.a(Print.o)
 .debug_info    0x00007803      0x2c0 C:\Users\renzo\DOCUME~1\GitHub\DRONE-~1\3DPRIN~1\Hall\HALLTE~1.2\HALLTE~1.2\ARDUIN~1\Debug\libArduinoCore.a(wiring.o)
 .debug_info    0x00007ac3      0x5fe C:\Users\renzo\DOCUME~1\GitHub\DRONE-~1\3DPRIN~1\Hall\HALLTE~1.2\HALLTE~1.2\ARDUIN~1\Debug\libArduinoCore.a(wiring_digital.o)
 .debug_info    0x000080c1       0x3e C:\Users\renzo\DOCUME~1\GitHub\DRONE-~1\3DPRIN~1\Hall\HALLTE~1.2\HALLTE~1.2\ARDUIN~1\Debug\libArduinoCore.a(hooks.o)

.debug_abbrev   0x00000000     0x1a3a
 *(.debug_abbrev)
 .debug_abbrev  0x00000000      0x5a2 C:/Program Files (x86)/Atmel/Studio/7.0/Packs/atmel/ATmega_DFP/1.2.132/gcc/dev/atmega328p/avr5/crtatmega328p.o
 .debug_abbrev  0x000005a2      0x24d Sketch.o
 .debug_abbrev  0x000007ef      0x25e StepperDriver.o
 .debug_abbrev  0x00000a4d      0x41a C:\Users\renzo\DOCUME~1\GitHub\DRONE-~1\3DPRIN~1\Hall\HALLTE~1.2\HALLTE~1.2\ARDUIN~1\Debug\libArduinoCore.a(HardwareSerial.o)
 .debug_abbrev  0x00000e67      0x38a C:\Users\renzo\DOCUME~1\GitHub\DRONE-~1\3DPRIN~1\Hall\HALLTE~1.2\HALLTE~1.2\ARDUIN~1\Debug\libArduinoCore.a(HardwareSerial0.o)
 .debug_abbrev  0x000011f1      0x12d C:\Users\renzo\DOCUME~1\GitHub\DRONE-~1\3DPRIN~1\Hall\HALLTE~1.2\HALLTE~1.2\ARDUIN~1\Debug\libArduinoCore.a(main.o)
 .debug_abbrev  0x0000131e      0x451 C:\Users\renzo\DOCUME~1\GitHub\DRONE-~1\3DPRIN~1\Hall\HALLTE~1.2\HALLTE~1.2\ARDUIN~1\Debug\libArduinoCore.a(Print.o)
 .debug_abbrev  0x0000176f      0x146 C:\Users\renzo\DOCUME~1\GitHub\DRONE-~1\3DPRIN~1\Hall\HALLTE~1.2\HALLTE~1.2\ARDUIN~1\Debug\libArduinoCore.a(wiring.o)
 .debug_abbrev  0x000018b5      0x15b C:\Users\renzo\DOCUME~1\GitHub\DRONE-~1\3DPRIN~1\Hall\HALLTE~1.2\HALLTE~1.2\ARDUIN~1\Debug\libArduinoCore.a(wiring_digital.o)
 .debug_abbrev  0x00001a10       0x2a C:\Users\renzo\DOCUME~1\GitHub\DRONE-~1\3DPRIN~1\Hall\HALLTE~1.2\HALLTE~1.2\ARDUIN~1\Debug\libArduinoCore.a(hooks.o)

.debug_line     0x00000000     0x1a42
 *(.debug_line .debug_line.* .debug_line_end)
 .debug_line    0x00000000      0x133 C:/Program Files (x86)/Atmel/Studio/7.0/Packs/atmel/ATmega_DFP/1.2.132/gcc/dev/atmega328p/avr5/crtatmega328p.o
 .debug_line    0x00000133      0x22d Sketch.o
 .debug_line    0x00000360      0x3b0 StepperDriver.o
 .debug_line    0x00000710      0x426 C:\Users\renzo\DOCUME~1\GitHub\DRONE-~1\3DPRIN~1\Hall\HALLTE~1.2\HALLTE~1.2\ARDUIN~1\Debug\libArduinoCore.a(HardwareSerial.o)
 .debug_line    0x00000b36      0x257 C:\Users\renzo\DOCUME~1\GitHub\DRONE-~1\3DPRIN~1\Hall\HALLTE~1.2\HALLTE~1.2\ARDUIN~1\Debug\libArduinoCore.a(HardwareSerial0.o)
 .debug_line    0x00000d8d      0x165 C:\Users\renzo\DOCUME~1\GitHub\DRONE-~1\3DPRIN~1\Hall\HALLTE~1.2\HALLTE~1.2\ARDUIN~1\Debug\libArduinoCore.a(main.o)
 .debug_line    0x00000ef2      0x62e C:\Users\renzo\DOCUME~1\GitHub\DRONE-~1\3DPRIN~1\Hall\HALLTE~1.2\HALLTE~1.2\ARDUIN~1\Debug\libArduinoCore.a(Print.o)
 .debug_line    0x00001520      0x28f C:\Users\renzo\DOCUME~1\GitHub\DRONE-~1\3DPRIN~1\Hall\HALLTE~1.2\HALLTE~1.2\ARDUIN~1\Debug\libArduinoCore.a(wiring.o)
 .debug_line    0x000017af      0x252 C:\Users\renzo\DOCUME~1\GitHub\DRONE-~1\3DPRIN~1\Hall\HALLTE~1.2\HALLTE~1.2\ARDUIN~1\Debug\libArduinoCore.a(wiring_digital.o)
 .debug_line    0x00001a01       0x41 C:\Users\renzo\DOCUME~1\GitHub\DRONE-~1\3DPRIN~1\Hall\HALLTE~1.2\HALLTE~1.2\ARDUIN~1\Debug\libArduinoCore.a(hooks.o)

.debug_frame    0x00000000      0x95c
 *(.debug_frame)
 .debug_frame   0x00000000       0x58 Sketch.o
 .debug_frame   0x00000058      0x1ec StepperDriver.o
 .debug_frame   0x00000244      0x110 C:\Users\renzo\DOCUME~1\GitHub\DRONE-~1\3DPRIN~1\Hall\HALLTE~1.2\HALLTE~1.2\ARDUIN~1\Debug\libArduinoCore.a(HardwareSerial.o)
 .debug_frame   0x00000354       0xc0 C:\Users\renzo\DOCUME~1\GitHub\DRONE-~1\3DPRIN~1\Hall\HALLTE~1.2\HALLTE~1.2\ARDUIN~1\Debug\libArduinoCore.a(HardwareSerial0.o)
 .debug_frame   0x00000414       0x54 C:\Users\renzo\DOCUME~1\GitHub\DRONE-~1\3DPRIN~1\Hall\HALLTE~1.2\HALLTE~1.2\ARDUIN~1\Debug\libArduinoCore.a(main.o)
 .debug_frame   0x00000468      0x398 C:\Users\renzo\DOCUME~1\GitHub\DRONE-~1\3DPRIN~1\Hall\HALLTE~1.2\HALLTE~1.2\ARDUIN~1\Debug\libArduinoCore.a(Print.o)
 .debug_frame   0x00000800       0xbc C:\Users\renzo\DOCUME~1\GitHub\DRONE-~1\3DPRIN~1\Hall\HALLTE~1.2\HALLTE~1.2\ARDUIN~1\Debug\libArduinoCore.a(wiring.o)
 .debug_frame   0x000008bc       0x7c C:\Users\renzo\DOCUME~1\GitHub\DRONE-~1\3DPRIN~1\Hall\HALLTE~1.2\HALLTE~1.2\ARDUIN~1\Debug\libArduinoCore.a(wiring_digital.o)
 .debug_frame   0x00000938       0x24 C:\Users\renzo\DOCUME~1\GitHub\DRONE-~1\3DPRIN~1\Hall\HALLTE~1.2\HALLTE~1.2\ARDUIN~1\Debug\libArduinoCore.a(hooks.o)

.debug_str      0x00000000     0x2100
 *(.debug_str)
 .debug_str     0x00000000      0x208 C:/Program Files (x86)/Atmel/Studio/7.0/Packs/atmel/ATmega_DFP/1.2.132/gcc/dev/atmega328p/avr5/crtatmega328p.o
 .debug_str     0x00000208      0x554 Sketch.o
                                0x5b1 (size before relaxing)
 .debug_str     0x0000075c       0x85 StepperDriver.o
                                0x4ff (size before relaxing)
 .debug_str     0x000007e1     0x12ac C:\Users\renzo\DOCUME~1\GitHub\DRONE-~1\3DPRIN~1\Hall\HALLTE~1.2\HALLTE~1.2\ARDUIN~1\Debug\libArduinoCore.a(HardwareSerial.o)
                               0x1586 (size before relaxing)
 .debug_str     0x00001a8d       0x55 C:\Users\renzo\DOCUME~1\GitHub\DRONE-~1\3DPRIN~1\Hall\HALLTE~1.2\HALLTE~1.2\ARDUIN~1\Debug\libArduinoCore.a(HardwareSerial0.o)
                               0x1359 (size before relaxing)
 .debug_str     0x00001ae2       0x37 C:\Users\renzo\DOCUME~1\GitHub\DRONE-~1\3DPRIN~1\Hall\HALLTE~1.2\HALLTE~1.2\ARDUIN~1\Debug\libArduinoCore.a(main.o)
                                0x2c9 (size before relaxing)
 .debug_str     0x00001b19      0x3c4 C:\Users\renzo\DOCUME~1\GitHub\DRONE-~1\3DPRIN~1\Hall\HALLTE~1.2\HALLTE~1.2\ARDUIN~1\Debug\libArduinoCore.a(Print.o)
                               0x119e (size before relaxing)
 .debug_str     0x00001edd      0x14c C:\Users\renzo\DOCUME~1\GitHub\DRONE-~1\3DPRIN~1\Hall\HALLTE~1.2\HALLTE~1.2\ARDUIN~1\Debug\libArduinoCore.a(wiring.o)
                                0x256 (size before relaxing)
 .debug_str     0x00002029       0xbb C:\Users\renzo\DOCUME~1\GitHub\DRONE-~1\3DPRIN~1\Hall\HALLTE~1.2\HALLTE~1.2\ARDUIN~1\Debug\libArduinoCore.a(wiring_digital.o)
                                0x2c4 (size before relaxing)
 .debug_str     0x000020e4       0x1c C:\Users\renzo\DOCUME~1\GitHub\DRONE-~1\3DPRIN~1\Hall\HALLTE~1.2\HALLTE~1.2\ARDUIN~1\Debug\libArduinoCore.a(hooks.o)
                                0x154 (size before relaxing)

.debug_loc      0x00000000     0x3622
 *(.debug_loc)
 .debug_loc     0x00000000       0x88 Sketch.o
 .debug_loc     0x00000088      0xa77 StepperDriver.o
 .debug_loc     0x00000aff      0x482 C:\Users\renzo\DOCUME~1\GitHub\DRONE-~1\3DPRIN~1\Hall\HALLTE~1.2\HALLTE~1.2\ARDUIN~1\Debug\libArduinoCore.a(HardwareSerial.o)
 .debug_loc     0x00000f81      0x18a C:\Users\renzo\DOCUME~1\GitHub\DRONE-~1\3DPRIN~1\Hall\HALLTE~1.2\HALLTE~1.2\ARDUIN~1\Debug\libArduinoCore.a(HardwareSerial0.o)
 .debug_loc     0x0000110b     0x1cd2 C:\Users\renzo\DOCUME~1\GitHub\DRONE-~1\3DPRIN~1\Hall\HALLTE~1.2\HALLTE~1.2\ARDUIN~1\Debug\libArduinoCore.a(Print.o)
 .debug_loc     0x00002ddd      0x249 C:\Users\renzo\DOCUME~1\GitHub\DRONE-~1\3DPRIN~1\Hall\HALLTE~1.2\HALLTE~1.2\ARDUIN~1\Debug\libArduinoCore.a(wiring.o)
 .debug_loc     0x00003026      0x5fc C:\Users\renzo\DOCUME~1\GitHub\DRONE-~1\3DPRIN~1\Hall\HALLTE~1.2\HALLTE~1.2\ARDUIN~1\Debug\libArduinoCore.a(wiring_digital.o)

.debug_macinfo
 *(.debug_macinfo)

.debug_weaknames
 *(.debug_weaknames)

.debug_funcnames
 *(.debug_funcnames)

.debug_typenames
 *(.debug_typenames)

.debug_varnames
 *(.debug_varnames)

.debug_pubtypes
 *(.debug_pubtypes)

.debug_ranges   0x00000000      0x2b0
 *(.debug_ranges)
 .debug_ranges  0x00000000       0x20 Sketch.o
 .debug_ranges  0x00000020       0x70 StepperDriver.o
 .debug_ranges  0x00000090       0x58 C:\Users\renzo\DOCUME~1\GitHub\DRONE-~1\3DPRIN~1\Hall\HALLTE~1.2\HALLTE~1.2\ARDUIN~1\Debug\libArduinoCore.a(HardwareSerial.o)
 .debug_ranges  0x000000e8       0x28 C:\Users\renzo\DOCUME~1\GitHub\DRONE-~1\3DPRIN~1\Hall\HALLTE~1.2\HALLTE~1.2\ARDUIN~1\Debug\libArduinoCore.a(HardwareSerial0.o)
 .debug_ranges  0x00000110       0x20 C:\Users\renzo\DOCUME~1\GitHub\DRONE-~1\3DPRIN~1\Hall\HALLTE~1.2\HALLTE~1.2\ARDUIN~1\Debug\libArduinoCore.a(main.o)
 .debug_ranges  0x00000130      0x110 C:\Users\renzo\DOCUME~1\GitHub\DRONE-~1\3DPRIN~1\Hall\HALLTE~1.2\HALLTE~1.2\ARDUIN~1\Debug\libArduinoCore.a(Print.o)
 .debug_ranges  0x00000240       0x38 C:\Users\renzo\DOCUME~1\GitHub\DRONE-~1\3DPRIN~1\Hall\HALLTE~1.2\HALLTE~1.2\ARDUIN~1\Debug\libArduinoCore.a(wiring.o)
 .debug_ranges  0x00000278       0x28 C:\Users\renzo\DOCUME~1\GitHub\DRONE-~1\3DPRIN~1\Hall\HALLTE~1.2\HALLTE~1.2\ARDUIN~1\Debug\libArduinoCore.a(wiring_digital.o)
 .debug_ranges  0x000002a0       0x10 C:\Users\renzo\DOCUME~1\GitHub\DRONE-~1\3DPRIN~1\Hall\HALLTE~1.2\HALLTE~1.2\ARDUIN~1\Debug\libArduinoCore.a(hooks.o)

.debug_macro
 *(.debug_macro)
OUTPUT(move_test.elf elf32-avr)
LOAD linker stubs
