Archive member included to satisfy reference by file (symbol)

C:\Users\renzo\DOCUME~1\GitHub\DRONE-~1\3DPRIN~1\MCP23S17\MCP23S~1.1\MCP23S~1.1\ARDUIN~1\Debug\libArduinoCore.a(main.o)
                              C:/Program Files (x86)/Atmel/Studio/7.0/Packs/atmel/ATmega_DFP/1.2.132/gcc/dev/atmega328p/avr5/crtatmega328p.o (main)
C:\Users\renzo\DOCUME~1\GitHub\DRONE-~1\3DPRIN~1\MCP23S17\MCP23S~1.1\MCP23S~1.1\ARDUIN~1\Debug\libArduinoCore.a(wiring.o)
                              C:\Users\renzo\DOCUME~1\GitHub\DRONE-~1\3DPRIN~1\MCP23S17\MCP23S~1.1\MCP23S~1.1\ARDUIN~1\Debug\libArduinoCore.a(main.o) (init)
C:\Users\renzo\DOCUME~1\GitHub\DRONE-~1\3DPRIN~1\MCP23S17\MCP23S~1.1\MCP23S~1.1\ARDUIN~1\Debug\libArduinoCore.a(wiring_digital.o)
                              MCP23S17.o (pinMode)
C:\Users\renzo\DOCUME~1\GitHub\DRONE-~1\3DPRIN~1\MCP23S17\MCP23S~1.1\MCP23S~1.1\ARDUIN~1\Debug\libArduinoCore.a(hooks.o)
                              C:\Users\renzo\DOCUME~1\GitHub\DRONE-~1\3DPRIN~1\MCP23S17\MCP23S~1.1\MCP23S~1.1\ARDUIN~1\Debug\libArduinoCore.a(wiring.o) (yield)
c:/program files (x86)/atmel/studio/7.0/toolchain/avr8/avr8-gnu-toolchain/bin/../lib/gcc/avr/5.4.0/avr5\libgcc.a(_exit.o)
                              C:/Program Files (x86)/Atmel/Studio/7.0/Packs/atmel/ATmega_DFP/1.2.132/gcc/dev/atmega328p/avr5/crtatmega328p.o (exit)
c:/program files (x86)/atmel/studio/7.0/toolchain/avr8/avr8-gnu-toolchain/bin/../lib/gcc/avr/5.4.0/avr5\libgcc.a(_clear_bss.o)
                              Sketch.o (__do_clear_bss)
c:/program files (x86)/atmel/studio/7.0/toolchain/avr8/avr8-gnu-toolchain/bin/../lib/gcc/avr/5.4.0/avr5\libgcc.a(_ctors.o)
                              Sketch.o (__do_global_ctors)
c:/program files (x86)/atmel/studio/7.0/toolchain/avr8/avr8-gnu-toolchain/bin/../lib/gcc/avr/5.4.0/avr5\libgcc.a(_tablejump2.o)
                              c:/program files (x86)/atmel/studio/7.0/toolchain/avr8/avr8-gnu-toolchain/bin/../lib/gcc/avr/5.4.0/avr5\libgcc.a(_ctors.o) (__tablejump2__)

Discarded input sections

 .data          0x00000000        0x0 C:/Program Files (x86)/Atmel/Studio/7.0/Packs/atmel/ATmega_DFP/1.2.132/gcc/dev/atmega328p/avr5/crtatmega328p.o
 .bss           0x00000000        0x0 C:/Program Files (x86)/Atmel/Studio/7.0/Packs/atmel/ATmega_DFP/1.2.132/gcc/dev/atmega328p/avr5/crtatmega328p.o
 .group         0x00000000        0x8 MCP23S17.o
 .text          0x00000000        0x0 MCP23S17.o
 .data          0x00000000        0x0 MCP23S17.o
 .bss           0x00000000        0x0 MCP23S17.o
 .text._ZN3MCP7pinModeEhh
                0x00000000       0x68 MCP23S17.o
 .text._ZN3MCP10pullupModeEhh
                0x00000000       0x68 MCP23S17.o
 .text._ZN3MCP11inputInvertEhh
                0x00000000       0x68 MCP23S17.o
 .text._ZN3MCP12digitalWriteEhh
                0x00000000       0x68 MCP23S17.o
 .text._ZN3MCP8byteReadEh
                0x00000000       0x3c MCP23S17.o
 .text._ZN3MCP11digitalReadEh
                0x00000000       0x32 MCP23S17.o
 .text          0x00000000        0x0 Sketch.o
 .data          0x00000000        0x0 Sketch.o
 .bss           0x00000000        0x0 Sketch.o
 .text          0x00000000        0x0 src/libraries/SPI/SPI.o
 .data          0x00000000        0x0 src/libraries/SPI/SPI.o
 .bss           0x00000000        0x0 src/libraries/SPI/SPI.o
 .text._ZN8SPIClass3endEv
                0x00000000       0x28 src/libraries/SPI/SPI.o
 .text._ZN8SPIClass14usingInterruptEh
                0x00000000       0x38 src/libraries/SPI/SPI.o
 .text._ZN8SPIClass17notUsingInterruptEh
                0x00000000       0x36 src/libraries/SPI/SPI.o
 .bss._ZN8SPIClass13interruptSaveE
                0x00000000        0x1 src/libraries/SPI/SPI.o
 .bss._ZN8SPIClass13interruptMaskE
                0x00000000        0x1 src/libraries/SPI/SPI.o
 .bss._ZN8SPIClass13interruptModeE
                0x00000000        0x1 src/libraries/SPI/SPI.o
 .bss.SPI       0x00000000        0x1 src/libraries/SPI/SPI.o
 .text          0x00000000        0x0 C:\Users\renzo\DOCUME~1\GitHub\DRONE-~1\3DPRIN~1\MCP23S17\MCP23S~1.1\MCP23S~1.1\ARDUIN~1\Debug\libArduinoCore.a(main.o)
 .data          0x00000000        0x0 C:\Users\renzo\DOCUME~1\GitHub\DRONE-~1\3DPRIN~1\MCP23S17\MCP23S~1.1\MCP23S~1.1\ARDUIN~1\Debug\libArduinoCore.a(main.o)
 .bss           0x00000000        0x0 C:\Users\renzo\DOCUME~1\GitHub\DRONE-~1\3DPRIN~1\MCP23S17\MCP23S~1.1\MCP23S~1.1\ARDUIN~1\Debug\libArduinoCore.a(main.o)
 .text.atexit   0x00000000        0x6 C:\Users\renzo\DOCUME~1\GitHub\DRONE-~1\3DPRIN~1\MCP23S17\MCP23S~1.1\MCP23S~1.1\ARDUIN~1\Debug\libArduinoCore.a(main.o)
 .text._Z8setupUSBv
                0x00000000        0x2 C:\Users\renzo\DOCUME~1\GitHub\DRONE-~1\3DPRIN~1\MCP23S17\MCP23S~1.1\MCP23S~1.1\ARDUIN~1\Debug\libArduinoCore.a(main.o)
 .text          0x00000000        0x0 C:\Users\renzo\DOCUME~1\GitHub\DRONE-~1\3DPRIN~1\MCP23S17\MCP23S~1.1\MCP23S~1.1\ARDUIN~1\Debug\libArduinoCore.a(wiring.o)
 .data          0x00000000        0x0 C:\Users\renzo\DOCUME~1\GitHub\DRONE-~1\3DPRIN~1\MCP23S17\MCP23S~1.1\MCP23S~1.1\ARDUIN~1\Debug\libArduinoCore.a(wiring.o)
 .bss           0x00000000        0x0 C:\Users\renzo\DOCUME~1\GitHub\DRONE-~1\3DPRIN~1\MCP23S17\MCP23S~1.1\MCP23S~1.1\ARDUIN~1\Debug\libArduinoCore.a(wiring.o)
 .text.millis   0x00000000       0x18 C:\Users\renzo\DOCUME~1\GitHub\DRONE-~1\3DPRIN~1\MCP23S17\MCP23S~1.1\MCP23S~1.1\ARDUIN~1\Debug\libArduinoCore.a(wiring.o)
 .text.micros   0x00000000       0x4a C:\Users\renzo\DOCUME~1\GitHub\DRONE-~1\3DPRIN~1\MCP23S17\MCP23S~1.1\MCP23S~1.1\ARDUIN~1\Debug\libArduinoCore.a(wiring.o)
 .text.delay    0x00000000       0x50 C:\Users\renzo\DOCUME~1\GitHub\DRONE-~1\3DPRIN~1\MCP23S17\MCP23S~1.1\MCP23S~1.1\ARDUIN~1\Debug\libArduinoCore.a(wiring.o)
 .text.delayMicroseconds
                0x00000000       0x16 C:\Users\renzo\DOCUME~1\GitHub\DRONE-~1\3DPRIN~1\MCP23S17\MCP23S~1.1\MCP23S~1.1\ARDUIN~1\Debug\libArduinoCore.a(wiring.o)
 .text          0x00000000        0x0 C:\Users\renzo\DOCUME~1\GitHub\DRONE-~1\3DPRIN~1\MCP23S17\MCP23S~1.1\MCP23S~1.1\ARDUIN~1\Debug\libArduinoCore.a(wiring_digital.o)
 .data          0x00000000        0x0 C:\Users\renzo\DOCUME~1\GitHub\DRONE-~1\3DPRIN~1\MCP23S17\MCP23S~1.1\MCP23S~1.1\ARDUIN~1\Debug\libArduinoCore.a(wiring_digital.o)
 .bss           0x00000000        0x0 C:\Users\renzo\DOCUME~1\GitHub\DRONE-~1\3DPRIN~1\MCP23S17\MCP23S~1.1\MCP23S~1.1\ARDUIN~1\Debug\libArduinoCore.a(wiring_digital.o)
 .text.digitalRead
                0x00000000       0x52 C:\Users\renzo\DOCUME~1\GitHub\DRONE-~1\3DPRIN~1\MCP23S17\MCP23S~1.1\MCP23S~1.1\ARDUIN~1\Debug\libArduinoCore.a(wiring_digital.o)
 .progmem.data.port_to_input_PGM
                0x00000000        0xa C:\Users\renzo\DOCUME~1\GitHub\DRONE-~1\3DPRIN~1\MCP23S17\MCP23S~1.1\MCP23S~1.1\ARDUIN~1\Debug\libArduinoCore.a(wiring_digital.o)
 .text          0x00000000        0x0 C:\Users\renzo\DOCUME~1\GitHub\DRONE-~1\3DPRIN~1\MCP23S17\MCP23S~1.1\MCP23S~1.1\ARDUIN~1\Debug\libArduinoCore.a(hooks.o)
 .data          0x00000000        0x0 C:\Users\renzo\DOCUME~1\GitHub\DRONE-~1\3DPRIN~1\MCP23S17\MCP23S~1.1\MCP23S~1.1\ARDUIN~1\Debug\libArduinoCore.a(hooks.o)
 .bss           0x00000000        0x0 C:\Users\renzo\DOCUME~1\GitHub\DRONE-~1\3DPRIN~1\MCP23S17\MCP23S~1.1\MCP23S~1.1\ARDUIN~1\Debug\libArduinoCore.a(hooks.o)
 .text.__empty  0x00000000        0x2 C:\Users\renzo\DOCUME~1\GitHub\DRONE-~1\3DPRIN~1\MCP23S17\MCP23S~1.1\MCP23S~1.1\ARDUIN~1\Debug\libArduinoCore.a(hooks.o)
 .debug_info    0x00000000       0x3e C:\Users\renzo\DOCUME~1\GitHub\DRONE-~1\3DPRIN~1\MCP23S17\MCP23S~1.1\MCP23S~1.1\ARDUIN~1\Debug\libArduinoCore.a(hooks.o)
 .debug_abbrev  0x00000000       0x2a C:\Users\renzo\DOCUME~1\GitHub\DRONE-~1\3DPRIN~1\MCP23S17\MCP23S~1.1\MCP23S~1.1\ARDUIN~1\Debug\libArduinoCore.a(hooks.o)
 .debug_aranges
                0x00000000       0x20 C:\Users\renzo\DOCUME~1\GitHub\DRONE-~1\3DPRIN~1\MCP23S17\MCP23S~1.1\MCP23S~1.1\ARDUIN~1\Debug\libArduinoCore.a(hooks.o)
 .debug_ranges  0x00000000       0x10 C:\Users\renzo\DOCUME~1\GitHub\DRONE-~1\3DPRIN~1\MCP23S17\MCP23S~1.1\MCP23S~1.1\ARDUIN~1\Debug\libArduinoCore.a(hooks.o)
 .debug_line    0x00000000       0x41 C:\Users\renzo\DOCUME~1\GitHub\DRONE-~1\3DPRIN~1\MCP23S17\MCP23S~1.1\MCP23S~1.1\ARDUIN~1\Debug\libArduinoCore.a(hooks.o)
 .debug_str     0x00000000      0x162 C:\Users\renzo\DOCUME~1\GitHub\DRONE-~1\3DPRIN~1\MCP23S17\MCP23S~1.1\MCP23S~1.1\ARDUIN~1\Debug\libArduinoCore.a(hooks.o)
 .comment       0x00000000       0x31 C:\Users\renzo\DOCUME~1\GitHub\DRONE-~1\3DPRIN~1\MCP23S17\MCP23S~1.1\MCP23S~1.1\ARDUIN~1\Debug\libArduinoCore.a(hooks.o)
 .debug_frame   0x00000000       0x24 C:\Users\renzo\DOCUME~1\GitHub\DRONE-~1\3DPRIN~1\MCP23S17\MCP23S~1.1\MCP23S~1.1\ARDUIN~1\Debug\libArduinoCore.a(hooks.o)
 .text          0x00000000        0x0 c:/program files (x86)/atmel/studio/7.0/toolchain/avr8/avr8-gnu-toolchain/bin/../lib/gcc/avr/5.4.0/avr5\libgcc.a(_exit.o)
 .data          0x00000000        0x0 c:/program files (x86)/atmel/studio/7.0/toolchain/avr8/avr8-gnu-toolchain/bin/../lib/gcc/avr/5.4.0/avr5\libgcc.a(_exit.o)
 .bss           0x00000000        0x0 c:/program files (x86)/atmel/studio/7.0/toolchain/avr8/avr8-gnu-toolchain/bin/../lib/gcc/avr/5.4.0/avr5\libgcc.a(_exit.o)
 .text.libgcc.mul
                0x00000000        0x0 c:/program files (x86)/atmel/studio/7.0/toolchain/avr8/avr8-gnu-toolchain/bin/../lib/gcc/avr/5.4.0/avr5\libgcc.a(_exit.o)
 .text.libgcc.div
                0x00000000        0x0 c:/program files (x86)/atmel/studio/7.0/toolchain/avr8/avr8-gnu-toolchain/bin/../lib/gcc/avr/5.4.0/avr5\libgcc.a(_exit.o)
 .text.libgcc   0x00000000        0x0 c:/program files (x86)/atmel/studio/7.0/toolchain/avr8/avr8-gnu-toolchain/bin/../lib/gcc/avr/5.4.0/avr5\libgcc.a(_exit.o)
 .text.libgcc.prologue
                0x00000000        0x0 c:/program files (x86)/atmel/studio/7.0/toolchain/avr8/avr8-gnu-toolchain/bin/../lib/gcc/avr/5.4.0/avr5\libgcc.a(_exit.o)
 .text.libgcc.builtins
                0x00000000        0x0 c:/program files (x86)/atmel/studio/7.0/toolchain/avr8/avr8-gnu-toolchain/bin/../lib/gcc/avr/5.4.0/avr5\libgcc.a(_exit.o)
 .text.libgcc.fmul
                0x00000000        0x0 c:/program files (x86)/atmel/studio/7.0/toolchain/avr8/avr8-gnu-toolchain/bin/../lib/gcc/avr/5.4.0/avr5\libgcc.a(_exit.o)
 .text.libgcc.fixed
                0x00000000        0x0 c:/program files (x86)/atmel/studio/7.0/toolchain/avr8/avr8-gnu-toolchain/bin/../lib/gcc/avr/5.4.0/avr5\libgcc.a(_exit.o)
 .text          0x00000000        0x0 c:/program files (x86)/atmel/studio/7.0/toolchain/avr8/avr8-gnu-toolchain/bin/../lib/gcc/avr/5.4.0/avr5\libgcc.a(_clear_bss.o)
 .data          0x00000000        0x0 c:/program files (x86)/atmel/studio/7.0/toolchain/avr8/avr8-gnu-toolchain/bin/../lib/gcc/avr/5.4.0/avr5\libgcc.a(_clear_bss.o)
 .bss           0x00000000        0x0 c:/program files (x86)/atmel/studio/7.0/toolchain/avr8/avr8-gnu-toolchain/bin/../lib/gcc/avr/5.4.0/avr5\libgcc.a(_clear_bss.o)
 .text.libgcc.mul
                0x00000000        0x0 c:/program files (x86)/atmel/studio/7.0/toolchain/avr8/avr8-gnu-toolchain/bin/../lib/gcc/avr/5.4.0/avr5\libgcc.a(_clear_bss.o)
 .text.libgcc.div
                0x00000000        0x0 c:/program files (x86)/atmel/studio/7.0/toolchain/avr8/avr8-gnu-toolchain/bin/../lib/gcc/avr/5.4.0/avr5\libgcc.a(_clear_bss.o)
 .text.libgcc   0x00000000        0x0 c:/program files (x86)/atmel/studio/7.0/toolchain/avr8/avr8-gnu-toolchain/bin/../lib/gcc/avr/5.4.0/avr5\libgcc.a(_clear_bss.o)
 .text.libgcc.prologue
                0x00000000        0x0 c:/program files (x86)/atmel/studio/7.0/toolchain/avr8/avr8-gnu-toolchain/bin/../lib/gcc/avr/5.4.0/avr5\libgcc.a(_clear_bss.o)
 .text.libgcc.builtins
                0x00000000        0x0 c:/program files (x86)/atmel/studio/7.0/toolchain/avr8/avr8-gnu-toolchain/bin/../lib/gcc/avr/5.4.0/avr5\libgcc.a(_clear_bss.o)
 .text.libgcc.fmul
                0x00000000        0x0 c:/program files (x86)/atmel/studio/7.0/toolchain/avr8/avr8-gnu-toolchain/bin/../lib/gcc/avr/5.4.0/avr5\libgcc.a(_clear_bss.o)
 .text.libgcc.fixed
                0x00000000        0x0 c:/program files (x86)/atmel/studio/7.0/toolchain/avr8/avr8-gnu-toolchain/bin/../lib/gcc/avr/5.4.0/avr5\libgcc.a(_clear_bss.o)
 .text          0x00000000        0x0 c:/program files (x86)/atmel/studio/7.0/toolchain/avr8/avr8-gnu-toolchain/bin/../lib/gcc/avr/5.4.0/avr5\libgcc.a(_ctors.o)
 .data          0x00000000        0x0 c:/program files (x86)/atmel/studio/7.0/toolchain/avr8/avr8-gnu-toolchain/bin/../lib/gcc/avr/5.4.0/avr5\libgcc.a(_ctors.o)
 .bss           0x00000000        0x0 c:/program files (x86)/atmel/studio/7.0/toolchain/avr8/avr8-gnu-toolchain/bin/../lib/gcc/avr/5.4.0/avr5\libgcc.a(_ctors.o)
 .text.libgcc.mul
                0x00000000        0x0 c:/program files (x86)/atmel/studio/7.0/toolchain/avr8/avr8-gnu-toolchain/bin/../lib/gcc/avr/5.4.0/avr5\libgcc.a(_ctors.o)
 .text.libgcc.div
                0x00000000        0x0 c:/program files (x86)/atmel/studio/7.0/toolchain/avr8/avr8-gnu-toolchain/bin/../lib/gcc/avr/5.4.0/avr5\libgcc.a(_ctors.o)
 .text.libgcc   0x00000000        0x0 c:/program files (x86)/atmel/studio/7.0/toolchain/avr8/avr8-gnu-toolchain/bin/../lib/gcc/avr/5.4.0/avr5\libgcc.a(_ctors.o)
 .text.libgcc.prologue
                0x00000000        0x0 c:/program files (x86)/atmel/studio/7.0/toolchain/avr8/avr8-gnu-toolchain/bin/../lib/gcc/avr/5.4.0/avr5\libgcc.a(_ctors.o)
 .text.libgcc.builtins
                0x00000000        0x0 c:/program files (x86)/atmel/studio/7.0/toolchain/avr8/avr8-gnu-toolchain/bin/../lib/gcc/avr/5.4.0/avr5\libgcc.a(_ctors.o)
 .text.libgcc.fmul
                0x00000000        0x0 c:/program files (x86)/atmel/studio/7.0/toolchain/avr8/avr8-gnu-toolchain/bin/../lib/gcc/avr/5.4.0/avr5\libgcc.a(_ctors.o)
 .text.libgcc.fixed
                0x00000000        0x0 c:/program files (x86)/atmel/studio/7.0/toolchain/avr8/avr8-gnu-toolchain/bin/../lib/gcc/avr/5.4.0/avr5\libgcc.a(_ctors.o)
 .text          0x00000000        0x0 c:/program files (x86)/atmel/studio/7.0/toolchain/avr8/avr8-gnu-toolchain/bin/../lib/gcc/avr/5.4.0/avr5\libgcc.a(_tablejump2.o)
 .data          0x00000000        0x0 c:/program files (x86)/atmel/studio/7.0/toolchain/avr8/avr8-gnu-toolchain/bin/../lib/gcc/avr/5.4.0/avr5\libgcc.a(_tablejump2.o)
 .bss           0x00000000        0x0 c:/program files (x86)/atmel/studio/7.0/toolchain/avr8/avr8-gnu-toolchain/bin/../lib/gcc/avr/5.4.0/avr5\libgcc.a(_tablejump2.o)
 .text.libgcc.mul
                0x00000000        0x0 c:/program files (x86)/atmel/studio/7.0/toolchain/avr8/avr8-gnu-toolchain/bin/../lib/gcc/avr/5.4.0/avr5\libgcc.a(_tablejump2.o)
 .text.libgcc.div
                0x00000000        0x0 c:/program files (x86)/atmel/studio/7.0/toolchain/avr8/avr8-gnu-toolchain/bin/../lib/gcc/avr/5.4.0/avr5\libgcc.a(_tablejump2.o)
 .text.libgcc.prologue
                0x00000000        0x0 c:/program files (x86)/atmel/studio/7.0/toolchain/avr8/avr8-gnu-toolchain/bin/../lib/gcc/avr/5.4.0/avr5\libgcc.a(_tablejump2.o)
 .text.libgcc.builtins
                0x00000000        0x0 c:/program files (x86)/atmel/studio/7.0/toolchain/avr8/avr8-gnu-toolchain/bin/../lib/gcc/avr/5.4.0/avr5\libgcc.a(_tablejump2.o)
 .text.libgcc.fmul
                0x00000000        0x0 c:/program files (x86)/atmel/studio/7.0/toolchain/avr8/avr8-gnu-toolchain/bin/../lib/gcc/avr/5.4.0/avr5\libgcc.a(_tablejump2.o)
 .text.libgcc.fixed
                0x00000000        0x0 c:/program files (x86)/atmel/studio/7.0/toolchain/avr8/avr8-gnu-toolchain/bin/../lib/gcc/avr/5.4.0/avr5\libgcc.a(_tablejump2.o)

Memory Configuration

Name             Origin             Length             Attributes
text             0x00000000         0x00020000         xr
data             0x00800060         0x0000ffa0         rw !x
eeprom           0x00810000         0x00010000         rw !x
fuse             0x00820000         0x00000003         rw !x
lock             0x00830000         0x00000400         rw !x
signature        0x00840000         0x00000400         rw !x
user_signatures  0x00850000         0x00000400         rw !x
*default*        0x00000000         0xffffffff

Linker script and memory map

Address of section .data set to 0x800100
LOAD C:/Program Files (x86)/Atmel/Studio/7.0/Packs/atmel/ATmega_DFP/1.2.132/gcc/dev/atmega328p/avr5/crtatmega328p.o
LOAD MCP23S17.o
LOAD Sketch.o
LOAD src/libraries/SPI/SPI.o
START GROUP
LOAD c:/program files (x86)/atmel/studio/7.0/toolchain/avr8/avr8-gnu-toolchain/bin/../lib/gcc/avr/5.4.0/../../../../avr/lib/avr5\libm.a
LOAD C:\Users\renzo\DOCUME~1\GitHub\DRONE-~1\3DPRIN~1\MCP23S17\MCP23S~1.1\MCP23S~1.1\ARDUIN~1\Debug\libArduinoCore.a
END GROUP
LOAD c:/program files (x86)/atmel/studio/7.0/toolchain/avr8/avr8-gnu-toolchain/bin/../lib/gcc/avr/5.4.0/avr5\libgcc.a
LOAD c:/program files (x86)/atmel/studio/7.0/toolchain/avr8/avr8-gnu-toolchain/bin/../lib/gcc/avr/5.4.0/../../../../avr/lib/avr5\libm.a
START GROUP
LOAD c:/program files (x86)/atmel/studio/7.0/toolchain/avr8/avr8-gnu-toolchain/bin/../lib/gcc/avr/5.4.0/avr5\libgcc.a
LOAD c:/program files (x86)/atmel/studio/7.0/toolchain/avr8/avr8-gnu-toolchain/bin/../lib/gcc/avr/5.4.0/../../../../avr/lib/avr5\libm.a
LOAD c:/program files (x86)/atmel/studio/7.0/toolchain/avr8/avr8-gnu-toolchain/bin/../lib/gcc/avr/5.4.0/../../../../avr/lib/avr5\libc.a
LOAD C:/Program Files (x86)/Atmel/Studio/7.0/Packs/atmel/ATmega_DFP/1.2.132/gcc/dev/atmega328p/avr5\libatmega328p.a
END GROUP
                0x00020000                __TEXT_REGION_LENGTH__ = DEFINED (__TEXT_REGION_LENGTH__)?__TEXT_REGION_LENGTH__:0x20000
                0x0000ffa0                __DATA_REGION_LENGTH__ = DEFINED (__DATA_REGION_LENGTH__)?__DATA_REGION_LENGTH__:0xffa0
                0x00010000                __EEPROM_REGION_LENGTH__ = DEFINED (__EEPROM_REGION_LENGTH__)?__EEPROM_REGION_LENGTH__:0x10000
                [0x00000003]                __FUSE_REGION_LENGTH__ = DEFINED (__FUSE_REGION_LENGTH__)?__FUSE_REGION_LENGTH__:0x400
                0x00000400                __LOCK_REGION_LENGTH__ = DEFINED (__LOCK_REGION_LENGTH__)?__LOCK_REGION_LENGTH__:0x400
                0x00000400                __SIGNATURE_REGION_LENGTH__ = DEFINED (__SIGNATURE_REGION_LENGTH__)?__SIGNATURE_REGION_LENGTH__:0x400
                0x00000400                __USER_SIGNATURE_REGION_LENGTH__ = DEFINED (__USER_SIGNATURE_REGION_LENGTH__)?__USER_SIGNATURE_REGION_LENGTH__:0x400

.hash
 *(.hash)

.dynsym
 *(.dynsym)

.dynstr
 *(.dynstr)

.gnu.version
 *(.gnu.version)

.gnu.version_d
 *(.gnu.version_d)

.gnu.version_r
 *(.gnu.version_r)

.rel.init
 *(.rel.init)

.rela.init
 *(.rela.init)

.rel.text
 *(.rel.text)
 *(.rel.text.*)
 *(.rel.gnu.linkonce.t*)

.rela.text
 *(.rela.text)
 *(.rela.text.*)
 *(.rela.gnu.linkonce.t*)

.rel.fini
 *(.rel.fini)

.rela.fini
 *(.rela.fini)

.rel.rodata
 *(.rel.rodata)
 *(.rel.rodata.*)
 *(.rel.gnu.linkonce.r*)

.rela.rodata
 *(.rela.rodata)
 *(.rela.rodata.*)
 *(.rela.gnu.linkonce.r*)

.rel.data
 *(.rel.data)
 *(.rel.data.*)
 *(.rel.gnu.linkonce.d*)

.rela.data
 *(.rela.data)
 *(.rela.data.*)
 *(.rela.gnu.linkonce.d*)

.rel.ctors
 *(.rel.ctors)

.rela.ctors
 *(.rela.ctors)

.rel.dtors
 *(.rel.dtors)

.rela.dtors
 *(.rela.dtors)

.rel.got
 *(.rel.got)

.rela.got
 *(.rela.got)

.rel.bss
 *(.rel.bss)

.rela.bss
 *(.rela.bss)

.rel.plt
 *(.rel.plt)

.rela.plt
 *(.rela.plt)

.text           0x00000000      0x5e0
 *(.vectors)
 .vectors       0x00000000       0x68 C:/Program Files (x86)/Atmel/Studio/7.0/Packs/atmel/ATmega_DFP/1.2.132/gcc/dev/atmega328p/avr5/crtatmega328p.o
                0x00000000                __vector_default
                0x00000000                __vectors
 *(.vectors)
 *(.progmem.gcc*)
                0x00000068                . = ALIGN (0x2)
                0x00000068                __trampolines_start = .
 *(.trampolines)
 .trampolines   0x00000068        0x0 linker stubs
 *(.trampolines*)
                0x00000068                __trampolines_end = .
 *libprintf_flt.a:*(.progmem.data)
 *libc.a:*(.progmem.data)
 *(.progmem*)
 .progmem.data.digital_pin_to_timer_PGM
                0x00000068       0x14 C:\Users\renzo\DOCUME~1\GitHub\DRONE-~1\3DPRIN~1\MCP23S17\MCP23S~1.1\MCP23S~1.1\ARDUIN~1\Debug\libArduinoCore.a(wiring_digital.o)
                0x00000068                digital_pin_to_timer_PGM
 .progmem.data.digital_pin_to_bit_mask_PGM
                0x0000007c       0x14 C:\Users\renzo\DOCUME~1\GitHub\DRONE-~1\3DPRIN~1\MCP23S17\MCP23S~1.1\MCP23S~1.1\ARDUIN~1\Debug\libArduinoCore.a(wiring_digital.o)
                0x0000007c                digital_pin_to_bit_mask_PGM
 .progmem.data.digital_pin_to_port_PGM
                0x00000090       0x14 C:\Users\renzo\DOCUME~1\GitHub\DRONE-~1\3DPRIN~1\MCP23S17\MCP23S~1.1\MCP23S~1.1\ARDUIN~1\Debug\libArduinoCore.a(wiring_digital.o)
                0x00000090                digital_pin_to_port_PGM
 .progmem.data.port_to_output_PGM
                0x000000a4        0xa C:\Users\renzo\DOCUME~1\GitHub\DRONE-~1\3DPRIN~1\MCP23S17\MCP23S~1.1\MCP23S~1.1\ARDUIN~1\Debug\libArduinoCore.a(wiring_digital.o)
                0x000000a4                port_to_output_PGM
 .progmem.data.port_to_mode_PGM
                0x000000ae        0xa C:\Users\renzo\DOCUME~1\GitHub\DRONE-~1\3DPRIN~1\MCP23S17\MCP23S~1.1\MCP23S~1.1\ARDUIN~1\Debug\libArduinoCore.a(wiring_digital.o)
                0x000000ae                port_to_mode_PGM
                0x000000b8                . = ALIGN (0x2)
 *(.jumptables)
 *(.jumptables*)
 *(.lowtext)
 *(.lowtext*)
                0x000000b8                __ctors_start = .
 *(.ctors)
 .ctors         0x000000b8        0x2 Sketch.o
                0x000000ba                __ctors_end = .
                0x000000ba                __dtors_start = .
 *(.dtors)
                0x000000ba                __dtors_end = .
 SORT(*)(.ctors)
 SORT(*)(.dtors)
 *(.init0)
 .init0         0x000000ba        0x0 C:/Program Files (x86)/Atmel/Studio/7.0/Packs/atmel/ATmega_DFP/1.2.132/gcc/dev/atmega328p/avr5/crtatmega328p.o
                0x000000ba                __init
 *(.init0)
 *(.init1)
 *(.init1)
 *(.init2)
 .init2         0x000000ba        0xc C:/Program Files (x86)/Atmel/Studio/7.0/Packs/atmel/ATmega_DFP/1.2.132/gcc/dev/atmega328p/avr5/crtatmega328p.o
 *(.init2)
 *(.init3)
 *(.init3)
 *(.init4)
 .init4         0x000000c6       0x10 c:/program files (x86)/atmel/studio/7.0/toolchain/avr8/avr8-gnu-toolchain/bin/../lib/gcc/avr/5.4.0/avr5\libgcc.a(_clear_bss.o)
                0x000000c6                __do_clear_bss
 *(.init4)
 *(.init5)
 *(.init5)
 *(.init6)
 .init6         0x000000d6       0x16 c:/program files (x86)/atmel/studio/7.0/toolchain/avr8/avr8-gnu-toolchain/bin/../lib/gcc/avr/5.4.0/avr5\libgcc.a(_ctors.o)
                0x000000d6                __do_global_ctors
 *(.init6)
 *(.init7)
 *(.init7)
 *(.init8)
 *(.init8)
 *(.init9)
 .init9         0x000000ec        0x8 C:/Program Files (x86)/Atmel/Studio/7.0/Packs/atmel/ATmega_DFP/1.2.132/gcc/dev/atmega328p/avr5/crtatmega328p.o
 *(.init9)
 *(.text)
 .text          0x000000f4        0x4 C:/Program Files (x86)/Atmel/Studio/7.0/Packs/atmel/ATmega_DFP/1.2.132/gcc/dev/atmega328p/avr5/crtatmega328p.o
                0x000000f4                __vector_22
                0x000000f4                __vector_1
                0x000000f4                __vector_24
                0x000000f4                __vector_12
                0x000000f4                __bad_interrupt
                0x000000f4                __vector_6
                0x000000f4                __vector_3
                0x000000f4                __vector_23
                0x000000f4                __vector_25
                0x000000f4                __vector_11
                0x000000f4                __vector_13
                0x000000f4                __vector_17
                0x000000f4                __vector_19
                0x000000f4                __vector_7
                0x000000f4                __vector_5
                0x000000f4                __vector_4
                0x000000f4                __vector_9
                0x000000f4                __vector_2
                0x000000f4                __vector_21
                0x000000f4                __vector_15
                0x000000f4                __vector_8
                0x000000f4                __vector_14
                0x000000f4                __vector_10
                0x000000f4                __vector_18
                0x000000f4                __vector_20
                0x000000f8                . = ALIGN (0x2)
 *(.text.*)
 .text._ZN8SPIClass8transferEh
                0x000000f8        0xe MCP23S17.o
                0x000000f8                _ZN8SPIClass8transferEh
 .text._ZN3MCPC2Ehh
                0x00000106       0x22 MCP23S17.o
                0x00000106                _ZN3MCPC1Ehh
                0x00000106                _ZN3MCPC2Ehh
 .text._ZN3MCP9byteWriteEhh
                0x00000128       0x3c MCP23S17.o
                0x00000128                _ZN3MCP9byteWriteEhh
 .text._ZN3MCP5beginEv
                0x00000164       0x28 MCP23S17.o
                0x00000164                _ZN3MCP5beginEv
 .text._ZN3MCP9wordWriteEhj
                0x0000018c       0x46 MCP23S17.o
                0x0000018c                _ZN3MCP9wordWriteEhj
 .text._ZN3MCP7pinModeEj
                0x000001d2       0x22 MCP23S17.o
                0x000001d2                _ZN3MCP7pinModeEj
 .text._ZN3MCP10pullupModeEj
                0x000001f4       0x22 MCP23S17.o
                0x000001f4                _ZN3MCP10pullupModeEj
 .text._ZN3MCP11inputInvertEj
                0x00000216       0x22 MCP23S17.o
                0x00000216                _ZN3MCP11inputInvertEj
 .text._ZN3MCP12digitalWriteEj
                0x00000238       0x22 MCP23S17.o
                0x00000238                _ZN3MCP12digitalWriteEj
 .text._ZN3MCP11digitalReadEv
                0x0000025a       0x4e MCP23S17.o
                0x0000025a                _ZN3MCP11digitalReadEv
 .text.setup    0x000002a8       0x40 Sketch.o
                0x000002a8                setup
 .text.loop     0x000002e8       0x12 Sketch.o
                0x000002e8                loop
 .text.startup._GLOBAL__sub_I_inputchip
                0x000002fa       0x18 Sketch.o
 .text._ZN8SPIClass5beginEv
                0x00000312       0x6c src/libraries/SPI/SPI.o
                0x00000312                _ZN8SPIClass5beginEv
 .text.initVariant
                0x0000037e        0x2 C:\Users\renzo\DOCUME~1\GitHub\DRONE-~1\3DPRIN~1\MCP23S17\MCP23S~1.1\MCP23S~1.1\ARDUIN~1\Debug\libArduinoCore.a(main.o)
                0x0000037e                initVariant
 .text.startup.main
                0x00000380       0x1e C:\Users\renzo\DOCUME~1\GitHub\DRONE-~1\3DPRIN~1\MCP23S17\MCP23S~1.1\MCP23S~1.1\ARDUIN~1\Debug\libArduinoCore.a(main.o)
                0x00000380                main
 .text.__vector_16
                0x0000039e       0x94 C:\Users\renzo\DOCUME~1\GitHub\DRONE-~1\3DPRIN~1\MCP23S17\MCP23S~1.1\MCP23S~1.1\ARDUIN~1\Debug\libArduinoCore.a(wiring.o)
                0x0000039e                __vector_16
 .text.init     0x00000432       0x76 C:\Users\renzo\DOCUME~1\GitHub\DRONE-~1\3DPRIN~1\MCP23S17\MCP23S~1.1\MCP23S~1.1\ARDUIN~1\Debug\libArduinoCore.a(wiring.o)
                0x00000432                init
 .text.turnOffPWM
                0x000004a8       0x52 C:\Users\renzo\DOCUME~1\GitHub\DRONE-~1\3DPRIN~1\MCP23S17\MCP23S~1.1\MCP23S~1.1\ARDUIN~1\Debug\libArduinoCore.a(wiring_digital.o)
 .text.pinMode  0x000004fa       0x78 C:\Users\renzo\DOCUME~1\GitHub\DRONE-~1\3DPRIN~1\MCP23S17\MCP23S~1.1\MCP23S~1.1\ARDUIN~1\Debug\libArduinoCore.a(wiring_digital.o)
                0x000004fa                pinMode
 .text.digitalWrite
                0x00000572       0x5e C:\Users\renzo\DOCUME~1\GitHub\DRONE-~1\3DPRIN~1\MCP23S17\MCP23S~1.1\MCP23S~1.1\ARDUIN~1\Debug\libArduinoCore.a(wiring_digital.o)
                0x00000572                digitalWrite
 .text.libgcc   0x000005d0        0xc c:/program files (x86)/atmel/studio/7.0/toolchain/avr8/avr8-gnu-toolchain/bin/../lib/gcc/avr/5.4.0/avr5\libgcc.a(_tablejump2.o)
                0x000005d0                __tablejump2__
                0x000005dc                . = ALIGN (0x2)
 *(.fini9)
 .fini9         0x000005dc        0x0 c:/program files (x86)/atmel/studio/7.0/toolchain/avr8/avr8-gnu-toolchain/bin/../lib/gcc/avr/5.4.0/avr5\libgcc.a(_exit.o)
                0x000005dc                _exit
                0x000005dc                exit
 *(.fini9)
 *(.fini8)
 *(.fini8)
 *(.fini7)
 *(.fini7)
 *(.fini6)
 *(.fini6)
 *(.fini5)
 *(.fini5)
 *(.fini4)
 *(.fini4)
 *(.fini3)
 *(.fini3)
 *(.fini2)
 *(.fini2)
 *(.fini1)
 *(.fini1)
 *(.fini0)
 .fini0         0x000005dc        0x4 c:/program files (x86)/atmel/studio/7.0/toolchain/avr8/avr8-gnu-toolchain/bin/../lib/gcc/avr/5.4.0/avr5\libgcc.a(_exit.o)
 *(.fini0)
                0x000005e0                _etext = .

.data           0x00800100        0x0 load address 0x000005e0
                [!provide]                PROVIDE (__data_start, .)
 *(.data)
 *(.data*)
 *(.rodata)
 *(.rodata*)
 *(.gnu.linkonce.d*)
                0x00800100                . = ALIGN (0x2)
                0x00800100                _edata = .
                [!provide]                PROVIDE (__data_end, .)

.bss            0x00800100       0x1e
                0x00800100                PROVIDE (__bss_start, .)
 *(.bss)
 *(.bss*)
 .bss.outputchip
                0x00800100        0xa Sketch.o
                0x00800100                outputchip
 .bss.inputchip
                0x0080010a        0xa Sketch.o
                0x0080010a                inputchip
 .bss._ZN8SPIClass11initializedE
                0x00800114        0x1 src/libraries/SPI/SPI.o
                0x00800114                _ZN8SPIClass11initializedE
 .bss.timer0_fract
                0x00800115        0x1 C:\Users\renzo\DOCUME~1\GitHub\DRONE-~1\3DPRIN~1\MCP23S17\MCP23S~1.1\MCP23S~1.1\ARDUIN~1\Debug\libArduinoCore.a(wiring.o)
 .bss.timer0_millis
                0x00800116        0x4 C:\Users\renzo\DOCUME~1\GitHub\DRONE-~1\3DPRIN~1\MCP23S17\MCP23S~1.1\MCP23S~1.1\ARDUIN~1\Debug\libArduinoCore.a(wiring.o)
                0x00800116                timer0_millis
 .bss.timer0_overflow_count
                0x0080011a        0x4 C:\Users\renzo\DOCUME~1\GitHub\DRONE-~1\3DPRIN~1\MCP23S17\MCP23S~1.1\MCP23S~1.1\ARDUIN~1\Debug\libArduinoCore.a(wiring.o)
                0x0080011a                timer0_overflow_count
 *(COMMON)
                0x0080011e                PROVIDE (__bss_end, .)
                0x000005e0                __data_load_start = LOADADDR (.data)
                0x000005e0                __data_load_end = (__data_load_start + SIZEOF (.data))

.noinit         0x0080011e        0x0
                [!provide]                PROVIDE (__noinit_start, .)
 *(.noinit*)
                [!provide]                PROVIDE (__noinit_end, .)
                0x0080011e                _end = .
                [!provide]                PROVIDE (__heap_start, .)

.eeprom         0x00810000        0x0
 *(.eeprom*)
                0x00810000                __eeprom_end = .

.fuse
 *(.fuse)
 *(.lfuse)
 *(.hfuse)
 *(.efuse)

.lock
 *(.lock*)

.signature
 *(.signature*)

.user_signatures
 *(.user_signatures*)

.stab
 *(.stab)

.stabstr
 *(.stabstr)

.stab.excl
 *(.stab.excl)

.stab.exclstr
 *(.stab.exclstr)

.stab.index
 *(.stab.index)

.stab.indexstr
 *(.stab.indexstr)

.comment        0x00000000       0x30
 *(.comment)
 .comment       0x00000000       0x30 MCP23S17.o
                                 0x31 (size before relaxing)
 .comment       0x00000030       0x31 Sketch.o
 .comment       0x00000030       0x31 src/libraries/SPI/SPI.o
 .comment       0x00000030       0x31 C:\Users\renzo\DOCUME~1\GitHub\DRONE-~1\3DPRIN~1\MCP23S17\MCP23S~1.1\MCP23S~1.1\ARDUIN~1\Debug\libArduinoCore.a(main.o)
 .comment       0x00000030       0x31 C:\Users\renzo\DOCUME~1\GitHub\DRONE-~1\3DPRIN~1\MCP23S17\MCP23S~1.1\MCP23S~1.1\ARDUIN~1\Debug\libArduinoCore.a(wiring.o)
 .comment       0x00000030       0x31 C:\Users\renzo\DOCUME~1\GitHub\DRONE-~1\3DPRIN~1\MCP23S17\MCP23S~1.1\MCP23S~1.1\ARDUIN~1\Debug\libArduinoCore.a(wiring_digital.o)

.note.gnu.avr.deviceinfo
                0x00000000       0x40
 .note.gnu.avr.deviceinfo
                0x00000000       0x40 C:/Program Files (x86)/Atmel/Studio/7.0/Packs/atmel/ATmega_DFP/1.2.132/gcc/dev/atmega328p/avr5/crtatmega328p.o

.note.gnu.build-id
 *(.note.gnu.build-id)

.debug
 *(.debug)

.line
 *(.line)

.debug_srcinfo
 *(.debug_srcinfo)

.debug_sfnames
 *(.debug_sfnames)

.debug_aranges  0x00000000      0x1b0
 *(.debug_aranges)
 .debug_aranges
                0x00000000       0x98 MCP23S17.o
 .debug_aranges
                0x00000098       0x30 Sketch.o
 .debug_aranges
                0x000000c8       0x38 src/libraries/SPI/SPI.o
 .debug_aranges
                0x00000100       0x30 C:\Users\renzo\DOCUME~1\GitHub\DRONE-~1\3DPRIN~1\MCP23S17\MCP23S~1.1\MCP23S~1.1\ARDUIN~1\Debug\libArduinoCore.a(main.o)
 .debug_aranges
                0x00000130       0x48 C:\Users\renzo\DOCUME~1\GitHub\DRONE-~1\3DPRIN~1\MCP23S17\MCP23S~1.1\MCP23S~1.1\ARDUIN~1\Debug\libArduinoCore.a(wiring.o)
 .debug_aranges
                0x00000178       0x38 C:\Users\renzo\DOCUME~1\GitHub\DRONE-~1\3DPRIN~1\MCP23S17\MCP23S~1.1\MCP23S~1.1\ARDUIN~1\Debug\libArduinoCore.a(wiring_digital.o)

.debug_pubnames
 *(.debug_pubnames)

.debug_info     0x00000000     0x2a91
 *(.debug_info .gnu.linkonce.wi.*)
 .debug_info    0x00000000      0x5f4 C:/Program Files (x86)/Atmel/Studio/7.0/Packs/atmel/ATmega_DFP/1.2.132/gcc/dev/atmega328p/avr5/crtatmega328p.o
 .debug_info    0x000005f4      0xd5a MCP23S17.o
 .debug_info    0x0000134e      0x5e3 Sketch.o
 .debug_info    0x00001931      0x66b src/libraries/SPI/SPI.o
 .debug_info    0x00001f9c      0x237 C:\Users\renzo\DOCUME~1\GitHub\DRONE-~1\3DPRIN~1\MCP23S17\MCP23S~1.1\MCP23S~1.1\ARDUIN~1\Debug\libArduinoCore.a(main.o)
 .debug_info    0x000021d3      0x2c0 C:\Users\renzo\DOCUME~1\GitHub\DRONE-~1\3DPRIN~1\MCP23S17\MCP23S~1.1\MCP23S~1.1\ARDUIN~1\Debug\libArduinoCore.a(wiring.o)
 .debug_info    0x00002493      0x5fe C:\Users\renzo\DOCUME~1\GitHub\DRONE-~1\3DPRIN~1\MCP23S17\MCP23S~1.1\MCP23S~1.1\ARDUIN~1\Debug\libArduinoCore.a(wiring_digital.o)

.debug_abbrev   0x00000000     0x1104
 *(.debug_abbrev)
 .debug_abbrev  0x00000000      0x5a2 C:/Program Files (x86)/Atmel/Studio/7.0/Packs/atmel/ATmega_DFP/1.2.132/gcc/dev/atmega328p/avr5/crtatmega328p.o
 .debug_abbrev  0x000005a2      0x329 MCP23S17.o
 .debug_abbrev  0x000008cb      0x1e8 Sketch.o
 .debug_abbrev  0x00000ab3      0x283 src/libraries/SPI/SPI.o
 .debug_abbrev  0x00000d36      0x12d C:\Users\renzo\DOCUME~1\GitHub\DRONE-~1\3DPRIN~1\MCP23S17\MCP23S~1.1\MCP23S~1.1\ARDUIN~1\Debug\libArduinoCore.a(main.o)
 .debug_abbrev  0x00000e63      0x146 C:\Users\renzo\DOCUME~1\GitHub\DRONE-~1\3DPRIN~1\MCP23S17\MCP23S~1.1\MCP23S~1.1\ARDUIN~1\Debug\libArduinoCore.a(wiring.o)
 .debug_abbrev  0x00000fa9      0x15b C:\Users\renzo\DOCUME~1\GitHub\DRONE-~1\3DPRIN~1\MCP23S17\MCP23S~1.1\MCP23S~1.1\ARDUIN~1\Debug\libArduinoCore.a(wiring_digital.o)

.debug_line     0x00000000     0x10c5
 *(.debug_line .debug_line.* .debug_line_end)
 .debug_line    0x00000000      0x133 C:/Program Files (x86)/Atmel/Studio/7.0/Packs/atmel/ATmega_DFP/1.2.132/gcc/dev/atmega328p/avr5/crtatmega328p.o
 .debug_line    0x00000133      0x4d5 MCP23S17.o
 .debug_line    0x00000608      0x174 Sketch.o
 .debug_line    0x0000077c      0x303 src/libraries/SPI/SPI.o
 .debug_line    0x00000a7f      0x165 C:\Users\renzo\DOCUME~1\GitHub\DRONE-~1\3DPRIN~1\MCP23S17\MCP23S~1.1\MCP23S~1.1\ARDUIN~1\Debug\libArduinoCore.a(main.o)
 .debug_line    0x00000be4      0x28f C:\Users\renzo\DOCUME~1\GitHub\DRONE-~1\3DPRIN~1\MCP23S17\MCP23S~1.1\MCP23S~1.1\ARDUIN~1\Debug\libArduinoCore.a(wiring.o)
 .debug_line    0x00000e73      0x252 C:\Users\renzo\DOCUME~1\GitHub\DRONE-~1\3DPRIN~1\MCP23S17\MCP23S~1.1\MCP23S~1.1\ARDUIN~1\Debug\libArduinoCore.a(wiring_digital.o)

.debug_frame    0x00000000      0x3f8
 *(.debug_frame)
 .debug_frame   0x00000000      0x1cc MCP23S17.o
 .debug_frame   0x000001cc       0x44 Sketch.o
 .debug_frame   0x00000210       0x5c src/libraries/SPI/SPI.o
 .debug_frame   0x0000026c       0x54 C:\Users\renzo\DOCUME~1\GitHub\DRONE-~1\3DPRIN~1\MCP23S17\MCP23S~1.1\MCP23S~1.1\ARDUIN~1\Debug\libArduinoCore.a(main.o)
 .debug_frame   0x000002c0       0xbc C:\Users\renzo\DOCUME~1\GitHub\DRONE-~1\3DPRIN~1\MCP23S17\MCP23S~1.1\MCP23S~1.1\ARDUIN~1\Debug\libArduinoCore.a(wiring.o)
 .debug_frame   0x0000037c       0x7c C:\Users\renzo\DOCUME~1\GitHub\DRONE-~1\3DPRIN~1\MCP23S17\MCP23S~1.1\MCP23S~1.1\ARDUIN~1\Debug\libArduinoCore.a(wiring_digital.o)

.debug_str      0x00000000      0xdac
 *(.debug_str)
 .debug_str     0x00000000      0x208 C:/Program Files (x86)/Atmel/Studio/7.0/Packs/atmel/ATmega_DFP/1.2.132/gcc/dev/atmega328p/avr5/crtatmega328p.o
 .debug_str     0x00000208      0x777 MCP23S17.o
                                0x7cb (size before relaxing)
 .debug_str     0x0000097f       0x83 Sketch.o
                                0x4da (size before relaxing)
 .debug_str     0x00000a02      0x105 src/libraries/SPI/SPI.o
                                0x6da (size before relaxing)
 .debug_str     0x00000b07       0xd7 C:\Users\renzo\DOCUME~1\GitHub\DRONE-~1\3DPRIN~1\MCP23S17\MCP23S~1.1\MCP23S~1.1\ARDUIN~1\Debug\libArduinoCore.a(main.o)
                                0x2d7 (size before relaxing)
 .debug_str     0x00000bde      0x159 C:\Users\renzo\DOCUME~1\GitHub\DRONE-~1\3DPRIN~1\MCP23S17\MCP23S~1.1\MCP23S~1.1\ARDUIN~1\Debug\libArduinoCore.a(wiring.o)
                                0x264 (size before relaxing)
 .debug_str     0x00000d37       0x75 C:\Users\renzo\DOCUME~1\GitHub\DRONE-~1\3DPRIN~1\MCP23S17\MCP23S~1.1\MCP23S~1.1\ARDUIN~1\Debug\libArduinoCore.a(wiring_digital.o)
                                0x2d2 (size before relaxing)

.debug_loc      0x00000000     0x1456
 *(.debug_loc)
 .debug_loc     0x00000000      0xa05 MCP23S17.o
 .debug_loc     0x00000a05       0x28 Sketch.o
 .debug_loc     0x00000a2d      0x1e4 src/libraries/SPI/SPI.o
 .debug_loc     0x00000c11      0x249 C:\Users\renzo\DOCUME~1\GitHub\DRONE-~1\3DPRIN~1\MCP23S17\MCP23S~1.1\MCP23S~1.1\ARDUIN~1\Debug\libArduinoCore.a(wiring.o)
 .debug_loc     0x00000e5a      0x5fc C:\Users\renzo\DOCUME~1\GitHub\DRONE-~1\3DPRIN~1\MCP23S17\MCP23S~1.1\MCP23S~1.1\ARDUIN~1\Debug\libArduinoCore.a(wiring_digital.o)

.debug_macinfo
 *(.debug_macinfo)

.debug_weaknames
 *(.debug_weaknames)

.debug_funcnames
 *(.debug_funcnames)

.debug_typenames
 *(.debug_typenames)

.debug_varnames
 *(.debug_varnames)

.debug_pubtypes
 *(.debug_pubtypes)

.debug_ranges   0x00000000      0x150
 *(.debug_ranges)
 .debug_ranges  0x00000000       0x88 MCP23S17.o
 .debug_ranges  0x00000088       0x20 Sketch.o
 .debug_ranges  0x000000a8       0x28 src/libraries/SPI/SPI.o
 .debug_ranges  0x000000d0       0x20 C:\Users\renzo\DOCUME~1\GitHub\DRONE-~1\3DPRIN~1\MCP23S17\MCP23S~1.1\MCP23S~1.1\ARDUIN~1\Debug\libArduinoCore.a(main.o)
 .debug_ranges  0x000000f0       0x38 C:\Users\renzo\DOCUME~1\GitHub\DRONE-~1\3DPRIN~1\MCP23S17\MCP23S~1.1\MCP23S~1.1\ARDUIN~1\Debug\libArduinoCore.a(wiring.o)
 .debug_ranges  0x00000128       0x28 C:\Users\renzo\DOCUME~1\GitHub\DRONE-~1\3DPRIN~1\MCP23S17\MCP23S~1.1\MCP23S~1.1\ARDUIN~1\Debug\libArduinoCore.a(wiring_digital.o)

.debug_macro
 *(.debug_macro)
OUTPUT(mcp23s17_word_example.elf elf32-avr)
LOAD linker stubs
